Archive member included to satisfy reference by file (symbol)

/usr/lib/gcc/arm-none-eabi/12.2.1/thumb/v7e-m+fp/hard/libgcc.a(_arm_muldf3.o)
                              /sdcard/vaman/arm/codes/setup/blink/GCC_Project/output/ql_test_signals.o (__aeabi_dmul)
/usr/lib/gcc/arm-none-eabi/12.2.1/thumb/v7e-m+fp/hard/libgcc.a(_arm_addsubdf3.o)
                              /sdcard/vaman/arm/codes/setup/blink/GCC_Project/output/ql_test_signals.o (__aeabi_dadd)
/usr/lib/gcc/arm-none-eabi/12.2.1/thumb/v7e-m+fp/hard/libgcc.a(_arm_muldivdf3.o)
                              /sdcard/vaman/arm/codes/setup/blink/GCC_Project/output/eoss3_hal_i2c.o (__aeabi_ddiv)
/usr/lib/gcc/arm-none-eabi/12.2.1/thumb/v7e-m+fp/hard/libgcc.a(_arm_fixdfsi.o)
                              /sdcard/vaman/arm/codes/setup/blink/GCC_Project/output/ql_test_signals.o (__aeabi_d2iz)
/usr/lib/gcc/arm-none-eabi/12.2.1/thumb/v7e-m+fp/hard/libgcc.a(_arm_truncdfsf2.o)
                              /sdcard/vaman/arm/codes/setup/blink/GCC_Project/output/eoss3_hal_i2c.o (__aeabi_d2f)
/usr/lib/gcc/arm-none-eabi/12.2.1/thumb/v7e-m+fp/hard/libgcc.a(_aeabi_ldivmod.o)
                              /sdcard/vaman/arm/codes/setup/blink/GCC_Project/output/dbg_uart.o (__aeabi_ldivmod)
/usr/lib/gcc/arm-none-eabi/12.2.1/thumb/v7e-m+fp/hard/libgcc.a(_aeabi_uldivmod.o)
                              /sdcard/vaman/arm/codes/setup/blink/GCC_Project/output/s3x_lpm.o (__aeabi_uldivmod)
/usr/lib/gcc/arm-none-eabi/12.2.1/thumb/v7e-m+fp/hard/libgcc.a(_udivmoddi4.o)
                              /usr/lib/gcc/arm-none-eabi/12.2.1/thumb/v7e-m+fp/hard/libgcc.a(_aeabi_ldivmod.o) (__udivmoddi4)
/usr/lib/gcc/arm-none-eabi/12.2.1/thumb/v7e-m+fp/hard/libgcc.a(_dvmd_tls.o)
                              /usr/lib/gcc/arm-none-eabi/12.2.1/thumb/v7e-m+fp/hard/libgcc.a(_aeabi_ldivmod.o) (__aeabi_ldiv0)
/usr/lib/gcc/arm-none-eabi/12.2.1/../../../arm-none-eabi/lib/thumb/v7e-m+fp/hard/libg_nano.a(lib_a-atexit.o)
                              /usr/lib/gcc/arm-none-eabi/12.2.1/../../../arm-none-eabi/lib/thumb/v7e-m+fp/hard/crt0.o (atexit)
/usr/lib/gcc/arm-none-eabi/12.2.1/../../../arm-none-eabi/lib/thumb/v7e-m+fp/hard/libg_nano.a(lib_a-exit.o)
                              /usr/lib/gcc/arm-none-eabi/12.2.1/../../../arm-none-eabi/lib/thumb/v7e-m+fp/hard/crt0.o (exit)
/usr/lib/gcc/arm-none-eabi/12.2.1/../../../arm-none-eabi/lib/thumb/v7e-m+fp/hard/libg_nano.a(lib_a-fini.o)
                              /usr/lib/gcc/arm-none-eabi/12.2.1/../../../arm-none-eabi/lib/thumb/v7e-m+fp/hard/crt0.o (__libc_fini_array)
/usr/lib/gcc/arm-none-eabi/12.2.1/../../../arm-none-eabi/lib/thumb/v7e-m+fp/hard/libg_nano.a(lib_a-impure.o)
                              /usr/lib/gcc/arm-none-eabi/12.2.1/../../../arm-none-eabi/lib/thumb/v7e-m+fp/hard/libg_nano.a(lib_a-exit.o) (_global_impure_ptr)
/usr/lib/gcc/arm-none-eabi/12.2.1/../../../arm-none-eabi/lib/thumb/v7e-m+fp/hard/libg_nano.a(lib_a-init.o)
                              /usr/lib/gcc/arm-none-eabi/12.2.1/../../../arm-none-eabi/lib/thumb/v7e-m+fp/hard/crt0.o (__libc_init_array)
/usr/lib/gcc/arm-none-eabi/12.2.1/../../../arm-none-eabi/lib/thumb/v7e-m+fp/hard/libg_nano.a(lib_a-malloc.o)
                              /sdcard/vaman/arm/codes/setup/blink/GCC_Project/output/circularBuffQueue.o (malloc)
/usr/lib/gcc/arm-none-eabi/12.2.1/../../../arm-none-eabi/lib/thumb/v7e-m+fp/hard/libg_nano.a(lib_a-memcpy.o)
                              /sdcard/vaman/arm/codes/setup/blink/GCC_Project/output/cli_args.o (memcpy)
/usr/lib/gcc/arm-none-eabi/12.2.1/../../../arm-none-eabi/lib/thumb/v7e-m+fp/hard/libg_nano.a(lib_a-memmove.o)
                              /sdcard/vaman/arm/codes/setup/blink/GCC_Project/output/cli_io.o (memmove)
/usr/lib/gcc/arm-none-eabi/12.2.1/../../../arm-none-eabi/lib/thumb/v7e-m+fp/hard/libg_nano.a(lib_a-memset.o)
                              /usr/lib/gcc/arm-none-eabi/12.2.1/../../../arm-none-eabi/lib/thumb/v7e-m+fp/hard/crt0.o (memset)
/usr/lib/gcc/arm-none-eabi/12.2.1/../../../arm-none-eabi/lib/thumb/v7e-m+fp/hard/libg_nano.a(lib_a-nano-freer.o)
                              /usr/lib/gcc/arm-none-eabi/12.2.1/../../../arm-none-eabi/lib/thumb/v7e-m+fp/hard/libg_nano.a(lib_a-malloc.o) (_free_r)
/usr/lib/gcc/arm-none-eabi/12.2.1/../../../arm-none-eabi/lib/thumb/v7e-m+fp/hard/libg_nano.a(lib_a-nano-mallocr.o)
                              /usr/lib/gcc/arm-none-eabi/12.2.1/../../../arm-none-eabi/lib/thumb/v7e-m+fp/hard/libg_nano.a(lib_a-malloc.o) (_malloc_r)
/usr/lib/gcc/arm-none-eabi/12.2.1/../../../arm-none-eabi/lib/thumb/v7e-m+fp/hard/libg_nano.a(lib_a-printf.o)
                              /sdcard/vaman/arm/codes/setup/blink/GCC_Project/output/circularBuffQueue.o (printf)
/usr/lib/gcc/arm-none-eabi/12.2.1/../../../arm-none-eabi/lib/thumb/v7e-m+fp/hard/libg_nano.a(lib_a-puts.o)
                              /sdcard/vaman/arm/codes/setup/blink/GCC_Project/output/eoss3_hal_i2s_slave_assp.o (puts)
[...]
Memory Configuration

Name             Origin             Length             Attributes
rom              0x00000000         0x00027000         xr
ram              0x20027000         0x0003c800         xrw
spiram           0x20063800         0x00000800         rw
HWA              0x20064000         0x00018000         rw
shm              0x2007c000         0x00004000
*default*        0x00000000         0xffffffff

Linker script and memory map

LOAD /usr/lib/gcc/arm-none-eabi/12.2.1/thumb/v7e-m+fp/hard/crti.o
LOAD /usr/lib/gcc/arm-none-eabi/12.2.1/thumb/v7e-m+fp/hard/crtbegin.o
LOAD /usr/lib/gcc/arm-none-eabi/12.2.1/../../../arm-none-eabi/lib/thumb/v7e-m+fp/hard/crt0.o
LOAD /sdcard/vaman/arm/codes/setup/blink/GCC_Project/output/c_lib_retarget.o
LOAD /sdcard/vaman/arm/codes/setup/blink/GCC_Project/output/circularBuffQueue.o
LOAD /sdcard/vaman/arm/codes/setup/blink/GCC_Project/output/cli_args.o
LOAD /sdcard/vaman/arm/codes/setup/blink/GCC_Project/output/cli_hexdump.o
LOAD /sdcard/vaman/arm/codes/setup/blink/GCC_Project/output/cli_io.o
LOAD /sdcard/vaman/arm/codes/setup/blink/GCC_Project/output/cli_loop.o
LOAD /sdcard/vaman/arm/codes/setup/blink/GCC_Project/output/cli_misc.o
LOAD /sdcard/vaman/arm/codes/setup/blink/GCC_Project/output/cli_platform.o
LOAD /sdcard/vaman/arm/codes/setup/blink/GCC_Project/output/cli_stdcmds.o
LOAD /sdcard/vaman/arm/codes/setup/blink/GCC_Project/output/crc16.o
LOAD /sdcard/vaman/arm/codes/setup/blink/GCC_Project/output/crc32.o
LOAD /sdcard/vaman/arm/codes/setup/blink/GCC_Project/output/croutine.o
LOAD /sdcard/vaman/arm/codes/setup/blink/GCC_Project/output/dbg_bufferedprinttask.o
LOAD /sdcard/vaman/arm/codes/setup/blink/GCC_Project/output/dbg_queue_monitor.o
LOAD /sdcard/vaman/arm/codes/setup/blink/GCC_Project/output/dbg_uart.o
LOAD /sdcard/vaman/arm/codes/setup/blink/GCC_Project/output/dbgtrace.o
LOAD /sdcard/vaman/arm/codes/setup/blink/GCC_Project/output/eoss3_hal_adc.o
LOAD /sdcard/vaman/arm/codes/setup/blink/GCC_Project/output/eoss3_hal_gpio.o
LOAD /sdcard/vaman/arm/codes/setup/blink/GCC_Project/output/eoss3_hal_i2c.o
LOAD /sdcard/vaman/arm/codes/setup/blink/GCC_Project/output/eoss3_hal_i2s.o
LOAD /sdcard/vaman/arm/codes/setup/blink/GCC_Project/output/eoss3_hal_i2s_slave_assp.o
LOAD /sdcard/vaman/arm/codes/setup/blink/GCC_Project/output/eoss3_hal_pad_config.o
LOAD /sdcard/vaman/arm/codes/setup/blink/GCC_Project/output/eoss3_hal_pkfb.o
LOAD /sdcard/vaman/arm/codes/setup/blink/GCC_Project/output/eoss3_hal_rtc.o
LOAD /sdcard/vaman/arm/codes/setup/blink/GCC_Project/output/eoss3_hal_sdma.o
LOAD /sdcard/vaman/arm/codes/setup/blink/GCC_Project/output/eoss3_hal_spi.o
LOAD /sdcard/vaman/arm/codes/setup/blink/GCC_Project/output/eoss3_hal_timer.o
LOAD /sdcard/vaman/arm/codes/setup/blink/GCC_Project/output/eoss3_hal_uart.o
LOAD /sdcard/vaman/arm/codes/setup/blink/GCC_Project/output/eoss3_hal_wb.o
LOAD /sdcard/vaman/arm/codes/setup/blink/GCC_Project/output/eoss3_hal_wdt.o
LOAD /sdcard/vaman/arm/codes/setup/blink/GCC_Project/output/event_groups.o
LOAD /sdcard/vaman/arm/codes/setup/blink/GCC_Project/output/exceptions.o
LOAD /sdcard/vaman/arm/codes/setup/blink/GCC_Project/output/freertos_static_memory.o
LOAD /sdcard/vaman/arm/codes/setup/blink/GCC_Project/output/heap_4.o
LOAD /sdcard/vaman/arm/codes/setup/blink/GCC_Project/output/hearable_pwrcfg.o
LOAD /sdcard/vaman/arm/codes/setup/blink/GCC_Project/output/leds.o
LOAD /sdcard/vaman/arm/codes/setup/blink/GCC_Project/output/list.o
LOAD /sdcard/vaman/arm/codes/setup/blink/GCC_Project/output/main.o
LOAD /sdcard/vaman/arm/codes/setup/blink/GCC_Project/output/main_dbg_cli_menu.o
LOAD /sdcard/vaman/arm/codes/setup/blink/GCC_Project/output/pincfg_table.o
LOAD /sdcard/vaman/arm/codes/setup/blink/GCC_Project/output/port.o
LOAD /sdcard/vaman/arm/codes/setup/blink/GCC_Project/output/qf_baremetalsetup.o
LOAD /sdcard/vaman/arm/codes/setup/blink/GCC_Project/output/qf_hardwaresetup.o
LOAD /sdcard/vaman/arm/codes/setup/blink/GCC_Project/output/ql_base64.o
LOAD /sdcard/vaman/arm/codes/setup/blink/GCC_Project/output/ql_stackwatermark.o
LOAD /sdcard/vaman/arm/codes/setup/blink/GCC_Project/output/ql_test_signals.o
LOAD /sdcard/vaman/arm/codes/setup/blink/GCC_Project/output/ql_time.o
LOAD /sdcard/vaman/arm/codes/setup/blink/GCC_Project/output/queue.o
LOAD /sdcard/vaman/arm/codes/setup/blink/GCC_Project/output/s3x_clock.o
LOAD /sdcard/vaman/arm/codes/setup/blink/GCC_Project/output/s3x_clock_hal.o
LOAD /sdcard/vaman/arm/codes/setup/blink/GCC_Project/output/s3x_cpuload.o
LOAD /sdcard/vaman/arm/codes/setup/blink/GCC_Project/output/s3x_dfs.o
LOAD /sdcard/vaman/arm/codes/setup/blink/GCC_Project/output/s3x_lpm.o
LOAD /sdcard/vaman/arm/codes/setup/blink/GCC_Project/output/s3x_pi.o
LOAD /sdcard/vaman/arm/codes/setup/blink/GCC_Project/output/s3x_pwrcfg.o
LOAD /sdcard/vaman/arm/codes/setup/blink/GCC_Project/output/s3x_qos.o
LOAD /sdcard/vaman/arm/codes/setup/blink/GCC_Project/output/sec_debug.o
LOAD /sdcard/vaman/arm/codes/setup/blink/GCC_Project/output/spi_flash.o
LOAD /sdcard/vaman/arm/codes/setup/blink/GCC_Project/output/startup_EOSS3B_GCC.o
LOAD /sdcard/vaman/arm/codes/setup/blink/GCC_Project/output/stream_buffer.o
LOAD /sdcard/vaman/arm/codes/setup/blink/GCC_Project/output/tasks.o
LOAD /sdcard/vaman/arm/codes/setup/blink/GCC_Project/output/timers.o
LOAD /sdcard/vaman/arm/codes/setup/blink/GCC_Project/output/vectors_CM4F_gcc.o
LOAD /sdcard/vaman/arm/codes/setup/blink/GCC_Project/output/watchdog.o
LOAD /usr/lib/gcc/arm-none-eabi/12.2.1/../../../arm-none-eabi/lib/thumb/v7e-m+fp/hard/libm.a
LOAD /root/pygmy-dev/pygmy-sdk/Libraries/CMSIS/lib/GCC/libarm_cortexM4lf_math.a
START GROUP
LOAD /usr/lib/gcc/arm-none-eabi/12.2.1/thumb/v7e-m+fp/hard/libgcc.a
LOAD /usr/lib/gcc/arm-none-eabi/12.2.1/../../../arm-none-eabi/lib/thumb/v7e-m+fp/hard/libg_nano.a
LOAD /usr/lib/gcc/arm-none-eabi/12.2.1/../../../arm-none-eabi/lib/thumb/v7e-m+fp/hard/libc_nano.a
END GROUP
START GROUP
LOAD /usr/lib/gcc/arm-none-eabi/12.2.1/thumb/v7e-m+fp/hard/libgcc.a
LOAD /usr/lib/gcc/arm-none-eabi/12.2.1/../../../arm-none-eabi/lib/thumb/v7e-m+fp/hard/libc_nano.a
LOAD /usr/lib/gcc/arm-none-eabi/12.2.1/../../../arm-none-eabi/lib/thumb/v7e-m+fp/hard/libnosys.a
END GROUP
START GROUP
LOAD /usr/lib/gcc/arm-none-eabi/12.2.1/thumb/v7e-m+fp/hard/libgcc.a
LOAD /usr/lib/gcc/arm-none-eabi/12.2.1/../../../arm-none-eabi/lib/thumb/v7e-m+fp/hard/libc_nano.a
LOAD /usr/lib/gcc/arm-none-eabi/12.2.1/../../../arm-none-eabi/lib/thumb/v7e-m+fp/hard/libnosys.a
END GROUP
LOAD /usr/lib/gcc/arm-none-eabi/12.2.1/thumb/v7e-m+fp/hard/crtend.o
LOAD /usr/lib/gcc/arm-none-eabi/12.2.1/thumb/v7e-m+fp/hard/crtn.o

.text           0x00000000     0x98a9
 *(.isr_vector)
 .isr_vector    0x00000000      0x124 /sdcard/vaman/arm/codes/setup/blink/GCC_Project/output/vectors_CM4F_gcc.o
                0x00000000                __Vectors
 *(.text*)
 .text          0x00000124       0x88 /usr/lib/gcc/arm-none-eabi/12.2.1/thumb/v7e-m+fp/hard/crtbegin.o
 .text          0x000001ac       0x70 /usr/lib/gcc/arm-none-eabi/12.2.1/../../../arm-none-eabi/lib/thumb/v7e-m+fp/hard/crt0.o
                0x000001ac                _stack_init
                0x000001b4                _mainCRTStartup
                0x000001b4                _start
 .text._write   0x0000021c        0xe /sdcard/vaman/arm/codes/setup/blink/GCC_Project/output/c_lib_retarget.o
                0x0000021c                _write
 .text._close   0x0000022a        0x6 /sdcard/vaman/arm/codes/setup/blink/GCC_Project/output/c_lib_retarget.o
                0x0000022a                _close
 .text._lseek   0x00000230        0x4 /sdcard/vaman/arm/codes/setup/blink/GCC_Project/output/c_lib_retarget.o
                0x00000230                _lseek
 .text._read    0x00000234        0x4 /sdcard/vaman/arm/codes/setup/blink/GCC_Project/output/c_lib_retarget.o
                0x00000234                _read
 .text.do_str_fetch
                0x00000238       0x3c /sdcard/vaman/arm/codes/setup/blink/GCC_Project/output/cli_args.o
 .text.CLI_string_ptr_get_subcmd
                0x00000274       0x20 /sdcard/vaman/arm/codes/setup/blink/GCC_Project/output/cli_args.o
                0x00000274                CLI_string_ptr_get_subcmd
 .text.CLI_numX_getshow_X
                0x00000294      0x208 /sdcard/vaman/arm/codes/setup/blink/GCC_Project/output/cli_args.o
                0x00000294                CLI_numX_getshow_X
 .text.CLI_uint8_getshow
                0x0000049c        0x8 /sdcard/vaman/arm/codes/setup/blink/GCC_Project/output/cli_args.o
                0x0000049c                CLI_uint8_getshow
 .text.append_key
                0x000004a4       0x30 /sdcard/vaman/arm/codes/setup/blink/GCC_Project/output/cli_io.o
 .text.get_key_ignore_null
                0x000004d4       0x18 /sdcard/vaman/arm/codes/setup/blink/GCC_Project/output/cli_io.o
 .text.CLI_getkey_peek
                0x000004ec      0x120 /sdcard/vaman/arm/codes/setup/blink/GCC_Project/output/cli_io.o
                0x000004ec                CLI_getkey_peek
 .text.CLI_getkey
                0x0000060c       0x30 /sdcard/vaman/arm/codes/setup/blink/GCC_Project/output/cli_io.o
                0x0000060c                CLI_getkey
 .text.CLI_col0_timestamp
                0x0000063c       0x78 /sdcard/vaman/arm/codes/setup/blink/GCC_Project/output/cli_io.o
                0x0000063c                CLI_col0_timestamp
 .text.CLI_putc
                0x000006b4       0x4c /sdcard/vaman/arm/codes/setup/blink/GCC_Project/output/cli_io.o
                0x000006b4                CLI_putc
 .text.CLI_puts_no_nl
                0x00000700       0x12 /sdcard/vaman/arm/codes/setup/blink/GCC_Project/output/cli_io.o
                0x00000700                CLI_puts_no_nl
 *fill*         0x00000712        0x2 
 .text.CLI_vprintf
                0x00000714       0x24 /sdcard/vaman/arm/codes/setup/blink/GCC_Project/output/cli_io.o
                0x00000714                CLI_vprintf
 .text.CLI_printf
                0x00000738       0x1a /sdcard/vaman/arm/codes/setup/blink/GCC_Project/output/cli_io.o
                0x00000738                CLI_printf
 *fill*         0x00000752        0x2 
 .text.handle_help
                0x00000754       0xc4 /sdcard/vaman/arm/codes/setup/blink/GCC_Project/output/cli_loop.o
 .text.CLI_cmd_stack_replace
                0x00000818       0x10 /sdcard/vaman/arm/codes/setup/blink/GCC_Project/output/cli_loop.o
                0x00000818                CLI_cmd_stack_replace
 .text.CLI_cmd_stack_push
                0x00000828       0x30 /sdcard/vaman/arm/codes/setup/blink/GCC_Project/output/cli_loop.o
                0x00000828                CLI_cmd_stack_push
 .text.CLI_cmd_stack_clear
                0x00000858       0x24 /sdcard/vaman/arm/codes/setup/blink/GCC_Project/output/cli_loop.o
                0x00000858                CLI_cmd_stack_clear
 .text.CLI_cmd_stack_pop
                0x0000087c       0x40 /sdcard/vaman/arm/codes/setup/blink/GCC_Project/output/cli_loop.o
                0x0000087c                CLI_cmd_stack_pop
 .text.handle_exit
                0x000008bc       0x1c /sdcard/vaman/arm/codes/setup/blink/GCC_Project/output/cli_loop.o
 .text.CLI_init
                0x000008d8       0x24 /sdcard/vaman/arm/codes/setup/blink/GCC_Project/output/cli_loop.o
                0x000008d8                CLI_init
 .text.CLI_print_prompt
                0x000008fc       0x44 /sdcard/vaman/arm/codes/setup/blink/GCC_Project/output/cli_loop.o
                0x000008fc                CLI_print_prompt
 .text.CLI_dispatch_subcmd
                0x00000940       0x8c /sdcard/vaman/arm/codes/setup/blink/GCC_Project/output/cli_loop.o
                0x00000940                CLI_dispatch_subcmd
 .text.CLI_dispatch
                0x000009cc       0xc0 /sdcard/vaman/arm/codes/setup/blink/GCC_Project/output/cli_loop.o
 .text.CLI_submenu_handler
                0x00000a8c       0x30 /sdcard/vaman/arm/codes/setup/blink/GCC_Project/output/cli_loop.o
                0x00000a8c                CLI_submenu_handler
 .text.CLI_verror
                0x00000abc       0x40 /sdcard/vaman/arm/codes/setup/blink/GCC_Project/output/cli_loop.o
                0x00000abc                CLI_verror
 .text.CLI_rx_byte
                0x00000afc      0x108 /sdcard/vaman/arm/codes/setup/blink/GCC_Project/output/cli_loop.o
                0x00000afc                CLI_rx_byte
 .text.CLI_is_more_args
                0x00000c04       0x14 /sdcard/vaman/arm/codes/setup/blink/GCC_Project/output/cli_misc.o
                0x00000c04                CLI_is_more_args
 .text.CLI_error
                0x00000c18       0x1a /sdcard/vaman/arm/codes/setup/blink/GCC_Project/output/cli_misc.o
                0x00000c18                CLI_error
 *fill*         0x00000c32        0x2 
 .text.CLI_error_missing_parameter
                0x00000c34        0xc /sdcard/vaman/arm/codes/setup/blink/GCC_Project/output/cli_misc.o
                0x00000c34                CLI_error_missing_parameter
 .text.CLI_error_not_a_number
                0x00000c40       0x10 /sdcard/vaman/arm/codes/setup/blink/GCC_Project/output/cli_misc.o
                0x00000c40                CLI_error_not_a_number
 .text.CLI_task
                0x00000c50       0x54 /sdcard/vaman/arm/codes/setup/blink/GCC_Project/output/cli_platform.o
                0x00000c50                CLI_task
 .text.CLI_time_now
                0x00000ca4        0x4 /sdcard/vaman/arm/codes/setup/blink/GCC_Project/output/cli_platform.o
                0x00000ca4                CLI_time_now
 .text.CLI_beep
                0x00000ca8        0x6 /sdcard/vaman/arm/codes/setup/blink/GCC_Project/output/cli_platform.o
                0x00000ca8                CLI_beep
 .text.CLI_timeout_expired
                0x00000cae       0x22 /sdcard/vaman/arm/codes/setup/blink/GCC_Project/output/cli_platform.o
                0x00000cae                CLI_timeout_expired
 .text.CLI_putc_raw
                0x00000cd0        0x8 /sdcard/vaman/arm/codes/setup/blink/GCC_Project/output/cli_platform.o
                0x00000cd0                CLI_putc_raw
 .text.CLI_getkey_raw
                0x00000cd8       0x3c /sdcard/vaman/arm/codes/setup/blink/GCC_Project/output/cli_platform.o
                0x00000cd8                CLI_getkey_raw
 .text.CLI_start_task
                0x00000d14       0x58 /sdcard/vaman/arm/codes/setup/blink/GCC_Project/output/cli_platform.o
                0x00000d14                CLI_start_task
 .text.__debug_lockup
                0x00000d6c       0x14 /sdcard/vaman/arm/codes/setup/blink/GCC_Project/output/dbg_uart.o
 .text._semihost_write
                0x00000d80       0x50 /sdcard/vaman/arm/codes/setup/blink/GCC_Project/output/dbg_uart.o
                0x00000d80                _semihost_write
 .text.dbg_ch_raw
                0x00000dd0       0x78 /sdcard/vaman/arm/codes/setup/blink/GCC_Project/output/dbg_uart.o
                0x00000dd0                dbg_ch_raw
 .text.dbg_nl   0x00000e48       0x12 /sdcard/vaman/arm/codes/setup/blink/GCC_Project/output/dbg_uart.o
                0x00000e48                dbg_nl
 .text.dbg_ch   0x00000e5a        0xc /sdcard/vaman/arm/codes/setup/blink/GCC_Project/output/dbg_uart.o
                0x00000e5a                dbg_ch
 .text.dbg_hex4
                0x00000e66       0x14 /sdcard/vaman/arm/codes/setup/blink/GCC_Project/output/dbg_uart.o
 .text.dbg_hex8
                0x00000e7a       0x14 /sdcard/vaman/arm/codes/setup/blink/GCC_Project/output/dbg_uart.o
                0x00000e7a                dbg_hex8
 .text.dbg_hex16
                0x00000e8e       0x14 /sdcard/vaman/arm/codes/setup/blink/GCC_Project/output/dbg_uart.o
                0x00000e8e                dbg_hex16
 .text.dbg_hex32
                0x00000ea2       0x14 /sdcard/vaman/arm/codes/setup/blink/GCC_Project/output/dbg_uart.o
                0x00000ea2                dbg_hex32
 .text._dbg_int
                0x00000eb6       0x20 /sdcard/vaman/arm/codes/setup/blink/GCC_Project/output/dbg_uart.o
 .text.dbg_memdumpx
                0x00000ed6       0xfc /sdcard/vaman/arm/codes/setup/blink/GCC_Project/output/dbg_uart.o
 *fill*         0x00000fd2        0x2 
 .text.dbg_str  0x00000fd4       0x7c /sdcard/vaman/arm/codes/setup/blink/GCC_Project/output/dbg_uart.o
                0x00000fd4                dbg_str
 .text._dbg_str_xxx
                0x00001050       0x16 /sdcard/vaman/arm/codes/setup/blink/GCC_Project/output/dbg_uart.o
 .text.dbg_str_hexXX
                0x00001066       0x22 /sdcard/vaman/arm/codes/setup/blink/GCC_Project/output/dbg_uart.o
 .text.dbg_int  0x00001088       0x24 /sdcard/vaman/arm/codes/setup/blink/GCC_Project/output/dbg_uart.o
                0x00001088                dbg_int
 .text.dbg_str_str
                0x000010ac       0x16 /sdcard/vaman/arm/codes/setup/blink/GCC_Project/output/dbg_uart.o
                0x000010ac                dbg_str_str
 .text.dbg_str_int
                0x000010c2       0x16 /sdcard/vaman/arm/codes/setup/blink/GCC_Project/output/dbg_uart.o
                0x000010c2                dbg_str_int
 .text.dbg_str_int_noln
                0x000010d8       0x12 /sdcard/vaman/arm/codes/setup/blink/GCC_Project/output/dbg_uart.o
                0x000010d8                dbg_str_int_noln
 *fill*         0x000010ea        0x2 
 .text.dbg_str_hex32
                0x000010ec        0xc /sdcard/vaman/arm/codes/setup/blink/GCC_Project/output/dbg_uart.o
                0x000010ec                dbg_str_hex32
 .text.dbg_fatal_error
                0x000010f8       0x12 /sdcard/vaman/arm/codes/setup/blink/GCC_Project/output/dbg_uart.o
                0x000010f8                dbg_fatal_error
 .text.dbg_fatal_error_int
                0x0000110a        0xe /sdcard/vaman/arm/codes/setup/blink/GCC_Project/output/dbg_uart.o
                0x0000110a                dbg_fatal_error_int
 .text.dbg_memdump32
                0x00001118       0x1e /sdcard/vaman/arm/codes/setup/blink/GCC_Project/output/dbg_uart.o
                0x00001118                dbg_memdump32
 *fill*         0x00001136        0x2 
 .text.HAL_GPIO_Write
                0x00001138       0x2c /sdcard/vaman/arm/codes/setup/blink/GCC_Project/output/eoss3_hal_gpio.o
                0x00001138                HAL_GPIO_Write
 .text.HAL_PAD_Config
                0x00001164      0x184 /sdcard/vaman/arm/codes/setup/blink/GCC_Project/output/eoss3_hal_pad_config.o
                0x00001164                HAL_PAD_Config
 .text.configure_s3_pads
                0x000012e8       0x1a /sdcard/vaman/arm/codes/setup/blink/GCC_Project/output/eoss3_hal_pad_config.o
                0x000012e8                configure_s3_pads
 *fill*         0x00001302        0x2 
 .text.eoss3_rtc_enable_irq
                0x00001304       0x28 /sdcard/vaman/arm/codes/setup/blink/GCC_Project/output/eoss3_hal_rtc.o
 .text.write_rtc_reg
                0x0000132c       0x18 /sdcard/vaman/arm/codes/setup/blink/GCC_Project/output/eoss3_hal_rtc.o
 .text.__rtc_setup_alarm.constprop.0
                0x00001344       0x44 /sdcard/vaman/arm/codes/setup/blink/GCC_Project/output/eoss3_hal_rtc.o
 .text.HAL_RTC_ISR
                0x00001388       0x24 /sdcard/vaman/arm/codes/setup/blink/GCC_Project/output/eoss3_hal_rtc.o
                0x00001388                HAL_RTC_ISR
 .text.unlock_spi1_bus
                0x000013ac       0x5c /sdcard/vaman/arm/codes/setup/blink/GCC_Project/output/eoss3_hal_spi.o
                0x000013ac                unlock_spi1_bus
 .text.SPI_DMA_Complete
                0x00001408       0x88 /sdcard/vaman/arm/codes/setup/blink/GCC_Project/output/eoss3_hal_spi.o
                0x00001408                SPI_DMA_Complete
 .text.HAL_SPI_IRQHandler
                0x00001490       0x6c /sdcard/vaman/arm/codes/setup/blink/GCC_Project/output/eoss3_hal_spi.o
                0x00001490                HAL_SPI_IRQHandler
 .text.HAL_Delay_Init
                0x000014fc       0x58 /sdcard/vaman/arm/codes/setup/blink/GCC_Project/output/eoss3_hal_timer.o
                0x000014fc                HAL_Delay_Init
 .text.HAL_Timer_ISR
                0x00001554       0x88 /sdcard/vaman/arm/codes/setup/blink/GCC_Project/output/eoss3_hal_timer.o
                0x00001554                HAL_Timer_ISR
 .text.uart_baud_rate
                0x000015dc       0x60 /sdcard/vaman/arm/codes/setup/blink/GCC_Project/output/eoss3_hal_uart.o
 .text.is_hw_uart_enabled
                0x0000163c       0x1c /sdcard/vaman/arm/codes/setup/blink/GCC_Project/output/eoss3_hal_uart.o
 .text.uart_disable
                0x00001658       0x1c /sdcard/vaman/arm/codes/setup/blink/GCC_Project/output/eoss3_hal_uart.o
 .text.uart_lpm_callback
                0x00001674       0x70 /sdcard/vaman/arm/codes/setup/blink/GCC_Project/output/eoss3_hal_uart.o
 .text.uart_init
                0x000016e4      0x16c /sdcard/vaman/arm/codes/setup/blink/GCC_Project/output/eoss3_hal_uart.o
                0x000016e4                uart_init
 .text.uart_isr_handler
                0x00001850       0x84 /sdcard/vaman/arm/codes/setup/blink/GCC_Project/output/eoss3_hal_uart.o
                0x00001850                uart_isr_handler
 .text.uart_tx_raw
                0x000018d4       0x40 /sdcard/vaman/arm/codes/setup/blink/GCC_Project/output/eoss3_hal_uart.o
                0x000018d4                uart_tx_raw
 .text.uart_tx  0x00001914       0x1c /sdcard/vaman/arm/codes/setup/blink/GCC_Project/output/eoss3_hal_uart.o
                0x00001914                uart_tx
 .text.uart_tx_buf
                0x00001930       0x1a /sdcard/vaman/arm/codes/setup/blink/GCC_Project/output/eoss3_hal_uart.o
                0x00001930                uart_tx_buf
 *fill*         0x0000194a        0x2 
 .text.uart_rx_wait
                0x0000194c       0x34 /sdcard/vaman/arm/codes/setup/blink/GCC_Project/output/eoss3_hal_uart.o
                0x0000194c                uart_rx_wait
 .text.uart_rx_available
                0x00001980       0x34 /sdcard/vaman/arm/codes/setup/blink/GCC_Project/output/eoss3_hal_uart.o
                0x00001980                uart_rx_available
 .text.uart_rx  0x000019b4       0x60 /sdcard/vaman/arm/codes/setup/blink/GCC_Project/output/eoss3_hal_uart.o
                0x000019b4                uart_rx
 .text.WDT_ISR  0x00001a14       0x8c /sdcard/vaman/arm/codes/setup/blink/GCC_Project/output/eoss3_hal_wdt.o
                0x00001a14                WDT_ISR
 .text.spurious_interrupt
                0x00001aa0        0xc /sdcard/vaman/arm/codes/setup/blink/GCC_Project/output/exceptions.o
 .text.prvGetRegistersFromStack
                0x00001aac       0xf0 /sdcard/vaman/arm/codes/setup/blink/GCC_Project/output/exceptions.o
                0x00001aac                prvGetRegistersFromStack
 .text.HardFault_Handler
                0x00001b9c       0x16 /sdcard/vaman/arm/codes/setup/blink/GCC_Project/output/exceptions.o
                0x00001b9c                HardFault_Handler
 .text.NMI_Handler
                0x00001bb2        0x6 /sdcard/vaman/arm/codes/setup/blink/GCC_Project/output/exceptions.o
                0x00001bb2                NMI_Handler
 .text.MemManage_Handler
                0x00001bb8        0x6 /sdcard/vaman/arm/codes/setup/blink/GCC_Project/output/exceptions.o
                0x00001bb8                MemManage_Handler
 .text.BusFault_Handler
                0x00001bbe        0x6 /sdcard/vaman/arm/codes/setup/blink/GCC_Project/output/exceptions.o
                0x00001bbe                BusFault_Handler
 .text.UsageFault_Handler
                0x00001bc4        0x6 /sdcard/vaman/arm/codes/setup/blink/GCC_Project/output/exceptions.o
                0x00001bc4                UsageFault_Handler
 .text.DebugMon_Handler
                0x00001bca        0x6 /sdcard/vaman/arm/codes/setup/blink/GCC_Project/output/exceptions.o
                0x00001bca                DebugMon_Handler
 .text.Uart_Handler
                0x00001bd0       0x50 /sdcard/vaman/arm/codes/setup/blink/GCC_Project/output/exceptions.o
                0x00001bd0                Uart_Handler
 .text.Timer_Handler
                0x00001c20       0x24 /sdcard/vaman/arm/codes/setup/blink/GCC_Project/output/exceptions.o
                0x00001c20                Timer_Handler
 .text.CpuWdtInt_Handler
                0x00001c44       0x24 /sdcard/vaman/arm/codes/setup/blink/GCC_Project/output/exceptions.o
                0x00001c44                CpuWdtInt_Handler
 .text.CpuWdtRst_Handler
                0x00001c68        0x6 /sdcard/vaman/arm/codes/setup/blink/GCC_Project/output/exceptions.o
                0x00001c68                CpuWdtRst_Handler
 .text.BusTimeout_Handler
                0x00001c6e        0x6 /sdcard/vaman/arm/codes/setup/blink/GCC_Project/output/exceptions.o
                0x00001c6e                BusTimeout_Handler
 .text.Fpu_Handler
                0x00001c74        0x6 /sdcard/vaman/arm/codes/setup/blink/GCC_Project/output/exceptions.o
                0x00001c74                Fpu_Handler
 *fill*         0x00001c7a        0x2 
 .text.Pkfb_Handler
                0x00001c7c       0x10 /sdcard/vaman/arm/codes/setup/blink/GCC_Project/output/exceptions.o
                0x00001c7c                Pkfb_Handler
 .text.I2s_Handler
                0x00001c8c        0x6 /sdcard/vaman/arm/codes/setup/blink/GCC_Project/output/exceptions.o
                0x00001c8c                I2s_Handler
 .text.Audio_Handler
                0x00001c92        0x6 /sdcard/vaman/arm/codes/setup/blink/GCC_Project/output/exceptions.o
                0x00001c92                Audio_Handler
 .text.SpiMs_Handler
                0x00001c98       0x5c /sdcard/vaman/arm/codes/setup/blink/GCC_Project/output/exceptions.o
                0x00001c98                SpiMs_Handler
 .text.CfgDma_Handler
                0x00001cf4       0x28 /sdcard/vaman/arm/codes/setup/blink/GCC_Project/output/exceptions.o
                0x00001cf4                CfgDma_Handler
 .text.PmuTimer_Handler
                0x00001d1c        0x2 /sdcard/vaman/arm/codes/setup/blink/GCC_Project/output/exceptions.o
                0x00001d1c                PmuTimer_Handler
 .text.AdcDone_Handler
                0x00001d1e        0x8 /sdcard/vaman/arm/codes/setup/blink/GCC_Project/output/exceptions.o
                0x00001d1e                AdcDone_Handler
 *fill*         0x00001d26        0x2 
 .text.RtcAlarm_Handler
                0x00001d28       0x1c /sdcard/vaman/arm/codes/setup/blink/GCC_Project/output/exceptions.o
                0x00001d28                RtcAlarm_Handler
 .text.ResetInt_Handler
                0x00001d44        0x8 /sdcard/vaman/arm/codes/setup/blink/GCC_Project/output/exceptions.o
                0x00001d44                ResetInt_Handler
 .text.Ffe0_Handler
                0x00001d4c       0x18 /sdcard/vaman/arm/codes/setup/blink/GCC_Project/output/exceptions.o
                0x00001d4c                Ffe0_Handler
 .text.FbMsg_Handler
                0x00001d64       0x70 /sdcard/vaman/arm/codes/setup/blink/GCC_Project/output/exceptions.o
                0x00001d64                FbMsg_Handler
 .text.SensorGpio_Handler
                0x00001dd4        0x8 /sdcard/vaman/arm/codes/setup/blink/GCC_Project/output/exceptions.o
                0x00001dd4                SensorGpio_Handler
 .text.M4SramSleep_Handler
                0x00001ddc        0x8 /sdcard/vaman/arm/codes/setup/blink/GCC_Project/output/exceptions.o
                0x00001ddc                M4SramSleep_Handler
 .text.LDO30_PG_Handler
                0x00001de4        0x8 /sdcard/vaman/arm/codes/setup/blink/GCC_Project/output/exceptions.o
                0x00001de4                LDO30_PG_Handler
 .text.LDO50_PG_Handler
                0x00001dec        0x8 /sdcard/vaman/arm/codes/setup/blink/GCC_Project/output/exceptions.o
                0x00001dec                LDO50_PG_Handler
 .text.DMIC_Voice_Det_Handler
                0x00001df4        0x8 /sdcard/vaman/arm/codes/setup/blink/GCC_Project/output/exceptions.o
                0x00001df4                DMIC_Voice_Det_Handler
 .text.ApPDMClkOn_Handler
                0x00001dfc        0x8 /sdcard/vaman/arm/codes/setup/blink/GCC_Project/output/exceptions.o
                0x00001dfc                ApPDMClkOn_Handler
 .text.ApPDMClkOff_Handler
                0x00001e04        0x8 /sdcard/vaman/arm/codes/setup/blink/GCC_Project/output/exceptions.o
                0x00001e04                ApPDMClkOff_Handler
 .text.Dmac0BlkDone_Handler
                0x00001e0c        0x8 /sdcard/vaman/arm/codes/setup/blink/GCC_Project/output/exceptions.o
                0x00001e0c                Dmac0BlkDone_Handler
 .text.Dmac0BufDone_Handler
                0x00001e14        0x8 /sdcard/vaman/arm/codes/setup/blink/GCC_Project/output/exceptions.o
                0x00001e14                Dmac0BufDone_Handler
 .text.Dmac1BlkDone_Handler
                0x00001e1c        0x8 /sdcard/vaman/arm/codes/setup/blink/GCC_Project/output/exceptions.o
                0x00001e1c                Dmac1BlkDone_Handler
 .text.Dmac1BufDone_Handler
                0x00001e24        0x8 /sdcard/vaman/arm/codes/setup/blink/GCC_Project/output/exceptions.o
                0x00001e24                Dmac1BufDone_Handler
 .text.Sdma0Done_Handler
                0x00001e2c        0x8 /sdcard/vaman/arm/codes/setup/blink/GCC_Project/output/exceptions.o
                0x00001e2c                Sdma0Done_Handler
 .text.Sdma1Done_Handler
                0x00001e34        0x8 /sdcard/vaman/arm/codes/setup/blink/GCC_Project/output/exceptions.o
                0x00001e34                Sdma1Done_Handler
 .text.Sdma2Done_Handler
                0x00001e3c        0x8 /sdcard/vaman/arm/codes/setup/blink/GCC_Project/output/exceptions.o
                0x00001e3c                Sdma2Done_Handler
 .text.Sdma3Done_Handler
                0x00001e44        0x8 /sdcard/vaman/arm/codes/setup/blink/GCC_Project/output/exceptions.o
                0x00001e44                Sdma3Done_Handler
 .text.Sdma4Done_Handler
                0x00001e4c        0x8 /sdcard/vaman/arm/codes/setup/blink/GCC_Project/output/exceptions.o
                0x00001e4c                Sdma4Done_Handler
 .text.Sdma5Done_Handler
                0x00001e54        0x8 /sdcard/vaman/arm/codes/setup/blink/GCC_Project/output/exceptions.o
                0x00001e54                Sdma5Done_Handler
 .text.Sdma6Done_Handler
                0x00001e5c        0x8 /sdcard/vaman/arm/codes/setup/blink/GCC_Project/output/exceptions.o
                0x00001e5c                Sdma6Done_Handler
 .text.Sdma7Done_Handler
                0x00001e64        0x8 /sdcard/vaman/arm/codes/setup/blink/GCC_Project/output/exceptions.o
                0x00001e64                Sdma7Done_Handler
 .text.Sdma8Done_Handler
                0x00001e6c        0x8 /sdcard/vaman/arm/codes/setup/blink/GCC_Project/output/exceptions.o
                0x00001e6c                Sdma8Done_Handler
 .text.Sdma9Done_Handler
                0x00001e74        0x8 /sdcard/vaman/arm/codes/setup/blink/GCC_Project/output/exceptions.o
                0x00001e74                Sdma9Done_Handler
 .text.Sdma10Done_Handler
                0x00001e7c        0x8 /sdcard/vaman/arm/codes/setup/blink/GCC_Project/output/exceptions.o
                0x00001e7c                Sdma10Done_Handler
 .text.Sdma11Done_Handler
                0x00001e84        0x8 /sdcard/vaman/arm/codes/setup/blink/GCC_Project/output/exceptions.o
                0x00001e84                Sdma11Done_Handler
 .text.SdmaErr_Handler
                0x00001e8c        0x8 /sdcard/vaman/arm/codes/setup/blink/GCC_Project/output/exceptions.o
                0x00001e8c                SdmaErr_Handler
 .text.I2S_SlvM4TxOr_Handler
                0x00001e94        0x8 /sdcard/vaman/arm/codes/setup/blink/GCC_Project/output/exceptions.o
                0x00001e94                I2S_SlvM4TxOr_Handler
 .text.SRAM_128KB_Handler
                0x00001e9c        0x8 /sdcard/vaman/arm/codes/setup/blink/GCC_Project/output/exceptions.o
                0x00001e9c                SRAM_128KB_Handler
 .text.LPSD_Voice_Det_Handler
                0x00001ea4        0x8 /sdcard/vaman/arm/codes/setup/blink/GCC_Project/output/exceptions.o
                0x00001ea4                LPSD_Voice_Det_Handler
 .text.FfeWdt_Handler
                0x00001eac        0x8 /sdcard/vaman/arm/codes/setup/blink/GCC_Project/output/exceptions.o
                0x00001eac                FfeWdt_Handler
 .text.ApBoot_Handler
                0x00001eb4        0x8 /sdcard/vaman/arm/codes/setup/blink/GCC_Project/output/exceptions.o
                0x00001eb4                ApBoot_Handler
 .text.SwInt2_Handler
                0x00001ebc        0x8 /sdcard/vaman/arm/codes/setup/blink/GCC_Project/output/exceptions.o
                0x00001ebc                SwInt2_Handler
 .text.SwInt1_Handler
                0x00001ec4       0x24 /sdcard/vaman/arm/codes/setup/blink/GCC_Project/output/exceptions.o
                0x00001ec4                SwInt1_Handler
 .text.Ffe0Msg_Handler
                0x00001ee8        0x8 /sdcard/vaman/arm/codes/setup/blink/GCC_Project/output/exceptions.o
                0x00001ee8                Ffe0Msg_Handler
 .text.lpsdVoiceOffHandler
                0x00001ef0        0x8 /sdcard/vaman/arm/codes/setup/blink/GCC_Project/output/exceptions.o
                0x00001ef0                lpsdVoiceOffHandler
 .text.dmicVoiceOffHandler
                0x00001ef8        0x8 /sdcard/vaman/arm/codes/setup/blink/GCC_Project/output/exceptions.o
                0x00001ef8                dmicVoiceOffHandler
 .text.vApplicationMallocFailedHook
                0x00001f00       0x24 /sdcard/vaman/arm/codes/setup/blink/GCC_Project/output/exceptions.o
                0x00001f00                vApplicationMallocFailedHook
 .text.vApplicationStackOverflowHook
                0x00001f24       0x24 /sdcard/vaman/arm/codes/setup/blink/GCC_Project/output/exceptions.o
                0x00001f24                vApplicationStackOverflowHook
 .text.vApplicationTickHook
                0x00001f48        0x2 /sdcard/vaman/arm/codes/setup/blink/GCC_Project/output/exceptions.o
                0x00001f48                vApplicationTickHook
 .text.vApplicationIdleHook
                0x00001f4a        0x2 /sdcard/vaman/arm/codes/setup/blink/GCC_Project/output/exceptions.o
                0x00001f4a                vApplicationIdleHook
 .text.prvInsertBlockIntoFreeList
                0x00001f4c       0x7c /sdcard/vaman/arm/codes/setup/blink/GCC_Project/output/heap_4.o
 .text.pvPortMalloc
                0x00001fc8      0x1a8 /sdcard/vaman/arm/codes/setup/blink/GCC_Project/output/heap_4.o
                0x00001fc8                pvPortMalloc
 .text.vPortFree
                0x00002170       0xa0 /sdcard/vaman/arm/codes/setup/blink/GCC_Project/output/heap_4.o
                0x00002170                vPortFree
 .text.vListInitialise
                0x00002210       0x16 /sdcard/vaman/arm/codes/setup/blink/GCC_Project/output/list.o
                0x00002210                vListInitialise
 .text.vListInitialiseItem
                0x00002226        0x6 /sdcard/vaman/arm/codes/setup/blink/GCC_Project/output/list.o
                0x00002226                vListInitialiseItem
 .text.vListInsertEnd
                0x0000222c       0x16 /sdcard/vaman/arm/codes/setup/blink/GCC_Project/output/list.o
                0x0000222c                vListInsertEnd
 .text.vListInsert
                0x00002242       0x2e /sdcard/vaman/arm/codes/setup/blink/GCC_Project/output/list.o
                0x00002242                vListInsert
 .text.uxListRemove
                0x00002270       0x20 /sdcard/vaman/arm/codes/setup/blink/GCC_Project/output/list.o
                0x00002270                uxListRemove
 .text.SystemInit
                0x00002290        0x2 /sdcard/vaman/arm/codes/setup/blink/GCC_Project/output/main.o
                0x00002290                SystemInit
 *fill*         0x00002292        0x2 
 .text.PyHal_GPIO_Set
                0x00002294       0x2c /sdcard/vaman/arm/codes/setup/blink/GCC_Project/output/main.o
                0x00002294                PyHal_GPIO_Set
 .text.startup.main
                0x000022c0       0xc8 /sdcard/vaman/arm/codes/setup/blink/GCC_Project/output/main.o
                0x000022c0                main
 .text.set_gpio_input
                0x00002388       0x34 /sdcard/vaman/arm/codes/setup/blink/GCC_Project/output/main_dbg_cli_menu.o
 .text.set_gpio_output
                0x000023bc       0x68 /sdcard/vaman/arm/codes/setup/blink/GCC_Project/output/main_dbg_cli_menu.o
 .text.get_gpio_value
                0x00002424       0x50 /sdcard/vaman/arm/codes/setup/blink/GCC_Project/output/main_dbg_cli_menu.o
 .text.prvPortStartFirstTask
                0x00002474       0x28 /sdcard/vaman/arm/codes/setup/blink/GCC_Project/output/port.o
 .text.vPortEnableVFP
                0x0000249c       0x14 /sdcard/vaman/arm/codes/setup/blink/GCC_Project/output/port.o
 .text.prvTaskExitError
                0x000024b0       0x50 /sdcard/vaman/arm/codes/setup/blink/GCC_Project/output/port.o
 .text.pxPortInitialiseStack
                0x00002500       0x2c /sdcard/vaman/arm/codes/setup/blink/GCC_Project/output/port.o
                0x00002500                pxPortInitialiseStack
 *fill*         0x0000252c        0x4 
 .text.SVC_Handler
                0x00002530       0x24 /sdcard/vaman/arm/codes/setup/blink/GCC_Project/output/port.o
                0x00002530                SVC_Handler
 .text.vPortEnterCritical
                0x00002554       0x58 /sdcard/vaman/arm/codes/setup/blink/GCC_Project/output/port.o
                0x00002554                vPortEnterCritical
 .text.vPortExitCritical
                0x000025ac       0x3c /sdcard/vaman/arm/codes/setup/blink/GCC_Project/output/port.o
                0x000025ac                vPortExitCritical
 *fill*         0x000025e8        0x8 
 .text.PendSV_Handler
                0x000025f0       0x64 /sdcard/vaman/arm/codes/setup/blink/GCC_Project/output/port.o
                0x000025f0                PendSV_Handler
 .text.xPortSysTickHandler
                0x00002654       0x2c /sdcard/vaman/arm/codes/setup/blink/GCC_Project/output/port.o
                0x00002654                xPortSysTickHandler
 .text.xPortStartScheduler
                0x00002680      0x160 /sdcard/vaman/arm/codes/setup/blink/GCC_Project/output/port.o
                0x00002680                xPortStartScheduler
 .text.vPortValidateInterruptPriority
                0x000027e0       0x7c /sdcard/vaman/arm/codes/setup/blink/GCC_Project/output/port.o
                0x000027e0                vPortValidateInterruptPriority
 .text.system_init
                0x0000285c       0x6c /sdcard/vaman/arm/codes/setup/blink/GCC_Project/output/qf_hardwaresetup.o
                0x0000285c                system_init
 .text.qf_hardwareSetup
                0x000028c8       0x74 /sdcard/vaman/arm/codes/setup/blink/GCC_Project/output/qf_hardwaresetup.o
                0x000028c8                qf_hardwareSetup
 .text.prvIsQueueEmpty
                0x0000293c       0x16 /sdcard/vaman/arm/codes/setup/blink/GCC_Project/output/queue.o
 .text.prvCopyDataToQueue
                0x00002952       0x72 /sdcard/vaman/arm/codes/setup/blink/GCC_Project/output/queue.o
 .text.prvCopyDataFromQueue
                0x000029c4       0x2c /sdcard/vaman/arm/codes/setup/blink/GCC_Project/output/queue.o
 .text.prvUnlockQueue
                0x000029f0       0x70 /sdcard/vaman/arm/codes/setup/blink/GCC_Project/output/queue.o
 .text.xQueueGenericReset
                0x00002a60       0x90 /sdcard/vaman/arm/codes/setup/blink/GCC_Project/output/queue.o
                0x00002a60                xQueueGenericReset
 .text.xQueueGenericCreate
                0x00002af0       0x74 /sdcard/vaman/arm/codes/setup/blink/GCC_Project/output/queue.o
                0x00002af0                xQueueGenericCreate
 .text.xQueueGenericSend
                0x00002b64      0x1ac /sdcard/vaman/arm/codes/setup/blink/GCC_Project/output/queue.o
                0x00002b64                xQueueGenericSend
 .text.xQueueGenericSendFromISR
                0x00002d10       0xe4 /sdcard/vaman/arm/codes/setup/blink/GCC_Project/output/queue.o
                0x00002d10                xQueueGenericSendFromISR
 .text.xQueueGenericSendFromISRDebug
                0x00002df4       0x30 /sdcard/vaman/arm/codes/setup/blink/GCC_Project/output/queue.o
                0x00002df4                xQueueGenericSendFromISRDebug
 .text.xQueueGiveFromISR
                0x00002e24       0xd8 /sdcard/vaman/arm/codes/setup/blink/GCC_Project/output/queue.o
                0x00002e24                xQueueGiveFromISR
 .text.xQueueReceive
                0x00002efc      0x168 /sdcard/vaman/arm/codes/setup/blink/GCC_Project/output/queue.o
                0x00002efc                xQueueReceive
 .text.xQueueSemaphoreTake
                0x00003064      0x1ac /sdcard/vaman/arm/codes/setup/blink/GCC_Project/output/queue.o
                0x00003064                xQueueSemaphoreTake
 .text.xQueuePeek
                0x00003210      0x164 /sdcard/vaman/arm/codes/setup/blink/GCC_Project/output/queue.o
                0x00003210                xQueuePeek
 .text.uxQueueMessagesWaiting
                0x00003374       0x38 /sdcard/vaman/arm/codes/setup/blink/GCC_Project/output/queue.o
                0x00003374                uxQueueMessagesWaiting
 .text.vQueueAddToRegistry
                0x000033ac       0x24 /sdcard/vaman/arm/codes/setup/blink/GCC_Project/output/queue.o
                0x000033ac                vQueueAddToRegistry
 .text.vQueueWaitForMessageRestricted
                0x000033d0       0x46 /sdcard/vaman/arm/codes/setup/blink/GCC_Project/output/queue.o
                0x000033d0                vQueueWaitForMessageRestricted
 .text.s3x_clkd_write_div
                0x00003416       0xaa /sdcard/vaman/arm/codes/setup/blink/GCC_Project/output/s3x_clock.o
 .text.s3x_clkd_read_div
                0x000034c0       0x44 /sdcard/vaman/arm/codes/setup/blink/GCC_Project/output/s3x_clock.o
 .text.s3x_clkd_cal_div
                0x00003504       0x38 /sdcard/vaman/arm/codes/setup/blink/GCC_Project/output/s3x_clock.o
 .text.S3x_Id_To_Domain
                0x0000353c       0x1c /sdcard/vaman/arm/codes/setup/blink/GCC_Project/output/s3x_clock.o
                0x0000353c                S3x_Id_To_Domain
 .text.s3x_clkd_get_init_rate
                0x00003558       0x28 /sdcard/vaman/arm/codes/setup/blink/GCC_Project/output/s3x_clock.o
                0x00003558                s3x_clkd_get_init_rate
 .text.s3x_clkd_update_div_val
                0x00003580       0x3c /sdcard/vaman/arm/codes/setup/blink/GCC_Project/output/s3x_clock.o
                0x00003580                s3x_clkd_update_div_val
 .text.s3x_clkd_update_fd_rate
                0x000035bc        0xe /sdcard/vaman/arm/codes/setup/blink/GCC_Project/output/s3x_clock.o
                0x000035bc                s3x_clkd_update_fd_rate
 *fill*         0x000035ca        0x2 
 .text.s3x_clkd_update_sd_div
                0x000035cc       0x5c /sdcard/vaman/arm/codes/setup/blink/GCC_Project/output/s3x_clock.o
 .text.s3x_clkd_update_all_src_div
                0x00003628       0xd4 /sdcard/vaman/arm/codes/setup/blink/GCC_Project/output/s3x_clock.o
                0x00003628                s3x_clkd_update_all_src_div
 .text.S3x_Clkd_Get_Hsosc_Rate
                0x000036fc       0x30 /sdcard/vaman/arm/codes/setup/blink/GCC_Project/output/s3x_clock.o
                0x000036fc                S3x_Clkd_Get_Hsosc_Rate
 .text.s3x_clkd_get_active_HSOSC_qos
                0x0000372c        0xc /sdcard/vaman/arm/codes/setup/blink/GCC_Project/output/s3x_clock.o
                0x0000372c                s3x_clkd_get_active_HSOSC_qos
 .text.S3x_Clkd_Change_Hsosc
                0x00003738       0x70 /sdcard/vaman/arm/codes/setup/blink/GCC_Project/output/s3x_clock.o
                0x00003738                S3x_Clkd_Change_Hsosc
 .text.s3x_clkd_get_src_rate
                0x000037a8       0x12 /sdcard/vaman/arm/codes/setup/blink/GCC_Project/output/s3x_clock.o
                0x000037a8                s3x_clkd_get_src_rate
 *fill*         0x000037ba        0x2 
 .text.s3x_clkd_get_div
                0x000037bc       0x60 /sdcard/vaman/arm/codes/setup/blink/GCC_Project/output/s3x_clock.o
                0x000037bc                s3x_clkd_get_div
 .text.s3x_clkd_srate
                0x0000381c      0x134 /sdcard/vaman/arm/codes/setup/blink/GCC_Project/output/s3x_clock.o
 .text.s3x_clkd_grate
                0x00003950       0x78 /sdcard/vaman/arm/codes/setup/blink/GCC_Project/output/s3x_clock.o
 .text.s3x_clkd_set_src_div_st.isra.0
                0x000039c8       0x54 /sdcard/vaman/arm/codes/setup/blink/GCC_Project/output/s3x_clock.o
 .text.s3x_update_clk_rate
                0x00003a1c       0xb0 /sdcard/vaman/arm/codes/setup/blink/GCC_Project/output/s3x_clock.o
                0x00003a1c                s3x_update_clk_rate
 .text.s3x_clkd_get_gate_mask_st
                0x00003acc       0x16 /sdcard/vaman/arm/codes/setup/blink/GCC_Project/output/s3x_clock.o
                0x00003acc                s3x_clkd_get_gate_mask_st
 *fill*         0x00003ae2        0x2 
 .text.s3x_clkd_set_gate_mask
                0x00003ae4       0x50 /sdcard/vaman/arm/codes/setup/blink/GCC_Project/output/s3x_clock.o
                0x00003ae4                s3x_clkd_set_gate_mask
 .text.s3x_clkd_enable_gate
                0x00003b34       0x68 /sdcard/vaman/arm/codes/setup/blink/GCC_Project/output/s3x_clock.o
 .text.s3x_clkd_disable_gate
                0x00003b9c       0x54 /sdcard/vaman/arm/codes/setup/blink/GCC_Project/output/s3x_clock.o
 .text._S3x_Clk_Enable
                0x00003bf0       0xb4 /sdcard/vaman/arm/codes/setup/blink/GCC_Project/output/s3x_clock.o
                0x00003bf0                _S3x_Clk_Enable
 .text._S3x_Clk_Disable
                0x00003ca4       0xd4 /sdcard/vaman/arm/codes/setup/blink/GCC_Project/output/s3x_clock.o
                0x00003ca4                _S3x_Clk_Disable
 .text._S3x_Clk_Get_Status
                0x00003d78       0x2c /sdcard/vaman/arm/codes/setup/blink/GCC_Project/output/s3x_clock.o
                0x00003d78                _S3x_Clk_Get_Status
 .text._S3x_Clk_Get_Rate
                0x00003da4       0x28 /sdcard/vaman/arm/codes/setup/blink/GCC_Project/output/s3x_clock.o
                0x00003da4                _S3x_Clk_Get_Rate
 .text._S3x_Clk_Set_Rate
                0x00003dcc       0x48 /sdcard/vaman/arm/codes/setup/blink/GCC_Project/output/s3x_clock.o
                0x00003dcc                _S3x_Clk_Set_Rate
 .text.S3x_Clk_Init
                0x00003e14      0x15c /sdcard/vaman/arm/codes/setup/blink/GCC_Project/output/s3x_clock.o
                0x00003e14                S3x_Clk_Init
 .text.S3x_Clk_Enable
                0x00003f70        0x4 /sdcard/vaman/arm/codes/setup/blink/GCC_Project/output/s3x_clock_hal.o
                0x00003f70                S3x_Clk_Enable
 .text.S3x_Clk_Disable
                0x00003f74        0x4 /sdcard/vaman/arm/codes/setup/blink/GCC_Project/output/s3x_clock_hal.o
                0x00003f74                S3x_Clk_Disable
 .text.S3x_Clk_Get_Rate
                0x00003f78        0x4 /sdcard/vaman/arm/codes/setup/blink/GCC_Project/output/s3x_clock_hal.o
                0x00003f78                S3x_Clk_Get_Rate
 .text.DFS_cpuload
                0x00003f7c       0x4c /sdcard/vaman/arm/codes/setup/blink/GCC_Project/output/s3x_cpuload.o
                0x00003f7c                DFS_cpuload
 .text.DFS_updatesleepticks
                0x00003fc8       0x10 /sdcard/vaman/arm/codes/setup/blink/GCC_Project/output/s3x_cpuload.o
                0x00003fc8                DFS_updatesleepticks
 .text.DFS_resetsleepticks
                0x00003fd8        0xc /sdcard/vaman/arm/codes/setup/blink/GCC_Project/output/s3x_cpuload.o
                0x00003fd8                DFS_resetsleepticks
 .text.DFS_UpdateTimer
                0x00003fe4       0x5c /sdcard/vaman/arm/codes/setup/blink/GCC_Project/output/s3x_dfs.o
 .text.DFS_StartTimer
                0x00004040       0x7c /sdcard/vaman/arm/codes/setup/blink/GCC_Project/output/s3x_dfs.o
                0x00004040                DFS_StartTimer
 .text.s3x_suspend_dfs
                0x000040bc        0xc /sdcard/vaman/arm/codes/setup/blink/GCC_Project/output/s3x_dfs.o
                0x000040bc                s3x_suspend_dfs
 .text.S3x_Set_Policy
                0x000040c8      0x10c /sdcard/vaman/arm/codes/setup/blink/GCC_Project/output/s3x_dfs.o
                0x000040c8                S3x_Set_Policy
 .text.S3x_get_max_rate_dfs_node
                0x000041d4       0x28 /sdcard/vaman/arm/codes/setup/blink/GCC_Project/output/s3x_dfs.o
                0x000041d4                S3x_get_max_rate_dfs_node
 .text.S3x_Stepup_Policy
                0x000041fc       0x7c /sdcard/vaman/arm/codes/setup/blink/GCC_Project/output/s3x_dfs.o
 .text.DFS_TimerCB
                0x00004278        0xe /sdcard/vaman/arm/codes/setup/blink/GCC_Project/output/s3x_dfs.o
 *fill*         0x00004286        0x2 
 .text.DFS_AlignPolicy
                0x00004288       0x38 /sdcard/vaman/arm/codes/setup/blink/GCC_Project/output/s3x_dfs.o
                0x00004288                DFS_AlignPolicy
 .text.S3x_Reduce_Hsosc
                0x000042c0       0x50 /sdcard/vaman/arm/codes/setup/blink/GCC_Project/output/s3x_dfs.o
                0x000042c0                S3x_Reduce_Hsosc
 .text.DFS_fPolicyHasDeepSleep
                0x00004310       0x1c /sdcard/vaman/arm/codes/setup/blink/GCC_Project/output/s3x_dfs.o
                0x00004310                DFS_fPolicyHasDeepSleep
 .text.DFS_SwitchToSleepPolicy
                0x0000432c       0x78 /sdcard/vaman/arm/codes/setup/blink/GCC_Project/output/s3x_dfs.o
                0x0000432c                DFS_SwitchToSleepPolicy
 .text.DFS_RestoreFromSleep
                0x000043a4       0x34 /sdcard/vaman/arm/codes/setup/blink/GCC_Project/output/s3x_dfs.o
                0x000043a4                DFS_RestoreFromSleep
 .text.s3x_get_index_in_dfs_node
                0x000043d8       0x20 /sdcard/vaman/arm/codes/setup/blink/GCC_Project/output/s3x_dfs.o
                0x000043d8                s3x_get_index_in_dfs_node
 .text.s3x_get_policy_max_rate
                0x000043f8       0x2c /sdcard/vaman/arm/codes/setup/blink/GCC_Project/output/s3x_dfs.o
                0x000043f8                s3x_get_policy_max_rate
 .text.S3x_Is_Dfs_En
                0x00004424       0x10 /sdcard/vaman/arm/codes/setup/blink/GCC_Project/output/s3x_dfs.o
                0x00004424                S3x_Is_Dfs_En
 .text.S3x_Set_Dfs_st
                0x00004434        0xc /sdcard/vaman/arm/codes/setup/blink/GCC_Project/output/s3x_dfs.o
                0x00004434                S3x_Set_Dfs_st
 .text.DFS_Get_Curr_Policy
                0x00004440        0xc /sdcard/vaman/arm/codes/setup/blink/GCC_Project/output/s3x_dfs.o
                0x00004440                DFS_Get_Curr_Policy
 .text.DFS_Initialize
                0x0000444c       0x14 /sdcard/vaman/arm/codes/setup/blink/GCC_Project/output/s3x_dfs.o
                0x0000444c                DFS_Initialize
 .text.trace_this
                0x00004460       0x28 /sdcard/vaman/arm/codes/setup/blink/GCC_Project/output/s3x_lpm.o
 .text.S3x_Register_Lpm_Cb
                0x00004488       0x3c /sdcard/vaman/arm/codes/setup/blink/GCC_Project/output/s3x_lpm.o
                0x00004488                S3x_Register_Lpm_Cb
 .text.s3x_setup_systick_interrupt
                0x000044c4       0x48 /sdcard/vaman/arm/codes/setup/blink/GCC_Project/output/s3x_lpm.o
                0x000044c4                s3x_setup_systick_interrupt
 .text.prvStopTickInterruptTimer
                0x0000450c        0xe /sdcard/vaman/arm/codes/setup/blink/GCC_Project/output/s3x_lpm.o
                0x0000450c                prvStopTickInterruptTimer
 .text.prvStartTickInterruptTimer
                0x0000451a        0x8 /sdcard/vaman/arm/codes/setup/blink/GCC_Project/output/s3x_lpm.o
                0x0000451a                prvStartTickInterruptTimer
 .text.SysTick_Handler
                0x00004522       0x12 /sdcard/vaman/arm/codes/setup/blink/GCC_Project/output/s3x_lpm.o
                0x00004522                SysTick_Handler
 .text.vPortSetupTimerInterrupt
                0x00004534        0x6 /sdcard/vaman/arm/codes/setup/blink/GCC_Project/output/s3x_lpm.o
                0x00004534                vPortSetupTimerInterrupt
 *fill*         0x0000453a        0x2 
 .text.S3x_Pre_Lpm
                0x0000453c       0x20 /sdcard/vaman/arm/codes/setup/blink/GCC_Project/output/s3x_lpm.o
                0x0000453c                S3x_Pre_Lpm
 .text.S3x_Post_Lpm
                0x0000455c       0x18 /sdcard/vaman/arm/codes/setup/blink/GCC_Project/output/s3x_lpm.o
                0x0000455c                S3x_Post_Lpm
 .text.S3x_Lpm_Handler
                0x00004574      0x3c8 /sdcard/vaman/arm/codes/setup/blink/GCC_Project/output/s3x_lpm.o
                0x00004574                S3x_Lpm_Handler
 .text.s3x_get_pi
                0x0000493c       0x20 /sdcard/vaman/arm/codes/setup/blink/GCC_Project/output/s3x_pi.o
                0x0000493c                s3x_get_pi
 .text.s3x_get_pi_gindex
                0x0000495c       0x14 /sdcard/vaman/arm/codes/setup/blink/GCC_Project/output/s3x_pi.o
                0x0000495c                s3x_get_pi_gindex
 .text.s3x_pi_get_st
                0x00004970       0x22 /sdcard/vaman/arm/codes/setup/blink/GCC_Project/output/s3x_pi.o
                0x00004970                s3x_pi_get_st
 *fill*         0x00004992        0x2 
 .text.s3x_pi_set_cfg_st
                0x00004994       0x8c /sdcard/vaman/arm/codes/setup/blink/GCC_Project/output/s3x_pi.o
                0x00004994                s3x_pi_set_cfg_st
 .text.s3x_pi_set_active_st
                0x00004a20       0x9c /sdcard/vaman/arm/codes/setup/blink/GCC_Project/output/s3x_pi.o
                0x00004a20                s3x_pi_set_active_st
 .text.s3x_pi_get_clkg_st
                0x00004abc       0x36 /sdcard/vaman/arm/codes/setup/blink/GCC_Project/output/s3x_pi.o
                0x00004abc                s3x_pi_get_clkg_st
 .text.s3x_pi_set_clkg_st
                0x00004af2       0x26 /sdcard/vaman/arm/codes/setup/blink/GCC_Project/output/s3x_pi.o
                0x00004af2                s3x_pi_set_clkg_st
 .text.s3x_set_pi_state
                0x00004b18        0xc /sdcard/vaman/arm/codes/setup/blink/GCC_Project/output/s3x_pi.o
                0x00004b18                s3x_set_pi_state
 .text.s3x_get_pi_init_state
                0x00004b24       0x18 /sdcard/vaman/arm/codes/setup/blink/GCC_Project/output/s3x_pi.o
                0x00004b24                s3x_get_pi_init_state
 .text.S3x_pi_init
                0x00004b3c       0x24 /sdcard/vaman/arm/codes/setup/blink/GCC_Project/output/s3x_pi.o
                0x00004b3c                S3x_pi_init
 .text.S3x_pwrcfg_init
                0x00004b60       0x2c /sdcard/vaman/arm/codes/setup/blink/GCC_Project/output/s3x_pwrcfg.o
                0x00004b60                S3x_pwrcfg_init
 .text.s3x_sram_in_lpm
                0x00004b8c       0x1c /sdcard/vaman/arm/codes/setup/blink/GCC_Project/output/s3x_pwrcfg.o
                0x00004b8c                s3x_sram_in_lpm
 .text.S3x_get_qos_rate
                0x00004ba8       0x38 /sdcard/vaman/arm/codes/setup/blink/GCC_Project/output/s3x_qos.o
                0x00004ba8                S3x_get_qos_rate
 .text.save_assert_info
                0x00004be0       0x74 /sdcard/vaman/arm/codes/setup/blink/GCC_Project/output/sec_debug.o
                0x00004be0                save_assert_info
 .text.invoke_soft_fault
                0x00004c54       0x20 /sdcard/vaman/arm/codes/setup/blink/GCC_Project/output/sec_debug.o
                0x00004c54                invoke_soft_fault
 .text.Reset_Handler
                0x00004c74       0x30 /sdcard/vaman/arm/codes/setup/blink/GCC_Project/output/startup_EOSS3B_GCC.o
                0x00004c74                Reset_Handler
 .text.__semihost_call
                0x00004ca4        0x6 /sdcard/vaman/arm/codes/setup/blink/GCC_Project/output/startup_EOSS3B_GCC.o
                0x00004ca4                __semihost_call
 *fill*         0x00004caa        0x2 
 .text.prvAddCurrentTaskToDelayedList
                0x00004cac       0x88 /sdcard/vaman/arm/codes/setup/blink/GCC_Project/output/tasks.o
 .text.prvGetExpectedIdleTime
                0x00004d34       0x44 /sdcard/vaman/arm/codes/setup/blink/GCC_Project/output/tasks.o
 .text.prvResetNextTaskUnblockTime
                0x00004d78       0x24 /sdcard/vaman/arm/codes/setup/blink/GCC_Project/output/tasks.o
 .text.xTaskCreate
                0x00004d9c      0x1d4 /sdcard/vaman/arm/codes/setup/blink/GCC_Project/output/tasks.o
                0x00004d9c                xTaskCreate
 .text.vTaskStartScheduler
                0x00004f70       0x98 /sdcard/vaman/arm/codes/setup/blink/GCC_Project/output/tasks.o
                0x00004f70                vTaskStartScheduler
 .text.vTaskSuspendAll
                0x00005008       0x10 /sdcard/vaman/arm/codes/setup/blink/GCC_Project/output/tasks.o
                0x00005008                vTaskSuspendAll
 .text.xTaskGetTickCount
                0x00005018        0xc /sdcard/vaman/arm/codes/setup/blink/GCC_Project/output/tasks.o
                0x00005018                xTaskGetTickCount
 .text.vTaskStepTick
                0x00005024       0x44 /sdcard/vaman/arm/codes/setup/blink/GCC_Project/output/tasks.o
                0x00005024                vTaskStepTick
 .text.xTaskIncrementTick
                0x00005068      0x150 /sdcard/vaman/arm/codes/setup/blink/GCC_Project/output/tasks.o
                0x00005068                xTaskIncrementTick
 .text.xTaskResumeAll
                0x000051b8       0xfc /sdcard/vaman/arm/codes/setup/blink/GCC_Project/output/tasks.o
                0x000051b8                xTaskResumeAll
 .text.vTaskDelay
                0x000052b4       0x60 /sdcard/vaman/arm/codes/setup/blink/GCC_Project/output/tasks.o
                0x000052b4                vTaskDelay
 .text.prvIdleTask
                0x00005314       0xbc /sdcard/vaman/arm/codes/setup/blink/GCC_Project/output/tasks.o
 .text.vTaskSwitchContext
                0x000053d0       0xb8 /sdcard/vaman/arm/codes/setup/blink/GCC_Project/output/tasks.o
                0x000053d0                vTaskSwitchContext
 .text.vTaskPlaceOnEventList
                0x00005488       0x48 /sdcard/vaman/arm/codes/setup/blink/GCC_Project/output/tasks.o
                0x00005488                vTaskPlaceOnEventList
 .text.vTaskPlaceOnEventListRestricted
                0x000054d0       0x50 /sdcard/vaman/arm/codes/setup/blink/GCC_Project/output/tasks.o
                0x000054d0                vTaskPlaceOnEventListRestricted
 .text.xTaskRemoveFromEventList
                0x00005520       0x98 /sdcard/vaman/arm/codes/setup/blink/GCC_Project/output/tasks.o
                0x00005520                xTaskRemoveFromEventList
 .text.vTaskInternalSetTimeOutState
                0x000055b8       0x18 /sdcard/vaman/arm/codes/setup/blink/GCC_Project/output/tasks.o
                0x000055b8                vTaskInternalSetTimeOutState
 .text.xTaskCheckForTimeOut
                0x000055d0       0x94 /sdcard/vaman/arm/codes/setup/blink/GCC_Project/output/tasks.o
                0x000055d0                xTaskCheckForTimeOut
 .text.vTaskMissedYield
                0x00005664        0xc /sdcard/vaman/arm/codes/setup/blink/GCC_Project/output/tasks.o
                0x00005664                vTaskMissedYield
 .text.uxTaskGetTCBNumber
                0x00005670       0x14 /sdcard/vaman/arm/codes/setup/blink/GCC_Project/output/tasks.o
                0x00005670                uxTaskGetTCBNumber
 .text.eTaskConfirmSleepModeStatus
                0x00005684       0x34 /sdcard/vaman/arm/codes/setup/blink/GCC_Project/output/tasks.o
                0x00005684                eTaskConfirmSleepModeStatus
 .text.xTaskGetCurrentTaskHandle
                0x000056b8        0xc /sdcard/vaman/arm/codes/setup/blink/GCC_Project/output/tasks.o
                0x000056b8                xTaskGetCurrentTaskHandle
 .text.xTaskGetSchedulerState
                0x000056c4       0x20 /sdcard/vaman/arm/codes/setup/blink/GCC_Project/output/tasks.o
                0x000056c4                xTaskGetSchedulerState
 .text.xTaskPriorityInherit
                0x000056e4       0x9c /sdcard/vaman/arm/codes/setup/blink/GCC_Project/output/tasks.o
                0x000056e4                xTaskPriorityInherit
 .text.xTaskPriorityDisinherit
                0x00005780       0xc0 /sdcard/vaman/arm/codes/setup/blink/GCC_Project/output/tasks.o
                0x00005780                xTaskPriorityDisinherit
 .text.vTaskPriorityDisinheritAfterTimeout
                0x00005840       0xd0 /sdcard/vaman/arm/codes/setup/blink/GCC_Project/output/tasks.o
                0x00005840                vTaskPriorityDisinheritAfterTimeout
 .text.pvTaskIncrementMutexHeldCount
                0x00005910       0x18 /sdcard/vaman/arm/codes/setup/blink/GCC_Project/output/tasks.o
                0x00005910                pvTaskIncrementMutexHeldCount
 .text.prvInsertTimerInActiveList
                0x00005928       0x3c /sdcard/vaman/arm/codes/setup/blink/GCC_Project/output/timers.o
 .text.prvCheckForValidListAndQueue
                0x00005964       0x58 /sdcard/vaman/arm/codes/setup/blink/GCC_Project/output/timers.o
 .text.xTimerCreateTimerTask
                0x000059bc       0x64 /sdcard/vaman/arm/codes/setup/blink/GCC_Project/output/timers.o
                0x000059bc                xTimerCreateTimerTask
 .text.xTimerCreate
                0x00005a20       0x58 /sdcard/vaman/arm/codes/setup/blink/GCC_Project/output/timers.o
                0x00005a20                xTimerCreate
 .text.xTimerGenericCommand
                0x00005a78       0x70 /sdcard/vaman/arm/codes/setup/blink/GCC_Project/output/timers.o
                0x00005a78                xTimerGenericCommand
 .text.prvSampleTimeNow
                0x00005ae8       0xb4 /sdcard/vaman/arm/codes/setup/blink/GCC_Project/output/timers.o
 .text.prvTimerTask
                0x00005b9c      0x1ec /sdcard/vaman/arm/codes/setup/blink/GCC_Project/output/timers.o
 .text          0x00005d88       0x30 /usr/lib/gcc/arm-none-eabi/12.2.1/thumb/v7e-m+fp/hard/libgcc.a(_aeabi_uldivmod.o)
                0x00005d88                __aeabi_uldivmod
 .text          0x00005db8      0x2bc /usr/lib/gcc/arm-none-eabi/12.2.1/thumb/v7e-m+fp/hard/libgcc.a(_udivmoddi4.o)
                0x00005db8                __udivmoddi4
 .text          0x00006074        0x4 /usr/lib/gcc/arm-none-eabi/12.2.1/thumb/v7e-m+fp/hard/libgcc.a(_dvmd_tls.o)
                0x00006074                __aeabi_ldiv0
                0x00006074                __aeabi_idiv0
 .text          0x00006078        0xc /usr/lib/gcc/arm-none-eabi/12.2.1/../../../arm-none-eabi/lib/thumb/v7e-m+fp/hard/libg_nano.a(lib_a-atexit.o)
                0x00006078                atexit
 .text          0x00006084       0x28 /usr/lib/gcc/arm-none-eabi/12.2.1/../../../arm-none-eabi/lib/thumb/v7e-m+fp/hard/libg_nano.a(lib_a-exit.o)
                0x00006084                exit
 .text          0x000060ac       0x28 /usr/lib/gcc/arm-none-eabi/12.2.1/../../../arm-none-eabi/lib/thumb/v7e-m+fp/hard/libg_nano.a(lib_a-fini.o)
                0x000060ac                __libc_fini_array
 .text          0x000060d4       0x50 /usr/lib/gcc/arm-none-eabi/12.2.1/../../../arm-none-eabi/lib/thumb/v7e-m+fp/hard/libg_nano.a(lib_a-init.o)
                0x000060d4                __libc_init_array
 .text          0x00006124       0x20 /usr/lib/gcc/arm-none-eabi/12.2.1/../../../arm-none-eabi/lib/thumb/v7e-m+fp/hard/libg_nano.a(lib_a-malloc.o)
                0x00006124                malloc
                0x00006134                free
 .text          0x00006144      0x134 /usr/lib/gcc/arm-none-eabi/12.2.1/../../../arm-none-eabi/lib/thumb/v7e-m+fp/hard/libg_nano.a(lib_a-memcpy.o)
                0x00006144                memcpy
 .text          0x00006278      0x100 /usr/lib/gcc/arm-none-eabi/12.2.1/../../../arm-none-eabi/lib/thumb/v7e-m+fp/hard/libg_nano.a(lib_a-memmove.o)
                0x00006278                memmove
 .text          0x00006378       0xa4 /usr/lib/gcc/arm-none-eabi/12.2.1/../../../arm-none-eabi/lib/thumb/v7e-m+fp/hard/libg_nano.a(lib_a-memset.o)
                0x00006378                memset
 .text          0x0000641c       0xbc /usr/lib/gcc/arm-none-eabi/12.2.1/../../../arm-none-eabi/lib/thumb/v7e-m+fp/hard/libg_nano.a(lib_a-nano-freer.o)
                0x0000641c                _free_r
 .text          0x000064d8       0xb4 /usr/lib/gcc/arm-none-eabi/12.2.1/../../../arm-none-eabi/lib/thumb/v7e-m+fp/hard/libg_nano.a(lib_a-nano-mallocr.o)
                0x000064d8                _malloc_r
 .text          0x0000658c       0x60 /usr/lib/gcc/arm-none-eabi/12.2.1/../../../arm-none-eabi/lib/thumb/v7e-m+fp/hard/libg_nano.a(lib_a-printf.o)
                0x0000658c                _printf_r
                0x0000658c                _iprintf_r
                0x000065b8                printf
                0x000065b8                iprintf
 .text          0x000065ec       0xdc /usr/lib/gcc/arm-none-eabi/12.2.1/../../../arm-none-eabi/lib/thumb/v7e-m+fp/hard/libg_nano.a(lib_a-puts.o)
                0x000065ec                _puts_r
                0x000066b8                puts
 .text          0x000066c8       0x24 /usr/lib/gcc/arm-none-eabi/12.2.1/../../../arm-none-eabi/lib/thumb/v7e-m+fp/hard/libg_nano.a(lib_a-sbrkr.o)
                0x000066c8                _sbrk_r
 .text          0x000066ec       0x1c /usr/lib/gcc/arm-none-eabi/12.2.1/../../../arm-none-eabi/lib/thumb/v7e-m+fp/hard/libg_nano.a(lib_a-setjmp.o)
                0x000066ec                setjmp
                0x000066f8                longjmp
 .text          0x00006708      0x108 /usr/lib/gcc/arm-none-eabi/12.2.1/../../../arm-none-eabi/lib/thumb/v7e-m+fp/hard/libg_nano.a(lib_a-snprintf.o)
                0x00006708                _sniprintf_r
                0x00006708                _snprintf_r
                0x00006788                snprintf
                0x00006788                sniprintf
 .text          0x00006810       0x78 /usr/lib/gcc/arm-none-eabi/12.2.1/../../../arm-none-eabi/lib/thumb/v7e-m+fp/hard/libg_nano.a(lib_a-sprintf.o)
                0x00006810                _siprintf_r
                0x00006810                _sprintf_r
                0x00006848                sprintf
                0x00006848                siprintf
 .text          0x00006888       0xd0 /usr/lib/gcc/arm-none-eabi/12.2.1/../../../arm-none-eabi/lib/thumb/v7e-m+fp/hard/libg_nano.a(lib_a-strchr.o)
                0x00006888                strchr
 *fill*         0x00006958        0x8 
 .text          0x00006960      0x2dc /usr/lib/gcc/arm-none-eabi/12.2.1/../../../arm-none-eabi/lib/thumb/v7e-m+fp/hard/libg_nano.a(lib_a-strcmp.o)
                0x00006968                strcmp
 .text          0x00006c3c       0xbc /usr/lib/gcc/arm-none-eabi/12.2.1/../../../arm-none-eabi/lib/thumb/v7e-m+fp/hard/libg_nano.a(lib_a-strcpy.o)
                0x00006c3c                strcpy
 *fill*         0x00006cf8        0x8 
 .text          0x00006d00       0xdc /usr/lib/gcc/arm-none-eabi/12.2.1/../../../arm-none-eabi/lib/thumb/v7e-m+fp/hard/libg_nano.a(lib_a-strlen.o)
                0x00006d00                strlen
 .text          0x00006ddc       0x68 /usr/lib/gcc/arm-none-eabi/12.2.1/../../../arm-none-eabi/lib/thumb/v7e-m+fp/hard/libg_nano.a(lib_a-strncpy.o)
                0x00006ddc                strncpy
 .text          0x00006e44       0x24 /usr/lib/gcc/arm-none-eabi/12.2.1/../../../arm-none-eabi/lib/thumb/v7e-m+fp/hard/libg_nano.a(lib_a-strrchr.o)
                0x00006e44                strrchr
 .text          0x00006e68       0x70 /usr/lib/gcc/arm-none-eabi/12.2.1/../../../arm-none-eabi/lib/thumb/v7e-m+fp/hard/libg_nano.a(lib_a-strtok_r.o)
                0x00006e68                __strtok_r
                0x00006ed0                strtok_r
 .text          0x00006ed8      0x1b0 /usr/lib/gcc/arm-none-eabi/12.2.1/../../../arm-none-eabi/lib/thumb/v7e-m+fp/hard/libg_nano.a(lib_a-strtoll.o)
                0x00007054                _strtoll_r
                0x00007058                strtoll_l
                0x00007070                strtoll
 .text          0x00007088      0x1c8 /usr/lib/gcc/arm-none-eabi/12.2.1/../../../arm-none-eabi/lib/thumb/v7e-m+fp/hard/libg_nano.a(lib_a-strtoull.o)
                0x0000721c                _strtoull_r
                0x00007220                strtoull_l
                0x00007238                strtoull
 .text          0x00007250       0xe0 /usr/lib/gcc/arm-none-eabi/12.2.1/../../../arm-none-eabi/lib/thumb/v7e-m+fp/hard/libg_nano.a(lib_a-vsnprintf.o)
                0x00007250                vsnprintf
                0x00007250                vsniprintf
                0x000072c0                _vsnprintf_r
                0x000072c0                _vsniprintf_r
 .text          0x00007330       0xc8 /usr/lib/gcc/arm-none-eabi/12.2.1/../../../arm-none-eabi/lib/thumb/v7e-m+fp/hard/libg_nano.a(lib_a-wbuf.o)
                0x00007330                __swbuf_r
                0x000073e0                __swbuf
 .text          0x000073f8       0xf4 /usr/lib/gcc/arm-none-eabi/12.2.1/../../../arm-none-eabi/lib/thumb/v7e-m+fp/hard/libg_nano.a(lib_a-wsetup.o)
                0x000073f8                __swsetup_r
 .text          0x000074ec       0xb0 /usr/lib/gcc/arm-none-eabi/12.2.1/../../../arm-none-eabi/lib/thumb/v7e-m+fp/hard/libg_nano.a(lib_a-__atexit.o)
                0x000074ec                __register_exitproc
 .text          0x0000759c       0xbc /usr/lib/gcc/arm-none-eabi/12.2.1/../../../arm-none-eabi/lib/thumb/v7e-m+fp/hard/libg_nano.a(lib_a-__call_atexit.o)
                0x0000759c                __call_exitprocs
 .text          0x00007658      0x1e8 /usr/lib/gcc/arm-none-eabi/12.2.1/../../../arm-none-eabi/lib/thumb/v7e-m+fp/hard/libg_nano.a(lib_a-fflush.o)
                0x00007658                __sflush_r
                0x0000776c                _fflush_r
                0x000077c0                fflush
 .text          0x00007840      0x230 /usr/lib/gcc/arm-none-eabi/12.2.1/../../../arm-none-eabi/lib/thumb/v7e-m+fp/hard/libg_nano.a(lib_a-findfp.o)
                0x00007844                _cleanup_r
                0x00007854                __sfmoreglue
                0x00007884                __sfp
                0x00007a1c                _cleanup
                0x00007a30                __sinit
                0x00007a38                __sfp_lock_acquire
                0x00007a3c                __sfp_lock_release
                0x00007a40                __sinit_lock_acquire
                0x00007a44                __sinit_lock_release
                0x00007a48                __fp_lock_all
                0x00007a5c                __fp_unlock_all
 .text          0x00007a70       0x88 /usr/lib/gcc/arm-none-eabi/12.2.1/../../../arm-none-eabi/lib/thumb/v7e-m+fp/hard/libg_nano.a(lib_a-fwalk.o)
                0x00007a70                _fwalk
                0x00007ab0                _fwalk_reent
 .text          0x00007af8      0x114 /usr/lib/gcc/arm-none-eabi/12.2.1/../../../arm-none-eabi/lib/thumb/v7e-m+fp/hard/libg_nano.a(lib_a-makebuf.o)
                0x00007af8                __smakebuf_r
                0x00007bbc                __swhatbuf_r
 .text          0x00007c0c        0x8 /usr/lib/gcc/arm-none-eabi/12.2.1/../../../arm-none-eabi/lib/thumb/v7e-m+fp/hard/libg_nano.a(lib_a-mlock.o)
                0x00007c0c                __malloc_lock
                0x00007c10                __malloc_unlock
 .text          0x00007c14      0x3e8 /usr/lib/gcc/arm-none-eabi/12.2.1/../../../arm-none-eabi/lib/thumb/v7e-m+fp/hard/libg_nano.a(lib_a-nano-svfprintf.o)
                0x00007c14                __ssputs_r
                0x00007cd8                __ssprint_r
                0x00007dd4                _svfprintf_r
                0x00007dd4                _svfiprintf_r
 .text          0x00007ffc      0x33c /usr/lib/gcc/arm-none-eabi/12.2.1/../../../arm-none-eabi/lib/thumb/v7e-m+fp/hard/libg_nano.a(lib_a-nano-vfprintf.o)
                0x00008038                __sfputs_r
                0x00008068                __sprint_r
                0x00008088                _vfiprintf_r
                0x00008088                _vfprintf_r
                0x0000831c                vfiprintf
                0x0000831c                vfprintf
 .text          0x00008338      0x3d0 /usr/lib/gcc/arm-none-eabi/12.2.1/../../../arm-none-eabi/lib/thumb/v7e-m+fp/hard/libg_nano.a(lib_a-nano-vfprintf_i.o)
                0x00008338                _printf_common
                0x00008460                _printf_i
 .text          0x00008708       0x94 /usr/lib/gcc/arm-none-eabi/12.2.1/../../../arm-none-eabi/lib/thumb/v7e-m+fp/hard/libg_nano.a(lib_a-stdio.o)
                0x00008708                __sread
                0x0000872c                __seofread
                0x00008730                __swrite
                0x00008770                __sseek
                0x00008794                __sclose
 .text          0x0000879c       0x2c /usr/lib/gcc/arm-none-eabi/12.2.1/../../../arm-none-eabi/lib/thumb/v7e-m+fp/hard/libg_nano.a(lib_a-writer.o)
                0x0000879c                _write_r
 .text          0x000087c8       0x24 /usr/lib/gcc/arm-none-eabi/12.2.1/../../../arm-none-eabi/lib/thumb/v7e-m+fp/hard/libg_nano.a(lib_a-closer.o)
                0x000087c8                _close_r
 .text          0x000087ec       0x2c /usr/lib/gcc/arm-none-eabi/12.2.1/../../../arm-none-eabi/lib/thumb/v7e-m+fp/hard/libg_nano.a(lib_a-fstatr.o)
                0x000087ec                _fstat_r
 .text          0x00008818      0x2e4 /usr/lib/gcc/arm-none-eabi/12.2.1/../../../arm-none-eabi/lib/thumb/v7e-m+fp/hard/libg_nano.a(lib_a-fvwrite.o)
                0x00008818                __sfvwrite_r
 .text          0x00008afc       0x24 /usr/lib/gcc/arm-none-eabi/12.2.1/../../../arm-none-eabi/lib/thumb/v7e-m+fp/hard/libg_nano.a(lib_a-isattyr.o)
                0x00008afc                _isatty_r
 .text          0x00008b20       0x2c /usr/lib/gcc/arm-none-eabi/12.2.1/../../../arm-none-eabi/lib/thumb/v7e-m+fp/hard/libg_nano.a(lib_a-lseekr.o)
                0x00008b20                _lseek_r
 *fill*         0x00008b4c        0x4 
 .text          0x00008b50       0xa0 /usr/lib/gcc/arm-none-eabi/12.2.1/../../../arm-none-eabi/lib/thumb/v7e-m+fp/hard/libg_nano.a(lib_a-memchr.o)
                0x00008b50                memchr
 .text          0x00008bf0       0x50 /usr/lib/gcc/arm-none-eabi/12.2.1/../../../arm-none-eabi/lib/thumb/v7e-m+fp/hard/libg_nano.a(lib_a-nano-reallocr.o)
                0x00008bf0                _realloc_r
 .text          0x00008c40       0x2c /usr/lib/gcc/arm-none-eabi/12.2.1/../../../arm-none-eabi/lib/thumb/v7e-m+fp/hard/libg_nano.a(lib_a-readr.o)
                0x00008c40                _read_r
 .text          0x00008c6c       0x14 /usr/lib/gcc/arm-none-eabi/12.2.1/../../../arm-none-eabi/lib/thumb/v7e-m+fp/hard/libg_nano.a(lib_a-nano-msizer.o)
                0x00008c6c                _malloc_usable_size_r
 .text          0x00008c80       0x10 /usr/lib/gcc/arm-none-eabi/12.2.1/../../../arm-none-eabi/lib/thumb/v7e-m+fp/hard/libnosys.a(fstat.o)
                0x00008c80                _fstat
 .text          0x00008c90       0x10 /usr/lib/gcc/arm-none-eabi/12.2.1/../../../arm-none-eabi/lib/thumb/v7e-m+fp/hard/libnosys.a(isatty.o)
                0x00008c90                _isatty
 .text          0x00008ca0       0x1c /usr/lib/gcc/arm-none-eabi/12.2.1/../../../arm-none-eabi/lib/thumb/v7e-m+fp/hard/libnosys.a(sbrk.o)
                0x00008ca0                _sbrk
 .text          0x00008cbc        0x4 /usr/lib/gcc/arm-none-eabi/12.2.1/../../../arm-none-eabi/lib/thumb/v7e-m+fp/hard/libnosys.a(_exit.o)
                0x00008cbc                _exit
 *(.init)
 .init          0x00008cc0        0x4 /usr/lib/gcc/arm-none-eabi/12.2.1/thumb/v7e-m+fp/hard/crti.o
                0x00008cc0                _init
 .init          0x00008cc4        0x8 /usr/lib/gcc/arm-none-eabi/12.2.1/thumb/v7e-m+fp/hard/crtn.o
 *(.fini)
 .fini          0x00008ccc        0x4 /usr/lib/gcc/arm-none-eabi/12.2.1/thumb/v7e-m+fp/hard/crti.o
                0x00008ccc                _fini
 .fini          0x00008cd0        0x8 /usr/lib/gcc/arm-none-eabi/12.2.1/thumb/v7e-m+fp/hard/crtn.o
 *crtbegin.o(.ctors)
 *crtbegin?.o(.ctors)
 *(EXCLUDE_FILE(*crtend.o *crtend?.o) .ctors)
 *(SORT_BY_NAME(.ctors.*))
 *(.ctors)
 *crtbegin.o(.dtors)
 *crtbegin?.o(.dtors)
 *(EXCLUDE_FILE(*crtend.o *crtend?.o) .dtors)
 *(SORT_BY_NAME(.dtors.*))
 *(.dtors)
 *(.rodata*)
 .rodata.CLI_string_ptr_get_subcmd.str1.1
                0x00008cd8        0xc /sdcard/vaman/arm/codes/setup/blink/GCC_Project/output/cli_args.o
 .rodata.CLI_numX_getshow_X.str1.1
                0x00008ce4       0x23 /sdcard/vaman/arm/codes/setup/blink/GCC_Project/output/cli_args.o
 .rodata.handle_help.str1.1
                0x00008d07       0x2e /sdcard/vaman/arm/codes/setup/blink/GCC_Project/output/cli_loop.o
                                 0x33 (size before relaxing)
 .rodata.CLI_cmd_stack_push.str1.1
                0x00008d35       0x1a /sdcard/vaman/arm/codes/setup/blink/GCC_Project/output/cli_loop.o
 .rodata.CLI_cmd_stack_pop.str1.1
                0x00008d4f       0x16 /sdcard/vaman/arm/codes/setup/blink/GCC_Project/output/cli_loop.o
 .rodata.handle_exit.str1.1
                0x00008d65        0xa /sdcard/vaman/arm/codes/setup/blink/GCC_Project/output/cli_loop.o
 .rodata.CLI_print_prompt.str1.1
                0x00008d6f        0xd /sdcard/vaman/arm/codes/setup/blink/GCC_Project/output/cli_loop.o
 .rodata.CLI_dispatch_subcmd.str1.1
                0x00008d7c       0x2a /sdcard/vaman/arm/codes/setup/blink/GCC_Project/output/cli_loop.o
 .rodata.CLI_dispatch.str1.1
                0x00008da6       0x21 /sdcard/vaman/arm/codes/setup/blink/GCC_Project/output/cli_loop.o
 .rodata.CLI_verror.str1.1
                0x00008dc7        0x8 /sdcard/vaman/arm/codes/setup/blink/GCC_Project/output/cli_loop.o
 .rodata.CLI_rx_byte.str1.1
                0x00008dcf        0x9 /sdcard/vaman/arm/codes/setup/blink/GCC_Project/output/cli_loop.o
 .rodata._backspace.0
                0x00008dd8        0x4 /sdcard/vaman/arm/codes/setup/blink/GCC_Project/output/cli_loop.o
 .rodata.str1.1
                0x00008ddc       0x21 /sdcard/vaman/arm/codes/setup/blink/GCC_Project/output/cli_loop.o
                                 0x26 (size before relaxing)
 *fill*         0x00008dfd        0x3 
 .rodata.std_cmds
                0x00008e00       0x40 /sdcard/vaman/arm/codes/setup/blink/GCC_Project/output/cli_loop.o
 .rodata.CLI_error_missing_parameter.str1.1
                0x00008e40        0xd /sdcard/vaman/arm/codes/setup/blink/GCC_Project/output/cli_misc.o
 .rodata.CLI_error_not_a_number.str1.1
                0x00008e4d       0x17 /sdcard/vaman/arm/codes/setup/blink/GCC_Project/output/cli_misc.o
 .rodata.CLI_task.str1.1
                0x00008e64       0x42 /sdcard/vaman/arm/codes/setup/blink/GCC_Project/output/cli_platform.o
 .rodata.CLI_start_task.str1.1
                0x00008ea6       0x3f /sdcard/vaman/arm/codes/setup/blink/GCC_Project/output/cli_platform.o
 .rodata.dbg_str.str1.1
                0x00008ee5        0x3 /sdcard/vaman/arm/codes/setup/blink/GCC_Project/output/dbg_uart.o
 .rodata._colon_tt.0
                0x00008ee8        0x4 /sdcard/vaman/arm/codes/setup/blink/GCC_Project/output/dbg_uart.o
 .rodata.HAL_PAD_Config.str1.1
                0x00008eec       0x39 /sdcard/vaman/arm/codes/setup/blink/GCC_Project/output/eoss3_hal_pad_config.o
 .rodata.IO_INPUT_PAD_SEL
                0x00008f25       0x10 /sdcard/vaman/arm/codes/setup/blink/GCC_Project/output/eoss3_hal_pad_config.o
                0x00008f25                IO_INPUT_PAD_SEL
 .rodata.SEL_EXT_PAD_REGS
                0x00008f35      0x160 /sdcard/vaman/arm/codes/setup/blink/GCC_Project/output/eoss3_hal_pad_config.o
                0x00008f35                SEL_EXT_PAD_REGS
 .rodata.unlock_spi1_bus.str1.1
                0x00009095       0x36 /sdcard/vaman/arm/codes/setup/blink/GCC_Project/output/eoss3_hal_spi.o
 .rodata.SendEventToTimerThread.str1.1
                0x000090cb       0x82 /sdcard/vaman/arm/codes/setup/blink/GCC_Project/output/eoss3_hal_timer.o
 .rodata.HAL_Timer_ISR.str1.1
                0x0000914d       0x20 /sdcard/vaman/arm/codes/setup/blink/GCC_Project/output/eoss3_hal_timer.o
 .rodata.__FUNCTION__.6
                0x0000916d        0xe /sdcard/vaman/arm/codes/setup/blink/GCC_Project/output/eoss3_hal_timer.o
 .rodata.uart_init.str1.1
                0x0000917b        0xc /sdcard/vaman/arm/codes/setup/blink/GCC_Project/output/eoss3_hal_uart.o
 *fill*         0x00009187        0x1 
 .rodata.CSWTCH.25
                0x00009188       0x28 /sdcard/vaman/arm/codes/setup/blink/GCC_Project/output/eoss3_hal_uart.o
 .rodata.WDT_ISR.str1.1
                0x000091b0       0x4d /sdcard/vaman/arm/codes/setup/blink/GCC_Project/output/eoss3_hal_wdt.o
 .rodata.__FUNCTION__.2
                0x000091fd        0x8 /sdcard/vaman/arm/codes/setup/blink/GCC_Project/output/eoss3_hal_wdt.o
 .rodata.spurious_interrupt.str1.1
                0x00009205        0xd /sdcard/vaman/arm/codes/setup/blink/GCC_Project/output/exceptions.o
 .rodata.prvGetRegistersFromStack.str1.1
                0x00009212       0x41 /sdcard/vaman/arm/codes/setup/blink/GCC_Project/output/exceptions.o
                                 0x44 (size before relaxing)
 .rodata.vApplicationMallocFailedHook.str1.1
                0x00009253       0x20 /sdcard/vaman/arm/codes/setup/blink/GCC_Project/output/exceptions.o
 .rodata.vApplicationStackOverflowHook.str1.1
                0x00009273       0x21 /sdcard/vaman/arm/codes/setup/blink/GCC_Project/output/exceptions.o
 .rodata.pvPortMalloc.str1.1
                0x00009294       0x3d /sdcard/vaman/arm/codes/setup/blink/GCC_Project/output/heap_4.o
 .rodata.vPortFree.str1.1
                0x000092d1       0x35 /sdcard/vaman/arm/codes/setup/blink/GCC_Project/output/heap_4.o
 .rodata.main.str1.1
                0x00009306       0xcb /sdcard/vaman/arm/codes/setup/blink/GCC_Project/output/main.o
                                 0xd0 (size before relaxing)
 .rodata.set_gpio_input.str1.1
                0x000093d1        0x3 /sdcard/vaman/arm/codes/setup/blink/GCC_Project/output/main_dbg_cli_menu.o
 .rodata.set_gpio_output.str1.1
                0x000093d4        0x3 /sdcard/vaman/arm/codes/setup/blink/GCC_Project/output/main_dbg_cli_menu.o
                                  0x4 (size before relaxing)
 .rodata.get_gpio_value.str1.1
                0x000093d4       0x11 /sdcard/vaman/arm/codes/setup/blink/GCC_Project/output/main_dbg_cli_menu.o
 .rodata.str1.1
                0x000093e5       0x6e /sdcard/vaman/arm/codes/setup/blink/GCC_Project/output/main_dbg_cli_menu.o
 *fill*         0x00009453        0x1 
 .rodata.my_main_menu
                0x00009454       0x20 /sdcard/vaman/arm/codes/setup/blink/GCC_Project/output/main_dbg_cli_menu.o
                0x00009454                my_main_menu
 .rodata.qorc_gpioctlr
                0x00009474       0x40 /sdcard/vaman/arm/codes/setup/blink/GCC_Project/output/main_dbg_cli_menu.o
                0x00009474                qorc_gpioctlr
 .rodata.prvTaskExitError.str1.1
                0x000094b4       0x50 /sdcard/vaman/arm/codes/setup/blink/GCC_Project/output/port.o
 .rodata.xQueueGenericReset.str1.1
                0x00009504       0x2b /sdcard/vaman/arm/codes/setup/blink/GCC_Project/output/queue.o
 .rodata.S3x_Clk_Init.str1.1
                0x0000952f       0x41 /sdcard/vaman/arm/codes/setup/blink/GCC_Project/output/s3x_clock.o
 .rodata.DFS_StartTimer.str1.1
                0x00009570       0x42 /sdcard/vaman/arm/codes/setup/blink/GCC_Project/output/s3x_dfs.o
 .rodata.S3x_Set_Policy.str1.1
                0x000095b2       0x17 /sdcard/vaman/arm/codes/setup/blink/GCC_Project/output/s3x_dfs.o
 .rodata.S3x_Lpm_Handler.str1.1
                0x000095c9       0x61 /sdcard/vaman/arm/codes/setup/blink/GCC_Project/output/s3x_lpm.o
 .rodata.s3x_pi_set_active_st.str1.1
                0x0000962a       0x2f /sdcard/vaman/arm/codes/setup/blink/GCC_Project/output/s3x_pi.o
 .rodata.__func__.0
                0x00009659       0x15 /sdcard/vaman/arm/codes/setup/blink/GCC_Project/output/s3x_pi.o
 .rodata.save_assert_info.str1.1
                0x0000966e       0x1c /sdcard/vaman/arm/codes/setup/blink/GCC_Project/output/sec_debug.o
 .rodata.invoke_soft_fault.str1.1
                0x0000968a        0xc /sdcard/vaman/arm/codes/setup/blink/GCC_Project/output/sec_debug.o
 .rodata        0x00009696        0x8 /sdcard/vaman/arm/codes/setup/blink/GCC_Project/output/sec_debug.o
 .rodata.prvTaskIsTaskSuspended.str1.1
                0x0000969e       0x2b /sdcard/vaman/arm/codes/setup/blink/GCC_Project/output/tasks.o
 .rodata.vTaskStartScheduler.str1.1
                0x000096c9        0x5 /sdcard/vaman/arm/codes/setup/blink/GCC_Project/output/tasks.o
 .rodata.prvCheckForValidListAndQueue.str1.1
                0x000096ce        0x5 /sdcard/vaman/arm/codes/setup/blink/GCC_Project/output/timers.o
 .rodata.xTimerCreateTimerTask.str1.1
                0x000096d3       0x34 /sdcard/vaman/arm/codes/setup/blink/GCC_Project/output/timers.o
 *fill*         0x00009707        0x1 
 .rodata        0x00009708        0x4 /usr/lib/gcc/arm-none-eabi/12.2.1/../../../arm-none-eabi/lib/thumb/v7e-m+fp/hard/libg_nano.a(lib_a-impure.o)
                0x00009708                _global_impure_ptr
 .rodata        0x0000970c      0x101 /usr/lib/gcc/arm-none-eabi/12.2.1/../../../arm-none-eabi/lib/thumb/v7e-m+fp/hard/libg_nano.a(lib_a-ctype_.o)
                0x0000970c                _ctype_
 *fill*         0x0000980d        0x3 
 .rodata        0x00009810       0x60 /usr/lib/gcc/arm-none-eabi/12.2.1/../../../arm-none-eabi/lib/thumb/v7e-m+fp/hard/libg_nano.a(lib_a-findfp.o)
                0x00009810                __sf_fake_stderr
                0x00009830                __sf_fake_stdout
                0x00009850                __sf_fake_stdin
 .rodata.str1.4
                0x00009870       0x13 /usr/lib/gcc/arm-none-eabi/12.2.1/../../../arm-none-eabi/lib/thumb/v7e-m+fp/hard/libg_nano.a(lib_a-nano-svfprintf.o)
 .rodata.str1.4
                0x00009883       0x13 /usr/lib/gcc/arm-none-eabi/12.2.1/../../../arm-none-eabi/lib/thumb/v7e-m+fp/hard/libg_nano.a(lib_a-nano-vfprintf.o)
 *fill*         0x00009883        0x1 
 .rodata.str1.4
                0x00009884       0x25 /usr/lib/gcc/arm-none-eabi/12.2.1/../../../arm-none-eabi/lib/thumb/v7e-m+fp/hard/libg_nano.a(lib_a-nano-vfprintf_i.o)
 *(.eh_fram e*)

.eh_frame       0x000098ac        0x0
 .eh_frame      0x000098ac        0x0 /usr/lib/gcc/arm-none-eabi/12.2.1/thumb/v7e-m+fp/hard/crtbegin.o

.glue_7         0x000098ac        0x0
 .glue_7        0x000098ac        0x0 linker stubs

.glue_7t        0x000098ac        0x0
 .glue_7t       0x000098ac        0x0 linker stubs

.vfp11_veneer   0x000098ac        0x0
 .vfp11_veneer  0x000098ac        0x0 linker stubs

.v4_bx          0x000098ac        0x0
 .v4_bx         0x000098ac        0x0 linker stubs

.iplt           0x000098ac        0x0
 .iplt          0x000098ac        0x0 /usr/lib/gcc/arm-none-eabi/12.2.1/thumb/v7e-m+fp/hard/crtbegin.o

.ARM.extab
 *(.ARM.extab* .gnu.linkonce.armextab.*)
                0x000098a9                        __exidx_start = .

.ARM.exidx      0x000098ac        0x8
 *(.ARM.exidx* .gnu.linkonce.armexidx.*)
 .ARM.exidx     0x000098ac        0x8 /usr/lib/gcc/arm-none-eabi/12.2.1/../../../arm-none-eabi/lib/thumb/v7e-m+fp/hard/crt0.o
                                 0x10 (size before relaxing)
 .ARM.exidx     0x000098b4        0x0 /usr/lib/gcc/arm-none-eabi/12.2.1/thumb/v7e-m+fp/hard/libgcc.a(_udivmoddi4.o)
                                  0x8 (size before relaxing)
                0x000098b4                        __exidx_end = .
                0x000098b4                        __etext = .
                0x000098b4                        _sidata = __etext

.rel.dyn        0x000098b4        0x0
 .rel.iplt      0x000098b4        0x0 /usr/lib/gcc/arm-none-eabi/12.2.1/thumb/v7e-m+fp/hard/crtbegin.o

.data           0x20027000      0x900 load address 0x000098b4
                0x20027000                        __data_start__ = .
                0x20027000                        _sdata = __data_start__
 *(vtable)
 *(.data*)
 .data.pcDbgBufferLim
                0x20027000        0x4 /sdcard/vaman/arm/codes/setup/blink/GCC_Project/output/dbg_uart.o
                0x20027000                pcDbgBufferLim
 .data.pcDbgBuffer
                0x20027004        0x4 /sdcard/vaman/arm/codes/setup/blink/GCC_Project/output/dbg_uart.o
                0x20027004                pcDbgBuffer
 .data._semihost_handle
                0x20027008        0x4 /sdcard/vaman/arm/codes/setup/blink/GCC_Project/output/dbg_uart.o
                0x20027008                _semihost_handle
 .data._dbg_uart_id
                0x2002700c        0x4 /sdcard/vaman/arm/codes/setup/blink/GCC_Project/output/dbg_uart.o
                0x2002700c                _dbg_uart_id
 .data.rtc_alarm_interval
                0x20027010        0x4 /sdcard/vaman/arm/codes/setup/blink/GCC_Project/output/eoss3_hal_rtc.o
 .data.sizeof_pincfg_table
                0x20027014        0x4 /sdcard/vaman/arm/codes/setup/blink/GCC_Project/output/pincfg_table.o
                0x20027014                sizeof_pincfg_table
 .data.pincfg_table
                0x20027018       0xc0 /sdcard/vaman/arm/codes/setup/blink/GCC_Project/output/pincfg_table.o
                0x20027018                pincfg_table
 .data.uxCriticalNesting
                0x200270d8        0x4 /sdcard/vaman/arm/codes/setup/blink/GCC_Project/output/port.o
 .data.S3x_Clk_Domain_Gate_info
                0x200270dc       0x90 /sdcard/vaman/arm/codes/setup/blink/GCC_Project/output/s3x_clock.o
                0x200270dc                S3x_Clk_Domain_Gate_info
 .data.stepdown_clkd_index
                0x2002716c        0x4 /sdcard/vaman/arm/codes/setup/blink/GCC_Project/output/s3x_dfs.o
                0x2002716c                stepdown_clkd_index
 .data.stepup_clkd_index
                0x20027170        0x4 /sdcard/vaman/arm/codes/setup/blink/GCC_Project/output/s3x_dfs.o
                0x20027170                stepup_clkd_index
 .data.policyCurrent
                0x20027174        0x1 /sdcard/vaman/arm/codes/setup/blink/GCC_Project/output/s3x_dfs.o
 .data.s3x_dfs_enable
                0x20027175        0x1 /sdcard/vaman/arm/codes/setup/blink/GCC_Project/output/s3x_dfs.o
 .data.S3x_Gate_PI_info
                0x20027176       0x48 /sdcard/vaman/arm/codes/setup/blink/GCC_Project/output/s3x_pi.o
                0x20027176                S3x_Gate_PI_info
 *fill*         0x200271be        0x2 
 .data.sram_lpm_blocks
                0x200271c0        0x4 /sdcard/vaman/arm/codes/setup/blink/GCC_Project/output/s3x_pwrcfg.o
 .data.dfs_node
                0x200271c4       0xa0 /sdcard/vaman/arm/codes/setup/blink/GCC_Project/output/s3x_pwrcfg.o
                0x200271c4                dfs_node
 .data.policyInitial
                0x20027264        0x1 /sdcard/vaman/arm/codes/setup/blink/GCC_Project/output/s3x_pwrcfg.o
                0x20027264                policyInitial
 *fill*         0x20027265        0x1 
 .data.S3Pi     0x20027266      0x1dc /sdcard/vaman/arm/codes/setup/blink/GCC_Project/output/s3x_pwrcfg.o
                0x20027266                S3Pi
 *fill*         0x20027442        0x2 
 .data.S3clk    0x20027444      0x450 /sdcard/vaman/arm/codes/setup/blink/GCC_Project/output/s3x_pwrcfg.o
                0x20027444                S3clk
 .data          0x20027894       0x64 /usr/lib/gcc/arm-none-eabi/12.2.1/../../../arm-none-eabi/lib/thumb/v7e-m+fp/hard/libg_nano.a(lib_a-impure.o)
                0x20027894                _impure_ptr
                0x200278f8                        . = ALIGN (0x4)
                0x200278f8                        PROVIDE (__preinit_array_start = .)
 *(.preinit_array)
                0x200278f8                        PROVIDE (__preinit_array_end = .)
                0x200278f8                        . = ALIGN (0x4)
                0x200278f8                        PROVIDE (__init_array_start = .)
 *(SORT_BY_NAME(.init_array.*))
 *(.init_array)
 .init_array    0x200278f8        0x4 /usr/lib/gcc/arm-none-eabi/12.2.1/thumb/v7e-m+fp/hard/crtbegin.o
                0x200278fc                        PROVIDE (__init_array_end = .)
                0x200278fc                        . = ALIGN (0x4)
                0x200278fc                        PROVIDE (__fini_array_start = .)
 *(SORT_BY_NAME(.fini_array.*))
 *(.fini_array)
 .fini_array    0x200278fc        0x4 /usr/lib/gcc/arm-none-eabi/12.2.1/thumb/v7e-m+fp/hard/crtbegin.o
                0x20027900                        PROVIDE (__fini_array_end = .)
 *(.jcr*)
                0x20027900                        . = ALIGN (0x4)
                0x20027900                        __data_end__ = .
                0x20027900                        _edata = __data_end__

.tm_clone_table
                0x20027900        0x0 load address 0x0000a1b4
 .tm_clone_table
                0x20027900        0x0 /usr/lib/gcc/arm-none-eabi/12.2.1/thumb/v7e-m+fp/hard/crtbegin.o
 .tm_clone_table
                0x20027900        0x0 /usr/lib/gcc/arm-none-eabi/12.2.1/thumb/v7e-m+fp/hard/crtend.o

.igot.plt       0x20027900        0x0 load address 0x0000a1b4
 .igot.plt      0x20027900        0x0 /usr/lib/gcc/arm-none-eabi/12.2.1/thumb/v7e-m+fp/hard/crtbegin.o

.Hardware       0x20064000        0x0
                0x20064000                        __hwa_start__ = .
 *(*HWA*)
                0x20064000                        __hwa_end__ = .

.bss            0x20027900    0x10450
                0x20027900                        . = ALIGN (0x4)
                0x20027900                        __bss_start__ = .
                0x20027900                        _sbss = __bss_start__
 *(.bss*)
 .bss           0x20027900       0x1c /usr/lib/gcc/arm-none-eabi/12.2.1/thumb/v7e-m+fp/hard/crtbegin.o
 .bss.outbuf.0  0x2002791c       0x64 /sdcard/vaman/arm/codes/setup/blink/GCC_Project/output/cli_io.o
 .bss.last_was_cr.1