Archive member included to satisfy reference by file (symbol)

/usr/lib/gcc/arm-none-eabi/12.2.1/thumb/v7e-m+fp/hard/libgcc.a(_arm_muldf3.o)
                              /sdcard/vaman/arm/codes/sevenseg/loop/GCC_Project/output/ql_test_signals.o (__aeabi_dmul)
/usr/lib/gcc/arm-none-eabi/12.2.1/thumb/v7e-m+fp/hard/libgcc.a(_arm_addsubdf3.o)
                              /sdcard/vaman/arm/codes/sevenseg/loop/GCC_Project/output/ql_test_signals.o (__aeabi_dadd)
/usr/lib/gcc/arm-none-eabi/12.2.1/thumb/v7e-m+fp/hard/libgcc.a(_arm_muldivdf3.o)
                              /sdcard/vaman/arm/codes/sevenseg/loop/GCC_Project/output/eoss3_hal_i2c.o (__aeabi_ddiv)
/usr/lib/gcc/arm-none-eabi/12.2.1/thumb/v7e-m+fp/hard/libgcc.a(_arm_fixdfsi.o)
                              /sdcard/vaman/arm/codes/sevenseg/loop/GCC_Project/output/ql_test_signals.o (__aeabi_d2iz)
/usr/lib/gcc/arm-none-eabi/12.2.1/thumb/v7e-m+fp/hard/libgcc.a(_arm_truncdfsf2.o)
                              /sdcard/vaman/arm/codes/sevenseg/loop/GCC_Project/output/eoss3_hal_i2c.o (__aeabi_d2f)
/usr/lib/gcc/arm-none-eabi/12.2.1/thumb/v7e-m+fp/hard/libgcc.a(_aeabi_ldivmod.o)
                              /sdcard/vaman/arm/codes/sevenseg/loop/GCC_Project/output/dbg_uart.o (__aeabi_ldivmod)
/usr/lib/gcc/arm-none-eabi/12.2.1/thumb/v7e-m+fp/hard/libgcc.a(_aeabi_uldivmod.o)
                              /sdcard/vaman/arm/codes/sevenseg/loop/GCC_Project/output/s3x_lpm.o (__aeabi_uldivmod)
/usr/lib/gcc/arm-none-eabi/12.2.1/thumb/v7e-m+fp/hard/libgcc.a(_udivmoddi4.o)
                              /usr/lib/gcc/arm-none-eabi/12.2.1/thumb/v7e-m+fp/hard/libgcc.a(_aeabi_ldivmod.o) (__udivmoddi4)
/usr/lib/gcc/arm-none-eabi/12.2.1/thumb/v7e-m+fp/hard/libgcc.a(_dvmd_tls.o)
                              /usr/lib/gcc/arm-none-eabi/12.2.1/thumb/v7e-m+fp/hard/libgcc.a(_aeabi_ldivmod.o) (__aeabi_ldiv0)
/usr/lib/gcc/arm-none-eabi/12.2.1/../../../arm-none-eabi/lib/thumb/v7e-m+fp/hard/libg_nano.a(lib_a-atexit.o)
                              /usr/lib/gcc/arm-none-eabi/12.2.1/../../../arm-none-eabi/lib/thumb/v7e-m+fp/hard/crt0.o (atexit)
/usr/lib/gcc/arm-none-eabi/12.2.1/../../../arm-none-eabi/lib/thumb/v7e-m+fp/hard/libg_nano.a(lib_a-exit.o)
                              /usr/lib/gcc/arm-none-eabi/12.2.1/../../../arm-none-eabi/lib/thumb/v7e-m+fp/hard/crt0.o (exit)
/usr/lib/gcc/arm-none-eabi/12.2.1/../../../arm-none-eabi/lib/thumb/v7e-m+fp/hard/libg_nano.a(lib_a-fini.o)
                              /usr/lib/gcc/arm-none-eabi/12.2.1/../../../arm-none-eabi/lib/thumb/v7e-m+fp/hard/crt0.o (__libc_fini_array)
/usr/lib/gcc/arm-none-eabi/12.2.1/../../../arm-none-eabi/lib/thumb/v7e-m+fp/hard/libg_nano.a(lib_a-impure.o)
                              /usr/lib/gcc/arm-none-eabi/12.2.1/../../../arm-none-eabi/lib/thumb/v7e-m+fp/hard/libg_nano.a(lib_a-exit.o) (_global_impure_ptr)
/usr/lib/gcc/arm-none-eabi/12.2.1/../../../arm-none-eabi/lib/thumb/v7e-m+fp/hard/libg_nano.a(lib_a-init.o)
                              /usr/lib/gcc/arm-none-eabi/12.2.1/../../../arm-none-eabi/lib/thumb/v7e-m+fp/hard/crt0.o (__libc_init_array)
/usr/lib/gcc/arm-none-eabi/12.2.1/../../../arm-none-eabi/lib/thumb/v7e-m+fp/hard/libg_nano.a(lib_a-malloc.o)
                              /sdcard/vaman/arm/codes/sevenseg/loop/GCC_Project/output/circularBuffQueue.o (malloc)
/usr/lib/gcc/arm-none-eabi/12.2.1/../../../arm-none-eabi/lib/thumb/v7e-m+fp/hard/libg_nano.a(lib_a-memcpy.o)
                              /sdcard/vaman/arm/codes/sevenseg/loop/GCC_Project/output/cli_args.o (memcpy)
/usr/lib/gcc/arm-none-eabi/12.2.1/../../../arm-none-eabi/lib/thumb/v7e-m+fp/hard/libg_nano.a(lib_a-memmove.o)
                              /sdcard/vaman/arm/codes/sevenseg/loop/GCC_Project/output/cli_io.o (memmove)
/usr/lib/gcc/arm-none-eabi/12.2.1/../../../arm-none-eabi/lib/thumb/v7e-m+fp/hard/libg_nano.a(lib_a-memset.o)
                              /usr/lib/gcc/arm-none-eabi/12.2.1/../../../arm-none-eabi/lib/thumb/v7e-m+fp/hard/crt0.o (memset)
/usr/lib/gcc/arm-none-eabi/12.2.1/../../../arm-none-eabi/lib/thumb/v7e-m+fp/hard/libg_nano.a(lib_a-nano-freer.o)
                              /usr/lib/gcc/arm-none-eabi/12.2.1/../../../arm-none-eabi/lib/thumb/v7e-m+fp/hard/libg_nano.a(lib_a-malloc.o) (_free_r)
/usr/lib/gcc/arm-none-eabi/12.2.1/../../../arm-none-eabi/lib/thumb/v7e-m+fp/hard/libg_nano.a(lib_a-nano-mallocr.o)
                              /usr/lib/gcc/arm-none-eabi/12.2.1/../../../arm-none-eabi/lib/thumb/v7e-m+fp/hard/libg_nano.a(lib_a-malloc.o) (_malloc_r)
/usr/lib/gcc/arm-none-eabi/12.2.1/../../../arm-none-eabi/lib/thumb/v7e-m+fp/hard/libg_nano.a(lib_a-printf.o)
                              /sdcard/vaman/arm/codes/sevenseg/loop/GCC_Project/output/circularBuffQueue.o (printf)
/usr/lib/gcc/arm-none-eabi/12.2.1/../../../arm-none-eabi/lib/thumb/v7e-m+fp/hard/libg_nano.a(lib_a-puts.o)
                              /sdcard/vaman/arm/codes/sevenseg/loop/GCC_Project/output/eoss3_hal_i2s_slave_assp.o (puts)
[...]
Memory Configuration

Name             Origin             Length             Attributes
rom              0x00000000         0x00027000         xr
ram              0x20027000         0x0003c800         xrw
spiram           0x20063800         0x00000800         rw
HWA              0x20064000         0x00018000         rw
shm              0x2007c000         0x00004000
*default*        0x00000000         0xffffffff

Linker script and memory map

LOAD /usr/lib/gcc/arm-none-eabi/12.2.1/thumb/v7e-m+fp/hard/crti.o
LOAD /usr/lib/gcc/arm-none-eabi/12.2.1/thumb/v7e-m+fp/hard/crtbegin.o
LOAD /usr/lib/gcc/arm-none-eabi/12.2.1/../../../arm-none-eabi/lib/thumb/v7e-m+fp/hard/crt0.o
LOAD /sdcard/vaman/arm/codes/sevenseg/loop/GCC_Project/output/c_lib_retarget.o
LOAD /sdcard/vaman/arm/codes/sevenseg/loop/GCC_Project/output/circularBuffQueue.o
LOAD /sdcard/vaman/arm/codes/sevenseg/loop/GCC_Project/output/cli_args.o
LOAD /sdcard/vaman/arm/codes/sevenseg/loop/GCC_Project/output/cli_hexdump.o
LOAD /sdcard/vaman/arm/codes/sevenseg/loop/GCC_Project/output/cli_io.o
LOAD /sdcard/vaman/arm/codes/sevenseg/loop/GCC_Project/output/cli_loop.o
LOAD /sdcard/vaman/arm/codes/sevenseg/loop/GCC_Project/output/cli_misc.o
LOAD /sdcard/vaman/arm/codes/sevenseg/loop/GCC_Project/output/cli_platform.o
LOAD /sdcard/vaman/arm/codes/sevenseg/loop/GCC_Project/output/cli_stdcmds.o
LOAD /sdcard/vaman/arm/codes/sevenseg/loop/GCC_Project/output/crc16.o
LOAD /sdcard/vaman/arm/codes/sevenseg/loop/GCC_Project/output/crc32.o
LOAD /sdcard/vaman/arm/codes/sevenseg/loop/GCC_Project/output/croutine.o
LOAD /sdcard/vaman/arm/codes/sevenseg/loop/GCC_Project/output/dbg_bufferedprinttask.o
LOAD /sdcard/vaman/arm/codes/sevenseg/loop/GCC_Project/output/dbg_queue_monitor.o
LOAD /sdcard/vaman/arm/codes/sevenseg/loop/GCC_Project/output/dbg_uart.o
LOAD /sdcard/vaman/arm/codes/sevenseg/loop/GCC_Project/output/dbgtrace.o
LOAD /sdcard/vaman/arm/codes/sevenseg/loop/GCC_Project/output/eoss3_hal_adc.o
LOAD /sdcard/vaman/arm/codes/sevenseg/loop/GCC_Project/output/eoss3_hal_gpio.o
LOAD /sdcard/vaman/arm/codes/sevenseg/loop/GCC_Project/output/eoss3_hal_i2c.o
LOAD /sdcard/vaman/arm/codes/sevenseg/loop/GCC_Project/output/eoss3_hal_i2s.o
LOAD /sdcard/vaman/arm/codes/sevenseg/loop/GCC_Project/output/eoss3_hal_i2s_slave_assp.o
LOAD /sdcard/vaman/arm/codes/sevenseg/loop/GCC_Project/output/eoss3_hal_pad_config.o
LOAD /sdcard/vaman/arm/codes/sevenseg/loop/GCC_Project/output/eoss3_hal_pkfb.o
LOAD /sdcard/vaman/arm/codes/sevenseg/loop/GCC_Project/output/eoss3_hal_rtc.o
LOAD /sdcard/vaman/arm/codes/sevenseg/loop/GCC_Project/output/eoss3_hal_sdma.o
LOAD /sdcard/vaman/arm/codes/sevenseg/loop/GCC_Project/output/eoss3_hal_spi.o
LOAD /sdcard/vaman/arm/codes/sevenseg/loop/GCC_Project/output/eoss3_hal_timer.o
LOAD /sdcard/vaman/arm/codes/sevenseg/loop/GCC_Project/output/eoss3_hal_uart.o
LOAD /sdcard/vaman/arm/codes/sevenseg/loop/GCC_Project/output/eoss3_hal_wb.o
LOAD /sdcard/vaman/arm/codes/sevenseg/loop/GCC_Project/output/eoss3_hal_wdt.o
LOAD /sdcard/vaman/arm/codes/sevenseg/loop/GCC_Project/output/event_groups.o
LOAD /sdcard/vaman/arm/codes/sevenseg/loop/GCC_Project/output/exceptions.o
LOAD /sdcard/vaman/arm/codes/sevenseg/loop/GCC_Project/output/freertos_static_memory.o
LOAD /sdcard/vaman/arm/codes/sevenseg/loop/GCC_Project/output/heap_4.o
LOAD /sdcard/vaman/arm/codes/sevenseg/loop/GCC_Project/output/hearable_pwrcfg.o
LOAD /sdcard/vaman/arm/codes/sevenseg/loop/GCC_Project/output/leds.o
LOAD /sdcard/vaman/arm/codes/sevenseg/loop/GCC_Project/output/list.o
LOAD /sdcard/vaman/arm/codes/sevenseg/loop/GCC_Project/output/main.o
LOAD /sdcard/vaman/arm/codes/sevenseg/loop/GCC_Project/output/main_dbg_cli_menu.o
LOAD /sdcard/vaman/arm/codes/sevenseg/loop/GCC_Project/output/pincfg_table.o
LOAD /sdcard/vaman/arm/codes/sevenseg/loop/GCC_Project/output/port.o
LOAD /sdcard/vaman/arm/codes/sevenseg/loop/GCC_Project/output/qf_baremetalsetup.o
LOAD /sdcard/vaman/arm/codes/sevenseg/loop/GCC_Project/output/qf_hardwaresetup.o
LOAD /sdcard/vaman/arm/codes/sevenseg/loop/GCC_Project/output/ql_base64.o
LOAD /sdcard/vaman/arm/codes/sevenseg/loop/GCC_Project/output/ql_stackwatermark.o
LOAD /sdcard/vaman/arm/codes/sevenseg/loop/GCC_Project/output/ql_test_signals.o
LOAD /sdcard/vaman/arm/codes/sevenseg/loop/GCC_Project/output/ql_time.o
LOAD /sdcard/vaman/arm/codes/sevenseg/loop/GCC_Project/output/queue.o
LOAD /sdcard/vaman/arm/codes/sevenseg/loop/GCC_Project/output/s3x_clock.o
LOAD /sdcard/vaman/arm/codes/sevenseg/loop/GCC_Project/output/s3x_clock_hal.o
LOAD /sdcard/vaman/arm/codes/sevenseg/loop/GCC_Project/output/s3x_cpuload.o
LOAD /sdcard/vaman/arm/codes/sevenseg/loop/GCC_Project/output/s3x_dfs.o
LOAD /sdcard/vaman/arm/codes/sevenseg/loop/GCC_Project/output/s3x_lpm.o
LOAD /sdcard/vaman/arm/codes/sevenseg/loop/GCC_Project/output/s3x_pi.o
LOAD /sdcard/vaman/arm/codes/sevenseg/loop/GCC_Project/output/s3x_pwrcfg.o
LOAD /sdcard/vaman/arm/codes/sevenseg/loop/GCC_Project/output/s3x_qos.o
LOAD /sdcard/vaman/arm/codes/sevenseg/loop/GCC_Project/output/sec_debug.o
LOAD /sdcard/vaman/arm/codes/sevenseg/loop/GCC_Project/output/spi_flash.o
LOAD /sdcard/vaman/arm/codes/sevenseg/loop/GCC_Project/output/startup_EOSS3B_GCC.o
LOAD /sdcard/vaman/arm/codes/sevenseg/loop/GCC_Project/output/stream_buffer.o
LOAD /sdcard/vaman/arm/codes/sevenseg/loop/GCC_Project/output/tasks.o
LOAD /sdcard/vaman/arm/codes/sevenseg/loop/GCC_Project/output/timers.o
LOAD /sdcard/vaman/arm/codes/sevenseg/loop/GCC_Project/output/vectors_CM4F_gcc.o
LOAD /sdcard/vaman/arm/codes/sevenseg/loop/GCC_Project/output/watchdog.o
LOAD /usr/lib/gcc/arm-none-eabi/12.2.1/../../../arm-none-eabi/lib/thumb/v7e-m+fp/hard/libm.a
LOAD /root/pygmy-dev/pygmy-sdk/Libraries/CMSIS/lib/GCC/libarm_cortexM4lf_math.a
START GROUP
LOAD /usr/lib/gcc/arm-none-eabi/12.2.1/thumb/v7e-m+fp/hard/libgcc.a
LOAD /usr/lib/gcc/arm-none-eabi/12.2.1/../../../arm-none-eabi/lib/thumb/v7e-m+fp/hard/libg_nano.a
LOAD /usr/lib/gcc/arm-none-eabi/12.2.1/../../../arm-none-eabi/lib/thumb/v7e-m+fp/hard/libc_nano.a
END GROUP
START GROUP
LOAD /usr/lib/gcc/arm-none-eabi/12.2.1/thumb/v7e-m+fp/hard/libgcc.a
LOAD /usr/lib/gcc/arm-none-eabi/12.2.1/../../../arm-none-eabi/lib/thumb/v7e-m+fp/hard/libc_nano.a
LOAD /usr/lib/gcc/arm-none-eabi/12.2.1/../../../arm-none-eabi/lib/thumb/v7e-m+fp/hard/libnosys.a
END GROUP
START GROUP
LOAD /usr/lib/gcc/arm-none-eabi/12.2.1/thumb/v7e-m+fp/hard/libgcc.a
LOAD /usr/lib/gcc/arm-none-eabi/12.2.1/../../../arm-none-eabi/lib/thumb/v7e-m+fp/hard/libc_nano.a
LOAD /usr/lib/gcc/arm-none-eabi/12.2.1/../../../arm-none-eabi/lib/thumb/v7e-m+fp/hard/libnosys.a
END GROUP
LOAD /usr/lib/gcc/arm-none-eabi/12.2.1/thumb/v7e-m+fp/hard/crtend.o
LOAD /usr/lib/gcc/arm-none-eabi/12.2.1/thumb/v7e-m+fp/hard/crtn.o

.text           0x00000000     0x8b45
 *(.isr_vector)
 .isr_vector    0x00000000      0x124 /sdcard/vaman/arm/codes/sevenseg/loop/GCC_Project/output/vectors_CM4F_gcc.o
                0x00000000                __Vectors
 *(.text*)
 .text          0x00000124       0x88 /usr/lib/gcc/arm-none-eabi/12.2.1/thumb/v7e-m+fp/hard/crtbegin.o
 .text          0x000001ac       0x70 /usr/lib/gcc/arm-none-eabi/12.2.1/../../../arm-none-eabi/lib/thumb/v7e-m+fp/hard/crt0.o
                0x000001ac                _stack_init
                0x000001b4                _mainCRTStartup
                0x000001b4                _start
 .text._write   0x0000021c        0xe /sdcard/vaman/arm/codes/sevenseg/loop/GCC_Project/output/c_lib_retarget.o
                0x0000021c                _write
 .text._close   0x0000022a        0x6 /sdcard/vaman/arm/codes/sevenseg/loop/GCC_Project/output/c_lib_retarget.o
                0x0000022a                _close
 .text._lseek   0x00000230        0x4 /sdcard/vaman/arm/codes/sevenseg/loop/GCC_Project/output/c_lib_retarget.o
                0x00000230                _lseek
 .text._read    0x00000234        0x4 /sdcard/vaman/arm/codes/sevenseg/loop/GCC_Project/output/c_lib_retarget.o
                0x00000234                _read
 .text.do_str_fetch
                0x00000238       0x3c /sdcard/vaman/arm/codes/sevenseg/loop/GCC_Project/output/cli_args.o
 .text.CLI_string_ptr_get_subcmd
                0x00000274       0x20 /sdcard/vaman/arm/codes/sevenseg/loop/GCC_Project/output/cli_args.o
                0x00000274                CLI_string_ptr_get_subcmd
 .text.CLI_numX_getshow_X
                0x00000294      0x208 /sdcard/vaman/arm/codes/sevenseg/loop/GCC_Project/output/cli_args.o
                0x00000294                CLI_numX_getshow_X
 .text.CLI_uint8_getshow
                0x0000049c        0x8 /sdcard/vaman/arm/codes/sevenseg/loop/GCC_Project/output/cli_args.o
                0x0000049c                CLI_uint8_getshow
 .text.append_key
                0x000004a4       0x30 /sdcard/vaman/arm/codes/sevenseg/loop/GCC_Project/output/cli_io.o
 .text.get_key_ignore_null
                0x000004d4       0x18 /sdcard/vaman/arm/codes/sevenseg/loop/GCC_Project/output/cli_io.o
 .text.CLI_getkey_peek
                0x000004ec      0x120 /sdcard/vaman/arm/codes/sevenseg/loop/GCC_Project/output/cli_io.o
                0x000004ec                CLI_getkey_peek
 .text.CLI_getkey
                0x0000060c       0x30 /sdcard/vaman/arm/codes/sevenseg/loop/GCC_Project/output/cli_io.o
                0x0000060c                CLI_getkey
 .text.CLI_col0_timestamp
                0x0000063c       0x78 /sdcard/vaman/arm/codes/sevenseg/loop/GCC_Project/output/cli_io.o
                0x0000063c                CLI_col0_timestamp
 .text.CLI_putc
                0x000006b4       0x4c /sdcard/vaman/arm/codes/sevenseg/loop/GCC_Project/output/cli_io.o
                0x000006b4                CLI_putc
 .text.CLI_puts_no_nl
                0x00000700       0x12 /sdcard/vaman/arm/codes/sevenseg/loop/GCC_Project/output/cli_io.o
                0x00000700                CLI_puts_no_nl
 *fill*         0x00000712        0x2 
 .text.CLI_vprintf
                0x00000714       0x24 /sdcard/vaman/arm/codes/sevenseg/loop/GCC_Project/output/cli_io.o
                0x00000714                CLI_vprintf
 .text.CLI_printf
                0x00000738       0x1a /sdcard/vaman/arm/codes/sevenseg/loop/GCC_Project/output/cli_io.o
                0x00000738                CLI_printf
 *fill*         0x00000752        0x2 
 .text.handle_help
                0x00000754       0xc4 /sdcard/vaman/arm/codes/sevenseg/loop/GCC_Project/output/cli_loop.o
 .text.CLI_cmd_stack_replace
                0x00000818       0x10 /sdcard/vaman/arm/codes/sevenseg/loop/GCC_Project/output/cli_loop.o
                0x00000818                CLI_cmd_stack_replace
 .text.CLI_cmd_stack_push
                0x00000828       0x30 /sdcard/vaman/arm/codes/sevenseg/loop/GCC_Project/output/cli_loop.o
                0x00000828                CLI_cmd_stack_push
 .text.CLI_cmd_stack_clear
                0x00000858       0x24 /sdcard/vaman/arm/codes/sevenseg/loop/GCC_Project/output/cli_loop.o
                0x00000858                CLI_cmd_stack_clear
 .text.CLI_cmd_stack_pop
                0x0000087c       0x40 /sdcard/vaman/arm/codes/sevenseg/loop/GCC_Project/output/cli_loop.o
                0x0000087c                CLI_cmd_stack_pop
 .text.handle_exit
                0x000008bc       0x1c /sdcard/vaman/arm/codes/sevenseg/loop/GCC_Project/output/cli_loop.o
 .text.CLI_init
                0x000008d8       0x24 /sdcard/vaman/arm/codes/sevenseg/loop/GCC_Project/output/cli_loop.o
                0x000008d8                CLI_init
 .text.CLI_print_prompt
                0x000008fc       0x44 /sdcard/vaman/arm/codes/sevenseg/loop/GCC_Project/output/cli_loop.o
                0x000008fc                CLI_print_prompt
 .text.CLI_dispatch_subcmd
                0x00000940       0x8c /sdcard/vaman/arm/codes/sevenseg/loop/GCC_Project/output/cli_loop.o
                0x00000940                CLI_dispatch_subcmd
 .text.CLI_dispatch
                0x000009cc       0xc0 /sdcard/vaman/arm/codes/sevenseg/loop/GCC_Project/output/cli_loop.o
 .text.CLI_submenu_handler
                0x00000a8c       0x30 /sdcard/vaman/arm/codes/sevenseg/loop/GCC_Project/output/cli_loop.o
                0x00000a8c                CLI_submenu_handler
 .text.CLI_verror
                0x00000abc       0x40 /sdcard/vaman/arm/codes/sevenseg/loop/GCC_Project/output/cli_loop.o
                0x00000abc                CLI_verror
 .text.CLI_rx_byte
                0x00000afc      0x108 /sdcard/vaman/arm/codes/sevenseg/loop/GCC_Project/output/cli_loop.o
                0x00000afc                CLI_rx_byte
 .text.CLI_is_more_args
                0x00000c04       0x14 /sdcard/vaman/arm/codes/sevenseg/loop/GCC_Project/output/cli_misc.o
                0x00000c04                CLI_is_more_args
 .text.CLI_error
                0x00000c18       0x1a /sdcard/vaman/arm/codes/sevenseg/loop/GCC_Project/output/cli_misc.o
                0x00000c18                CLI_error
 *fill*         0x00000c32        0x2 
 .text.CLI_error_missing_parameter
                0x00000c34        0xc /sdcard/vaman/arm/codes/sevenseg/loop/GCC_Project/output/cli_misc.o
                0x00000c34                CLI_error_missing_parameter
 .text.CLI_error_not_a_number
                0x00000c40       0x10 /sdcard/vaman/arm/codes/sevenseg/loop/GCC_Project/output/cli_misc.o
                0x00000c40                CLI_error_not_a_number
 .text.CLI_task
                0x00000c50       0x54 /sdcard/vaman/arm/codes/sevenseg/loop/GCC_Project/output/cli_platform.o
                0x00000c50                CLI_task
 .text.CLI_time_now
                0x00000ca4        0x4 /sdcard/vaman/arm/codes/sevenseg/loop/GCC_Project/output/cli_platform.o
                0x00000ca4                CLI_time_now
 .text.CLI_beep
                0x00000ca8        0x6 /sdcard/vaman/arm/codes/sevenseg/loop/GCC_Project/output/cli_platform.o
                0x00000ca8                CLI_beep
 .text.CLI_timeout_expired
                0x00000cae       0x22 /sdcard/vaman/arm/codes/sevenseg/loop/GCC_Project/output/cli_platform.o
                0x00000cae                CLI_timeout_expired
 .text.CLI_putc_raw
                0x00000cd0        0x8 /sdcard/vaman/arm/codes/sevenseg/loop/GCC_Project/output/cli_platform.o
                0x00000cd0                CLI_putc_raw
 .text.CLI_getkey_raw
                0x00000cd8       0x3c /sdcard/vaman/arm/codes/sevenseg/loop/GCC_Project/output/cli_platform.o
                0x00000cd8                CLI_getkey_raw
 .text.CLI_start_task
                0x00000d14       0x58 /sdcard/vaman/arm/codes/sevenseg/loop/GCC_Project/output/cli_platform.o
                0x00000d14                CLI_start_task
 .text.__debug_lockup
                0x00000d6c       0x14 /sdcard/vaman/arm/codes/sevenseg/loop/GCC_Project/output/dbg_uart.o
 .text._semihost_write
                0x00000d80       0x50 /sdcard/vaman/arm/codes/sevenseg/loop/GCC_Project/output/dbg_uart.o
                0x00000d80                _semihost_write
 .text.dbg_ch_raw
                0x00000dd0       0x78 /sdcard/vaman/arm/codes/sevenseg/loop/GCC_Project/output/dbg_uart.o
                0x00000dd0                dbg_ch_raw
 .text.dbg_nl   0x00000e48       0x12 /sdcard/vaman/arm/codes/sevenseg/loop/GCC_Project/output/dbg_uart.o
                0x00000e48                dbg_nl
 .text.dbg_ch   0x00000e5a        0xc /sdcard/vaman/arm/codes/sevenseg/loop/GCC_Project/output/dbg_uart.o
                0x00000e5a                dbg_ch
 .text.dbg_hex4
                0x00000e66       0x14 /sdcard/vaman/arm/codes/sevenseg/loop/GCC_Project/output/dbg_uart.o
 .text.dbg_hex8
                0x00000e7a       0x14 /sdcard/vaman/arm/codes/sevenseg/loop/GCC_Project/output/dbg_uart.o
                0x00000e7a                dbg_hex8
 .text.dbg_hex16
                0x00000e8e       0x14 /sdcard/vaman/arm/codes/sevenseg/loop/GCC_Project/output/dbg_uart.o
                0x00000e8e                dbg_hex16
 .text.dbg_hex32
                0x00000ea2       0x14 /sdcard/vaman/arm/codes/sevenseg/loop/GCC_Project/output/dbg_uart.o
                0x00000ea2                dbg_hex32
 .text._dbg_int
                0x00000eb6       0x20 /sdcard/vaman/arm/codes/sevenseg/loop/GCC_Project/output/dbg_uart.o
 .text.dbg_memdumpx
                0x00000ed6       0xfc /sdcard/vaman/arm/codes/sevenseg/loop/GCC_Project/output/dbg_uart.o
 *fill*         0x00000fd2        0x2 
 .text.dbg_str  0x00000fd4       0x7c /sdcard/vaman/arm/codes/sevenseg/loop/GCC_Project/output/dbg_uart.o
                0x00000fd4                dbg_str
 .text._dbg_str_xxx
                0x00001050       0x16 /sdcard/vaman/arm/codes/sevenseg/loop/GCC_Project/output/dbg_uart.o
 .text.dbg_str_hexXX
                0x00001066       0x22 /sdcard/vaman/arm/codes/sevenseg/loop/GCC_Project/output/dbg_uart.o
 .text.dbg_int  0x00001088       0x24 /sdcard/vaman/arm/codes/sevenseg/loop/GCC_Project/output/dbg_uart.o
                0x00001088                dbg_int
 .text.dbg_str_str
                0x000010ac       0x16 /sdcard/vaman/arm/codes/sevenseg/loop/GCC_Project/output/dbg_uart.o
                0x000010ac                dbg_str_str
 .text.dbg_str_int
                0x000010c2       0x16 /sdcard/vaman/arm/codes/sevenseg/loop/GCC_Project/output/dbg_uart.o
                0x000010c2                dbg_str_int
 .text.dbg_str_hex32
                0x000010d8        0xc /sdcard/vaman/arm/codes/sevenseg/loop/GCC_Project/output/dbg_uart.o
                0x000010d8                dbg_str_hex32
 .text.dbg_fatal_error
                0x000010e4       0x12 /sdcard/vaman/arm/codes/sevenseg/loop/GCC_Project/output/dbg_uart.o
                0x000010e4                dbg_fatal_error
 .text.dbg_fatal_error_int
                0x000010f6        0xe /sdcard/vaman/arm/codes/sevenseg/loop/GCC_Project/output/dbg_uart.o
                0x000010f6                dbg_fatal_error_int
 .text.dbg_memdump32
                0x00001104       0x1e /sdcard/vaman/arm/codes/sevenseg/loop/GCC_Project/output/dbg_uart.o
                0x00001104                dbg_memdump32
 *fill*         0x00001122        0x2 
 .text.HAL_GPIO_Write
                0x00001124       0x2c /sdcard/vaman/arm/codes/sevenseg/loop/GCC_Project/output/eoss3_hal_gpio.o
                0x00001124                HAL_GPIO_Write
 .text.HAL_PAD_Config
                0x00001150      0x184 /sdcard/vaman/arm/codes/sevenseg/loop/GCC_Project/output/eoss3_hal_pad_config.o
                0x00001150                HAL_PAD_Config
 .text.configure_s3_pads
                0x000012d4       0x1a /sdcard/vaman/arm/codes/sevenseg/loop/GCC_Project/output/eoss3_hal_pad_config.o
                0x000012d4                configure_s3_pads
 *fill*         0x000012ee        0x2 
 .text.eoss3_rtc_enable_irq
                0x000012f0       0x28 /sdcard/vaman/arm/codes/sevenseg/loop/GCC_Project/output/eoss3_hal_rtc.o
 .text.write_rtc_reg
                0x00001318       0x18 /sdcard/vaman/arm/codes/sevenseg/loop/GCC_Project/output/eoss3_hal_rtc.o
 .text.__rtc_setup_alarm.constprop.0
                0x00001330       0x44 /sdcard/vaman/arm/codes/sevenseg/loop/GCC_Project/output/eoss3_hal_rtc.o
 .text.HAL_RTC_ISR
                0x00001374       0x24 /sdcard/vaman/arm/codes/sevenseg/loop/GCC_Project/output/eoss3_hal_rtc.o
                0x00001374                HAL_RTC_ISR
 .text.unlock_spi1_bus
                0x00001398       0x5c /sdcard/vaman/arm/codes/sevenseg/loop/GCC_Project/output/eoss3_hal_spi.o
                0x00001398                unlock_spi1_bus
 .text.SPI_DMA_Complete
                0x000013f4       0x88 /sdcard/vaman/arm/codes/sevenseg/loop/GCC_Project/output/eoss3_hal_spi.o
                0x000013f4                SPI_DMA_Complete
 .text.HAL_SPI_IRQHandler
                0x0000147c       0x6c /sdcard/vaman/arm/codes/sevenseg/loop/GCC_Project/output/eoss3_hal_spi.o
                0x0000147c                HAL_SPI_IRQHandler
 .text.HAL_Delay_Init
                0x000014e8       0x58 /sdcard/vaman/arm/codes/sevenseg/loop/GCC_Project/output/eoss3_hal_timer.o
                0x000014e8                HAL_Delay_Init
 .text.HAL_DelayUSec
                0x00001540       0x28 /sdcard/vaman/arm/codes/sevenseg/loop/GCC_Project/output/eoss3_hal_timer.o
                0x00001540                HAL_DelayUSec
 .text.HAL_Timer_ISR
                0x00001568       0x88 /sdcard/vaman/arm/codes/sevenseg/loop/GCC_Project/output/eoss3_hal_timer.o
                0x00001568                HAL_Timer_ISR
 .text.uart_baud_rate
                0x000015f0       0x60 /sdcard/vaman/arm/codes/sevenseg/loop/GCC_Project/output/eoss3_hal_uart.o
 .text.is_hw_uart_enabled
                0x00001650       0x1c /sdcard/vaman/arm/codes/sevenseg/loop/GCC_Project/output/eoss3_hal_uart.o
 .text.uart_disable
                0x0000166c       0x1c /sdcard/vaman/arm/codes/sevenseg/loop/GCC_Project/output/eoss3_hal_uart.o
 .text.uart_lpm_callback
                0x00001688       0x70 /sdcard/vaman/arm/codes/sevenseg/loop/GCC_Project/output/eoss3_hal_uart.o
 .text.uart_init
                0x000016f8      0x16c /sdcard/vaman/arm/codes/sevenseg/loop/GCC_Project/output/eoss3_hal_uart.o
                0x000016f8                uart_init
 .text.uart_isr_handler
                0x00001864       0x84 /sdcard/vaman/arm/codes/sevenseg/loop/GCC_Project/output/eoss3_hal_uart.o
                0x00001864                uart_isr_handler
 .text.uart_tx_raw
                0x000018e8       0x40 /sdcard/vaman/arm/codes/sevenseg/loop/GCC_Project/output/eoss3_hal_uart.o
                0x000018e8                uart_tx_raw
 .text.uart_tx  0x00001928       0x1c /sdcard/vaman/arm/codes/sevenseg/loop/GCC_Project/output/eoss3_hal_uart.o
                0x00001928                uart_tx
 .text.uart_tx_buf
                0x00001944       0x1a /sdcard/vaman/arm/codes/sevenseg/loop/GCC_Project/output/eoss3_hal_uart.o
                0x00001944                uart_tx_buf
 *fill*         0x0000195e        0x2 
 .text.uart_rx_wait
                0x00001960       0x34 /sdcard/vaman/arm/codes/sevenseg/loop/GCC_Project/output/eoss3_hal_uart.o
                0x00001960                uart_rx_wait
 .text.uart_rx_available
                0x00001994       0x34 /sdcard/vaman/arm/codes/sevenseg/loop/GCC_Project/output/eoss3_hal_uart.o
                0x00001994                uart_rx_available
 .text.uart_rx  0x000019c8       0x60 /sdcard/vaman/arm/codes/sevenseg/loop/GCC_Project/output/eoss3_hal_uart.o
                0x000019c8                uart_rx
 .text.WDT_ISR  0x00001a28       0x8c /sdcard/vaman/arm/codes/sevenseg/loop/GCC_Project/output/eoss3_hal_wdt.o
                0x00001a28                WDT_ISR
 .text.spurious_interrupt
                0x00001ab4        0xc /sdcard/vaman/arm/codes/sevenseg/loop/GCC_Project/output/exceptions.o
 .text.prvGetRegistersFromStack
                0x00001ac0       0xf0 /sdcard/vaman/arm/codes/sevenseg/loop/GCC_Project/output/exceptions.o
                0x00001ac0                prvGetRegistersFromStack
 .text.HardFault_Handler
                0x00001bb0       0x16 /sdcard/vaman/arm/codes/sevenseg/loop/GCC_Project/output/exceptions.o
                0x00001bb0                HardFault_Handler
 .text.NMI_Handler
                0x00001bc6        0x6 /sdcard/vaman/arm/codes/sevenseg/loop/GCC_Project/output/exceptions.o
                0x00001bc6                NMI_Handler
 .text.MemManage_Handler
                0x00001bcc        0x6 /sdcard/vaman/arm/codes/sevenseg/loop/GCC_Project/output/exceptions.o
                0x00001bcc                MemManage_Handler
 .text.BusFault_Handler
                0x00001bd2        0x6 /sdcard/vaman/arm/codes/sevenseg/loop/GCC_Project/output/exceptions.o
                0x00001bd2                BusFault_Handler
 .text.UsageFault_Handler
                0x00001bd8        0x6 /sdcard/vaman/arm/codes/sevenseg/loop/GCC_Project/output/exceptions.o
                0x00001bd8                UsageFault_Handler
 .text.DebugMon_Handler
                0x00001bde        0x6 /sdcard/vaman/arm/codes/sevenseg/loop/GCC_Project/output/exceptions.o
                0x00001bde                DebugMon_Handler
 .text.Uart_Handler
                0x00001be4       0x50 /sdcard/vaman/arm/codes/sevenseg/loop/GCC_Project/output/exceptions.o
                0x00001be4                Uart_Handler
 .text.Timer_Handler
                0x00001c34       0x24 /sdcard/vaman/arm/codes/sevenseg/loop/GCC_Project/output/exceptions.o
                0x00001c34                Timer_Handler
 .text.CpuWdtInt_Handler
                0x00001c58       0x24 /sdcard/vaman/arm/codes/sevenseg/loop/GCC_Project/output/exceptions.o
                0x00001c58                CpuWdtInt_Handler
 .text.CpuWdtRst_Handler
                0x00001c7c        0x6 /sdcard/vaman/arm/codes/sevenseg/loop/GCC_Project/output/exceptions.o
                0x00001c7c                CpuWdtRst_Handler
 .text.BusTimeout_Handler
                0x00001c82        0x6 /sdcard/vaman/arm/codes/sevenseg/loop/GCC_Project/output/exceptions.o
                0x00001c82                BusTimeout_Handler
 .text.Fpu_Handler
                0x00001c88        0x6 /sdcard/vaman/arm/codes/sevenseg/loop/GCC_Project/output/exceptions.o
                0x00001c88                Fpu_Handler
 *fill*         0x00001c8e        0x2 
 .text.Pkfb_Handler
                0x00001c90       0x10 /sdcard/vaman/arm/codes/sevenseg/loop/GCC_Project/output/exceptions.o
                0x00001c90                Pkfb_Handler
 .text.I2s_Handler
                0x00001ca0        0x6 /sdcard/vaman/arm/codes/sevenseg/loop/GCC_Project/output/exceptions.o
                0x00001ca0                I2s_Handler
 .text.Audio_Handler
                0x00001ca6        0x6 /sdcard/vaman/arm/codes/sevenseg/loop/GCC_Project/output/exceptions.o
                0x00001ca6                Audio_Handler
 .text.SpiMs_Handler
                0x00001cac       0x5c /sdcard/vaman/arm/codes/sevenseg/loop/GCC_Project/output/exceptions.o
                0x00001cac                SpiMs_Handler
 .text.CfgDma_Handler
                0x00001d08       0x28 /sdcard/vaman/arm/codes/sevenseg/loop/GCC_Project/output/exceptions.o
                0x00001d08                CfgDma_Handler
 .text.PmuTimer_Handler
                0x00001d30        0x2 /sdcard/vaman/arm/codes/sevenseg/loop/GCC_Project/output/exceptions.o
                0x00001d30                PmuTimer_Handler
 .text.AdcDone_Handler
                0x00001d32        0x8 /sdcard/vaman/arm/codes/sevenseg/loop/GCC_Project/output/exceptions.o
                0x00001d32                AdcDone_Handler
 *fill*         0x00001d3a        0x2 
 .text.RtcAlarm_Handler
                0x00001d3c       0x1c /sdcard/vaman/arm/codes/sevenseg/loop/GCC_Project/output/exceptions.o
                0x00001d3c                RtcAlarm_Handler
 .text.ResetInt_Handler
                0x00001d58        0x8 /sdcard/vaman/arm/codes/sevenseg/loop/GCC_Project/output/exceptions.o
                0x00001d58                ResetInt_Handler
 .text.Ffe0_Handler
                0x00001d60       0x18 /sdcard/vaman/arm/codes/sevenseg/loop/GCC_Project/output/exceptions.o
                0x00001d60                Ffe0_Handler
 .text.FbMsg_Handler
                0x00001d78       0x70 /sdcard/vaman/arm/codes/sevenseg/loop/GCC_Project/output/exceptions.o
                0x00001d78                FbMsg_Handler
 .text.SensorGpio_Handler
                0x00001de8        0x8 /sdcard/vaman/arm/codes/sevenseg/loop/GCC_Project/output/exceptions.o
                0x00001de8                SensorGpio_Handler
 .text.M4SramSleep_Handler
                0x00001df0        0x8 /sdcard/vaman/arm/codes/sevenseg/loop/GCC_Project/output/exceptions.o
                0x00001df0                M4SramSleep_Handler
 .text.LDO30_PG_Handler
                0x00001df8        0x8 /sdcard/vaman/arm/codes/sevenseg/loop/GCC_Project/output/exceptions.o
                0x00001df8                LDO30_PG_Handler
 .text.LDO50_PG_Handler
                0x00001e00        0x8 /sdcard/vaman/arm/codes/sevenseg/loop/GCC_Project/output/exceptions.o
                0x00001e00                LDO50_PG_Handler
 .text.DMIC_Voice_Det_Handler
                0x00001e08        0x8 /sdcard/vaman/arm/codes/sevenseg/loop/GCC_Project/output/exceptions.o
                0x00001e08                DMIC_Voice_Det_Handler
 .text.ApPDMClkOn_Handler
                0x00001e10        0x8 /sdcard/vaman/arm/codes/sevenseg/loop/GCC_Project/output/exceptions.o
                0x00001e10                ApPDMClkOn_Handler
 .text.ApPDMClkOff_Handler
                0x00001e18        0x8 /sdcard/vaman/arm/codes/sevenseg/loop/GCC_Project/output/exceptions.o
                0x00001e18                ApPDMClkOff_Handler
 .text.Dmac0BlkDone_Handler
                0x00001e20        0x8 /sdcard/vaman/arm/codes/sevenseg/loop/GCC_Project/output/exceptions.o
                0x00001e20                Dmac0BlkDone_Handler
 .text.Dmac0BufDone_Handler
                0x00001e28        0x8 /sdcard/vaman/arm/codes/sevenseg/loop/GCC_Project/output/exceptions.o
                0x00001e28                Dmac0BufDone_Handler
 .text.Dmac1BlkDone_Handler
                0x00001e30        0x8 /sdcard/vaman/arm/codes/sevenseg/loop/GCC_Project/output/exceptions.o
                0x00001e30                Dmac1BlkDone_Handler
 .text.Dmac1BufDone_Handler
                0x00001e38        0x8 /sdcard/vaman/arm/codes/sevenseg/loop/GCC_Project/output/exceptions.o
                0x00001e38                Dmac1BufDone_Handler
 .text.Sdma0Done_Handler
                0x00001e40        0x8 /sdcard/vaman/arm/codes/sevenseg/loop/GCC_Project/output/exceptions.o
                0x00001e40                Sdma0Done_Handler
 .text.Sdma1Done_Handler
                0x00001e48        0x8 /sdcard/vaman/arm/codes/sevenseg/loop/GCC_Project/output/exceptions.o
                0x00001e48                Sdma1Done_Handler
 .text.Sdma2Done_Handler
                0x00001e50        0x8 /sdcard/vaman/arm/codes/sevenseg/loop/GCC_Project/output/exceptions.o
                0x00001e50                Sdma2Done_Handler
 .text.Sdma3Done_Handler
                0x00001e58        0x8 /sdcard/vaman/arm/codes/sevenseg/loop/GCC_Project/output/exceptions.o
                0x00001e58                Sdma3Done_Handler
 .text.Sdma4Done_Handler
                0x00001e60        0x8 /sdcard/vaman/arm/codes/sevenseg/loop/GCC_Project/output/exceptions.o
                0x00001e60                Sdma4Done_Handler
 .text.Sdma5Done_Handler
                0x00001e68        0x8 /sdcard/vaman/arm/codes/sevenseg/loop/GCC_Project/output/exceptions.o
                0x00001e68                Sdma5Done_Handler
 .text.Sdma6Done_Handler
                0x00001e70        0x8 /sdcard/vaman/arm/codes/sevenseg/loop/GCC_Project/output/exceptions.o
                0x00001e70                Sdma6Done_Handler
 .text.Sdma7Done_Handler
                0x00001e78        0x8 /sdcard/vaman/arm/codes/sevenseg/loop/GCC_Project/output/exceptions.o
                0x00001e78                Sdma7Done_Handler
 .text.Sdma8Done_Handler
                0x00001e80        0x8 /sdcard/vaman/arm/codes/sevenseg/loop/GCC_Project/output/exceptions.o
                0x00001e80                Sdma8Done_Handler
 .text.Sdma9Done_Handler
                0x00001e88        0x8 /sdcard/vaman/arm/codes/sevenseg/loop/GCC_Project/output/exceptions.o
                0x00001e88                Sdma9Done_Handler
 .text.Sdma10Done_Handler
                0x00001e90        0x8 /sdcard/vaman/arm/codes/sevenseg/loop/GCC_Project/output/exceptions.o
                0x00001e90                Sdma10Done_Handler
 .text.Sdma11Done_Handler
                0x00001e98        0x8 /sdcard/vaman/arm/codes/sevenseg/loop/GCC_Project/output/exceptions.o
                0x00001e98                Sdma11Done_Handler
 .text.SdmaErr_Handler
                0x00001ea0        0x8 /sdcard/vaman/arm/codes/sevenseg/loop/GCC_Project/output/exceptions.o
                0x00001ea0                SdmaErr_Handler
 .text.I2S_SlvM4TxOr_Handler
                0x00001ea8        0x8 /sdcard/vaman/arm/codes/sevenseg/loop/GCC_Project/output/exceptions.o
                0x00001ea8                I2S_SlvM4TxOr_Handler
 .text.SRAM_128KB_Handler
                0x00001eb0        0x8 /sdcard/vaman/arm/codes/sevenseg/loop/GCC_Project/output/exceptions.o
                0x00001eb0                SRAM_128KB_Handler
 .text.LPSD_Voice_Det_Handler
                0x00001eb8        0x8 /sdcard/vaman/arm/codes/sevenseg/loop/GCC_Project/output/exceptions.o
                0x00001eb8                LPSD_Voice_Det_Handler
 .text.FfeWdt_Handler
                0x00001ec0        0x8 /sdcard/vaman/arm/codes/sevenseg/loop/GCC_Project/output/exceptions.o
                0x00001ec0                FfeWdt_Handler
 .text.ApBoot_Handler
                0x00001ec8        0x8 /sdcard/vaman/arm/codes/sevenseg/loop/GCC_Project/output/exceptions.o
                0x00001ec8                ApBoot_Handler
 .text.SwInt2_Handler
                0x00001ed0        0x8 /sdcard/vaman/arm/codes/sevenseg/loop/GCC_Project/output/exceptions.o
                0x00001ed0                SwInt2_Handler
 .text.SwInt1_Handler
                0x00001ed8       0x24 /sdcard/vaman/arm/codes/sevenseg/loop/GCC_Project/output/exceptions.o
                0x00001ed8                SwInt1_Handler
 .text.Ffe0Msg_Handler
                0x00001efc        0x8 /sdcard/vaman/arm/codes/sevenseg/loop/GCC_Project/output/exceptions.o
                0x00001efc                Ffe0Msg_Handler
 .text.lpsdVoiceOffHandler
                0x00001f04        0x8 /sdcard/vaman/arm/codes/sevenseg/loop/GCC_Project/output/exceptions.o
                0x00001f04                lpsdVoiceOffHandler
 .text.dmicVoiceOffHandler
                0x00001f0c        0x8 /sdcard/vaman/arm/codes/sevenseg/loop/GCC_Project/output/exceptions.o
                0x00001f0c                dmicVoiceOffHandler
 .text.vApplicationMallocFailedHook
                0x00001f14       0x24 /sdcard/vaman/arm/codes/sevenseg/loop/GCC_Project/output/exceptions.o
                0x00001f14                vApplicationMallocFailedHook
 .text.vApplicationStackOverflowHook
                0x00001f38       0x24 /sdcard/vaman/arm/codes/sevenseg/loop/GCC_Project/output/exceptions.o
                0x00001f38                vApplicationStackOverflowHook
 .text.vApplicationTickHook
                0x00001f5c        0x2 /sdcard/vaman/arm/codes/sevenseg/loop/GCC_Project/output/exceptions.o
                0x00001f5c                vApplicationTickHook
 *fill*         0x00001f5e        0x2 
 .text.prvInsertBlockIntoFreeList
                0x00001f60       0x7c /sdcard/vaman/arm/codes/sevenseg/loop/GCC_Project/output/heap_4.o
 .text.pvPortMalloc
                0x00001fdc      0x1a8 /sdcard/vaman/arm/codes/sevenseg/loop/GCC_Project/output/heap_4.o
                0x00001fdc                pvPortMalloc
 .text.vPortFree
                0x00002184       0xa0 /sdcard/vaman/arm/codes/sevenseg/loop/GCC_Project/output/heap_4.o
                0x00002184                vPortFree
 .text.vListInitialise
                0x00002224       0x16 /sdcard/vaman/arm/codes/sevenseg/loop/GCC_Project/output/list.o
                0x00002224                vListInitialise
 .text.vListInitialiseItem
                0x0000223a        0x6 /sdcard/vaman/arm/codes/sevenseg/loop/GCC_Project/output/list.o
                0x0000223a                vListInitialiseItem
 .text.vListInsertEnd
                0x00002240       0x16 /sdcard/vaman/arm/codes/sevenseg/loop/GCC_Project/output/list.o
                0x00002240                vListInsertEnd
 .text.vListInsert
                0x00002256       0x2e /sdcard/vaman/arm/codes/sevenseg/loop/GCC_Project/output/list.o
                0x00002256                vListInsert
 .text.uxListRemove
                0x00002284       0x20 /sdcard/vaman/arm/codes/sevenseg/loop/GCC_Project/output/list.o
                0x00002284                uxListRemove
 .text.SystemInit
                0x000022a4        0x2 /sdcard/vaman/arm/codes/sevenseg/loop/GCC_Project/output/main.o
                0x000022a4                SystemInit
 *fill*         0x000022a6        0x2 
 .text.PyHal_GPIO_Set
                0x000022a8       0x2c /sdcard/vaman/arm/codes/sevenseg/loop/GCC_Project/output/main.o
                0x000022a8                PyHal_GPIO_Set
 .text.sevenseg
                0x000022d4       0x50 /sdcard/vaman/arm/codes/sevenseg/loop/GCC_Project/output/main.o
                0x000022d4                sevenseg
 .text.sevenseg_setup
                0x00002324       0x10 /sdcard/vaman/arm/codes/sevenseg/loop/GCC_Project/output/main.o
                0x00002324                sevenseg_setup
 .text.disp     0x00002334       0xa8 /sdcard/vaman/arm/codes/sevenseg/loop/GCC_Project/output/main.o
                0x00002334                disp
 .text.startup.main
                0x000023dc       0xcc /sdcard/vaman/arm/codes/sevenseg/loop/GCC_Project/output/main.o
                0x000023dc                main
 .text.set_gpio_input
                0x000024a8       0x34 /sdcard/vaman/arm/codes/sevenseg/loop/GCC_Project/output/main_dbg_cli_menu.o
 .text.set_gpio_output
                0x000024dc       0x68 /sdcard/vaman/arm/codes/sevenseg/loop/GCC_Project/output/main_dbg_cli_menu.o
 .text.get_gpio_value
                0x00002544       0x50 /sdcard/vaman/arm/codes/sevenseg/loop/GCC_Project/output/main_dbg_cli_menu.o
 .text.prvTaskExitError
                0x00002594       0x50 /sdcard/vaman/arm/codes/sevenseg/loop/GCC_Project/output/port.o
 .text.pxPortInitialiseStack
                0x000025e4       0x2c /sdcard/vaman/arm/codes/sevenseg/loop/GCC_Project/output/port.o
                0x000025e4                pxPortInitialiseStack
 .text.SVC_Handler
                0x00002610       0x24 /sdcard/vaman/arm/codes/sevenseg/loop/GCC_Project/output/port.o
                0x00002610                SVC_Handler
 .text.vPortEnterCritical
                0x00002634       0x58 /sdcard/vaman/arm/codes/sevenseg/loop/GCC_Project/output/port.o
                0x00002634                vPortEnterCritical
 .text.vPortExitCritical
                0x0000268c       0x3c /sdcard/vaman/arm/codes/sevenseg/loop/GCC_Project/output/port.o
                0x0000268c                vPortExitCritical
 *fill*         0x000026c8        0x8 
 .text.PendSV_Handler
                0x000026d0       0x64 /sdcard/vaman/arm/codes/sevenseg/loop/GCC_Project/output/port.o
                0x000026d0                PendSV_Handler
 .text.xPortSysTickHandler
                0x00002734       0x2c /sdcard/vaman/arm/codes/sevenseg/loop/GCC_Project/output/port.o
                0x00002734                xPortSysTickHandler
 .text.vPortValidateInterruptPriority
                0x00002760       0x7c /sdcard/vaman/arm/codes/sevenseg/loop/GCC_Project/output/port.o
                0x00002760                vPortValidateInterruptPriority
 .text.system_init
                0x000027dc       0x6c /sdcard/vaman/arm/codes/sevenseg/loop/GCC_Project/output/qf_hardwaresetup.o
                0x000027dc                system_init
 .text.qf_hardwareSetup
                0x00002848       0x74 /sdcard/vaman/arm/codes/sevenseg/loop/GCC_Project/output/qf_hardwaresetup.o
                0x00002848                qf_hardwareSetup
 .text.prvIsQueueEmpty
                0x000028bc       0x16 /sdcard/vaman/arm/codes/sevenseg/loop/GCC_Project/output/queue.o
 .text.prvCopyDataToQueue
                0x000028d2       0x72 /sdcard/vaman/arm/codes/sevenseg/loop/GCC_Project/output/queue.o
 .text.prvCopyDataFromQueue
                0x00002944       0x2c /sdcard/vaman/arm/codes/sevenseg/loop/GCC_Project/output/queue.o
 .text.prvUnlockQueue
                0x00002970       0x70 /sdcard/vaman/arm/codes/sevenseg/loop/GCC_Project/output/queue.o
 .text.xQueueGenericReset
                0x000029e0       0x90 /sdcard/vaman/arm/codes/sevenseg/loop/GCC_Project/output/queue.o
                0x000029e0                xQueueGenericReset
 .text.xQueueGenericCreate
                0x00002a70       0x74 /sdcard/vaman/arm/codes/sevenseg/loop/GCC_Project/output/queue.o
                0x00002a70                xQueueGenericCreate
 .text.xQueueGenericSend
                0x00002ae4      0x1ac /sdcard/vaman/arm/codes/sevenseg/loop/GCC_Project/output/queue.o
                0x00002ae4                xQueueGenericSend
 .text.xQueueGenericSendFromISR
                0x00002c90       0xe4 /sdcard/vaman/arm/codes/sevenseg/loop/GCC_Project/output/queue.o
                0x00002c90                xQueueGenericSendFromISR
 .text.xQueueGenericSendFromISRDebug
                0x00002d74       0x30 /sdcard/vaman/arm/codes/sevenseg/loop/GCC_Project/output/queue.o
                0x00002d74                xQueueGenericSendFromISRDebug
 .text.xQueueGiveFromISR
                0x00002da4       0xd8 /sdcard/vaman/arm/codes/sevenseg/loop/GCC_Project/output/queue.o
                0x00002da4                xQueueGiveFromISR
 .text.xQueueReceive
                0x00002e7c      0x168 /sdcard/vaman/arm/codes/sevenseg/loop/GCC_Project/output/queue.o
                0x00002e7c                xQueueReceive
 .text.xQueueSemaphoreTake
                0x00002fe4      0x1ac /sdcard/vaman/arm/codes/sevenseg/loop/GCC_Project/output/queue.o
                0x00002fe4                xQueueSemaphoreTake
 .text.xQueuePeek
                0x00003190      0x164 /sdcard/vaman/arm/codes/sevenseg/loop/GCC_Project/output/queue.o
                0x00003190                xQueuePeek
 .text.uxQueueMessagesWaiting
                0x000032f4       0x38 /sdcard/vaman/arm/codes/sevenseg/loop/GCC_Project/output/queue.o
                0x000032f4                uxQueueMessagesWaiting
 .text.vQueueAddToRegistry
                0x0000332c       0x24 /sdcard/vaman/arm/codes/sevenseg/loop/GCC_Project/output/queue.o
                0x0000332c                vQueueAddToRegistry
 .text.s3x_clkd_write_div
                0x00003350       0xaa /sdcard/vaman/arm/codes/sevenseg/loop/GCC_Project/output/s3x_clock.o
 .text.s3x_clkd_read_div
                0x000033fa       0x44 /sdcard/vaman/arm/codes/sevenseg/loop/GCC_Project/output/s3x_clock.o
 *fill*         0x0000343e        0x2 
 .text.s3x_clkd_cal_div
                0x00003440       0x38 /sdcard/vaman/arm/codes/sevenseg/loop/GCC_Project/output/s3x_clock.o
 .text.S3x_Id_To_Domain
                0x00003478       0x1c /sdcard/vaman/arm/codes/sevenseg/loop/GCC_Project/output/s3x_clock.o
                0x00003478                S3x_Id_To_Domain
 .text.S3x_Clkd_Get_Cpu_Rate
                0x00003494        0xc /sdcard/vaman/arm/codes/sevenseg/loop/GCC_Project/output/s3x_clock.o
                0x00003494                S3x_Clkd_Get_Cpu_Rate
 .text.s3x_clkd_update_div_val
                0x000034a0       0x3c /sdcard/vaman/arm/codes/sevenseg/loop/GCC_Project/output/s3x_clock.o
                0x000034a0                s3x_clkd_update_div_val
 .text.s3x_clkd_update_fd_rate
                0x000034dc        0xe /sdcard/vaman/arm/codes/sevenseg/loop/GCC_Project/output/s3x_clock.o
                0x000034dc                s3x_clkd_update_fd_rate
 *fill*         0x000034ea        0x2 
 .text.s3x_clkd_update_sd_div
                0x000034ec       0x5c /sdcard/vaman/arm/codes/sevenseg/loop/GCC_Project/output/s3x_clock.o
 .text.s3x_clkd_update_all_src_div
                0x00003548       0xd4 /sdcard/vaman/arm/codes/sevenseg/loop/GCC_Project/output/s3x_clock.o
                0x00003548                s3x_clkd_update_all_src_div
 .text.S3x_Clkd_Get_Hsosc_Rate
                0x0000361c       0x30 /sdcard/vaman/arm/codes/sevenseg/loop/GCC_Project/output/s3x_clock.o
                0x0000361c                S3x_Clkd_Get_Hsosc_Rate
 .text.S3x_Clkd_Change_Hsosc
                0x0000364c       0x70 /sdcard/vaman/arm/codes/sevenseg/loop/GCC_Project/output/s3x_clock.o
                0x0000364c                S3x_Clkd_Change_Hsosc
 .text.s3x_clkd_get_src_rate
                0x000036bc       0x12 /sdcard/vaman/arm/codes/sevenseg/loop/GCC_Project/output/s3x_clock.o
                0x000036bc                s3x_clkd_get_src_rate
 *fill*         0x000036ce        0x2 
 .text.s3x_clkd_get_div
                0x000036d0       0x60 /sdcard/vaman/arm/codes/sevenseg/loop/GCC_Project/output/s3x_clock.o
                0x000036d0                s3x_clkd_get_div
 .text.s3x_clkd_srate
                0x00003730      0x134 /sdcard/vaman/arm/codes/sevenseg/loop/GCC_Project/output/s3x_clock.o
 .text.s3x_clkd_grate
                0x00003864       0x78 /sdcard/vaman/arm/codes/sevenseg/loop/GCC_Project/output/s3x_clock.o
 .text.s3x_clkd_set_src_div_st.isra.0
                0x000038dc       0x54 /sdcard/vaman/arm/codes/sevenseg/loop/GCC_Project/output/s3x_clock.o
 .text.s3x_update_clk_rate
                0x00003930       0xb0 /sdcard/vaman/arm/codes/sevenseg/loop/GCC_Project/output/s3x_clock.o
                0x00003930                s3x_update_clk_rate
 .text.s3x_clkd_get_gate_mask_st
                0x000039e0       0x16 /sdcard/vaman/arm/codes/sevenseg/loop/GCC_Project/output/s3x_clock.o
                0x000039e0                s3x_clkd_get_gate_mask_st
 *fill*         0x000039f6        0x2 
 .text.s3x_clkd_set_gate_mask
                0x000039f8       0x50 /sdcard/vaman/arm/codes/sevenseg/loop/GCC_Project/output/s3x_clock.o
                0x000039f8                s3x_clkd_set_gate_mask
 .text.s3x_clkd_enable_gate
                0x00003a48       0x68 /sdcard/vaman/arm/codes/sevenseg/loop/GCC_Project/output/s3x_clock.o
 .text.s3x_clkd_disable_gate
                0x00003ab0       0x54 /sdcard/vaman/arm/codes/sevenseg/loop/GCC_Project/output/s3x_clock.o
 .text._S3x_Clk_Enable
                0x00003b04       0xb4 /sdcard/vaman/arm/codes/sevenseg/loop/GCC_Project/output/s3x_clock.o
                0x00003b04                _S3x_Clk_Enable
 .text._S3x_Clk_Disable
                0x00003bb8       0xd4 /sdcard/vaman/arm/codes/sevenseg/loop/GCC_Project/output/s3x_clock.o
                0x00003bb8                _S3x_Clk_Disable
 .text._S3x_Clk_Get_Status
                0x00003c8c       0x2c /sdcard/vaman/arm/codes/sevenseg/loop/GCC_Project/output/s3x_clock.o
                0x00003c8c                _S3x_Clk_Get_Status
 .text._S3x_Clk_Get_Rate
                0x00003cb8       0x28 /sdcard/vaman/arm/codes/sevenseg/loop/GCC_Project/output/s3x_clock.o
                0x00003cb8                _S3x_Clk_Get_Rate
 .text.S3x_Clk_Init
                0x00003ce0      0x15c /sdcard/vaman/arm/codes/sevenseg/loop/GCC_Project/output/s3x_clock.o
                0x00003ce0                S3x_Clk_Init
 .text.S3x_Clk_Enable
                0x00003e3c        0x4 /sdcard/vaman/arm/codes/sevenseg/loop/GCC_Project/output/s3x_clock_hal.o
                0x00003e3c                S3x_Clk_Enable
 .text.S3x_Clk_Disable
                0x00003e40        0x4 /sdcard/vaman/arm/codes/sevenseg/loop/GCC_Project/output/s3x_clock_hal.o
                0x00003e40                S3x_Clk_Disable
 .text.S3x_Clk_Get_Rate
                0x00003e44        0x4 /sdcard/vaman/arm/codes/sevenseg/loop/GCC_Project/output/s3x_clock_hal.o
                0x00003e44                S3x_Clk_Get_Rate
 .text.DFS_cpuload
                0x00003e48       0x4c /sdcard/vaman/arm/codes/sevenseg/loop/GCC_Project/output/s3x_cpuload.o
                0x00003e48                DFS_cpuload
 .text.DFS_resetsleepticks
                0x00003e94        0xc /sdcard/vaman/arm/codes/sevenseg/loop/GCC_Project/output/s3x_cpuload.o
                0x00003e94                DFS_resetsleepticks
 .text.DFS_UpdateTimer
                0x00003ea0       0x5c /sdcard/vaman/arm/codes/sevenseg/loop/GCC_Project/output/s3x_dfs.o
 .text.DFS_StartTimer
                0x00003efc       0x7c /sdcard/vaman/arm/codes/sevenseg/loop/GCC_Project/output/s3x_dfs.o
                0x00003efc                DFS_StartTimer
 .text.S3x_Set_Policy
                0x00003f78      0x10c /sdcard/vaman/arm/codes/sevenseg/loop/GCC_Project/output/s3x_dfs.o
                0x00003f78                S3x_Set_Policy
 .text.S3x_get_max_rate_dfs_node
                0x00004084       0x28 /sdcard/vaman/arm/codes/sevenseg/loop/GCC_Project/output/s3x_dfs.o
                0x00004084                S3x_get_max_rate_dfs_node
 .text.S3x_Stepup_Policy
                0x000040ac       0x7c /sdcard/vaman/arm/codes/sevenseg/loop/GCC_Project/output/s3x_dfs.o
 .text.DFS_TimerCB
                0x00004128        0xe /sdcard/vaman/arm/codes/sevenseg/loop/GCC_Project/output/s3x_dfs.o
 *fill*         0x00004136        0x2 
 .text.DFS_Get_Curr_Policy
                0x00004138        0xc /sdcard/vaman/arm/codes/sevenseg/loop/GCC_Project/output/s3x_dfs.o
                0x00004138                DFS_Get_Curr_Policy
 .text.DFS_Initialize
                0x00004144       0x14 /sdcard/vaman/arm/codes/sevenseg/loop/GCC_Project/output/s3x_dfs.o
                0x00004144                DFS_Initialize
 .text.S3x_Register_Lpm_Cb
                0x00004158       0x3c /sdcard/vaman/arm/codes/sevenseg/loop/GCC_Project/output/s3x_lpm.o
                0x00004158                S3x_Register_Lpm_Cb
 .text.s3x_setup_systick_interrupt
                0x00004194       0x48 /sdcard/vaman/arm/codes/sevenseg/loop/GCC_Project/output/s3x_lpm.o
                0x00004194                s3x_setup_systick_interrupt
 .text.SysTick_Handler
                0x000041dc       0x12 /sdcard/vaman/arm/codes/sevenseg/loop/GCC_Project/output/s3x_lpm.o
                0x000041dc                SysTick_Handler
 *fill*         0x000041ee        0x2 
 .text.s3x_get_pi
                0x000041f0       0x20 /sdcard/vaman/arm/codes/sevenseg/loop/GCC_Project/output/s3x_pi.o
                0x000041f0                s3x_get_pi
 .text.s3x_get_pi_gindex
                0x00004210       0x14 /sdcard/vaman/arm/codes/sevenseg/loop/GCC_Project/output/s3x_pi.o
                0x00004210                s3x_get_pi_gindex
 .text.s3x_pi_get_st
                0x00004224       0x22 /sdcard/vaman/arm/codes/sevenseg/loop/GCC_Project/output/s3x_pi.o
                0x00004224                s3x_pi_get_st
 *fill*         0x00004246        0x2 
 .text.s3x_pi_set_cfg_st
                0x00004248       0x8c /sdcard/vaman/arm/codes/sevenseg/loop/GCC_Project/output/s3x_pi.o
                0x00004248                s3x_pi_set_cfg_st
 .text.s3x_pi_set_active_st
                0x000042d4       0x9c /sdcard/vaman/arm/codes/sevenseg/loop/GCC_Project/output/s3x_pi.o
                0x000042d4                s3x_pi_set_active_st
 .text.s3x_pi_get_clkg_st
                0x00004370       0x36 /sdcard/vaman/arm/codes/sevenseg/loop/GCC_Project/output/s3x_pi.o
                0x00004370                s3x_pi_get_clkg_st
 .text.s3x_pi_set_clkg_st
                0x000043a6       0x26 /sdcard/vaman/arm/codes/sevenseg/loop/GCC_Project/output/s3x_pi.o
                0x000043a6                s3x_pi_set_clkg_st
 .text.s3x_set_pi_state
                0x000043cc        0xc /sdcard/vaman/arm/codes/sevenseg/loop/GCC_Project/output/s3x_pi.o
                0x000043cc                s3x_set_pi_state
 .text.s3x_get_pi_init_state
                0x000043d8       0x18 /sdcard/vaman/arm/codes/sevenseg/loop/GCC_Project/output/s3x_pi.o
                0x000043d8                s3x_get_pi_init_state
 .text.S3x_pi_init
                0x000043f0       0x24 /sdcard/vaman/arm/codes/sevenseg/loop/GCC_Project/output/s3x_pi.o
                0x000043f0                S3x_pi_init
 .text.S3x_pwrcfg_init
                0x00004414       0x2c /sdcard/vaman/arm/codes/sevenseg/loop/GCC_Project/output/s3x_pwrcfg.o
                0x00004414                S3x_pwrcfg_init
 .text.S3x_get_qos_rate
                0x00004440       0x38 /sdcard/vaman/arm/codes/sevenseg/loop/GCC_Project/output/s3x_qos.o
                0x00004440                S3x_get_qos_rate
 .text.save_assert_info
                0x00004478       0x74 /sdcard/vaman/arm/codes/sevenseg/loop/GCC_Project/output/sec_debug.o
                0x00004478                save_assert_info
 .text.invoke_soft_fault
                0x000044ec       0x20 /sdcard/vaman/arm/codes/sevenseg/loop/GCC_Project/output/sec_debug.o
                0x000044ec                invoke_soft_fault
 .text.Reset_Handler
                0x0000450c       0x30 /sdcard/vaman/arm/codes/sevenseg/loop/GCC_Project/output/startup_EOSS3B_GCC.o
                0x0000450c                Reset_Handler
 .text.__semihost_call
                0x0000453c        0x6 /sdcard/vaman/arm/codes/sevenseg/loop/GCC_Project/output/startup_EOSS3B_GCC.o
                0x0000453c                __semihost_call
 *fill*         0x00004542        0x2 
 .text.prvAddCurrentTaskToDelayedList
                0x00004544       0x88 /sdcard/vaman/arm/codes/sevenseg/loop/GCC_Project/output/tasks.o
 .text.prvResetNextTaskUnblockTime
                0x000045cc       0x24 /sdcard/vaman/arm/codes/sevenseg/loop/GCC_Project/output/tasks.o
 .text.xTaskCreate
                0x000045f0      0x1d4 /sdcard/vaman/arm/codes/sevenseg/loop/GCC_Project/output/tasks.o
                0x000045f0                xTaskCreate
 .text.vTaskSuspendAll
                0x000047c4       0x10 /sdcard/vaman/arm/codes/sevenseg/loop/GCC_Project/output/tasks.o
                0x000047c4                vTaskSuspendAll
 .text.xTaskGetTickCount
                0x000047d4        0xc /sdcard/vaman/arm/codes/sevenseg/loop/GCC_Project/output/tasks.o
                0x000047d4                xTaskGetTickCount
 .text.xTaskIncrementTick
                0x000047e0      0x150 /sdcard/vaman/arm/codes/sevenseg/loop/GCC_Project/output/tasks.o
                0x000047e0                xTaskIncrementTick
 .text.xTaskResumeAll
                0x00004930       0xfc /sdcard/vaman/arm/codes/sevenseg/loop/GCC_Project/output/tasks.o
                0x00004930                xTaskResumeAll
 .text.vTaskDelay
                0x00004a2c       0x60 /sdcard/vaman/arm/codes/sevenseg/loop/GCC_Project/output/tasks.o
                0x00004a2c                vTaskDelay
 .text.vTaskSwitchContext
                0x00004a8c       0xb8 /sdcard/vaman/arm/codes/sevenseg/loop/GCC_Project/output/tasks.o
                0x00004a8c                vTaskSwitchContext
 .text.vTaskPlaceOnEventList
                0x00004b44       0x48 /sdcard/vaman/arm/codes/sevenseg/loop/GCC_Project/output/tasks.o
                0x00004b44                vTaskPlaceOnEventList
 .text.xTaskRemoveFromEventList
                0x00004b8c       0x98 /sdcard/vaman/arm/codes/sevenseg/loop/GCC_Project/output/tasks.o
                0x00004b8c                xTaskRemoveFromEventList
 .text.vTaskInternalSetTimeOutState
                0x00004c24       0x18 /sdcard/vaman/arm/codes/sevenseg/loop/GCC_Project/output/tasks.o
                0x00004c24                vTaskInternalSetTimeOutState
 .text.xTaskCheckForTimeOut
                0x00004c3c       0x94 /sdcard/vaman/arm/codes/sevenseg/loop/GCC_Project/output/tasks.o
                0x00004c3c                xTaskCheckForTimeOut
 .text.vTaskMissedYield
                0x00004cd0        0xc /sdcard/vaman/arm/codes/sevenseg/loop/GCC_Project/output/tasks.o
                0x00004cd0                vTaskMissedYield
 .text.uxTaskGetTCBNumber
                0x00004cdc       0x14 /sdcard/vaman/arm/codes/sevenseg/loop/GCC_Project/output/tasks.o
                0x00004cdc                uxTaskGetTCBNumber
 .text.xTaskGetCurrentTaskHandle
                0x00004cf0        0xc /sdcard/vaman/arm/codes/sevenseg/loop/GCC_Project/output/tasks.o
                0x00004cf0                xTaskGetCurrentTaskHandle
 .text.xTaskGetSchedulerState
                0x00004cfc       0x20 /sdcard/vaman/arm/codes/sevenseg/loop/GCC_Project/output/tasks.o
                0x00004cfc                xTaskGetSchedulerState
 .text.xTaskPriorityInherit
                0x00004d1c       0x9c /sdcard/vaman/arm/codes/sevenseg/loop/GCC_Project/output/tasks.o
                0x00004d1c                xTaskPriorityInherit
 .text.xTaskPriorityDisinherit
                0x00004db8       0xc0 /sdcard/vaman/arm/codes/sevenseg/loop/GCC_Project/output/tasks.o
                0x00004db8                xTaskPriorityDisinherit
 .text.vTaskPriorityDisinheritAfterTimeout
                0x00004e78       0xd0 /sdcard/vaman/arm/codes/sevenseg/loop/GCC_Project/output/tasks.o
                0x00004e78                vTaskPriorityDisinheritAfterTimeout
 .text.pvTaskIncrementMutexHeldCount
                0x00004f48       0x18 /sdcard/vaman/arm/codes/sevenseg/loop/GCC_Project/output/tasks.o
                0x00004f48                pvTaskIncrementMutexHeldCount
 .text.prvCheckForValidListAndQueue
                0x00004f60       0x58 /sdcard/vaman/arm/codes/sevenseg/loop/GCC_Project/output/timers.o
 .text.xTimerCreate
                0x00004fb8       0x58 /sdcard/vaman/arm/codes/sevenseg/loop/GCC_Project/output/timers.o
                0x00004fb8                xTimerCreate
 .text.xTimerGenericCommand
                0x00005010       0x70 /sdcard/vaman/arm/codes/sevenseg/loop/GCC_Project/output/timers.o
                0x00005010                xTimerGenericCommand
 .text          0x00005080       0x30 /usr/lib/gcc/arm-none-eabi/12.2.1/thumb/v7e-m+fp/hard/libgcc.a(_aeabi_uldivmod.o)
                0x00005080                __aeabi_uldivmod
 .text          0x000050b0      0x2bc /usr/lib/gcc/arm-none-eabi/12.2.1/thumb/v7e-m+fp/hard/libgcc.a(_udivmoddi4.o)
                0x000050b0                __udivmoddi4
 .text          0x0000536c        0x4 /usr/lib/gcc/arm-none-eabi/12.2.1/thumb/v7e-m+fp/hard/libgcc.a(_dvmd_tls.o)
                0x0000536c                __aeabi_ldiv0
                0x0000536c                __aeabi_idiv0
 .text          0x00005370        0xc /usr/lib/gcc/arm-none-eabi/12.2.1/../../../arm-none-eabi/lib/thumb/v7e-m+fp/hard/libg_nano.a(lib_a-atexit.o)
                0x00005370                atexit
 .text          0x0000537c       0x28 /usr/lib/gcc/arm-none-eabi/12.2.1/../../../arm-none-eabi/lib/thumb/v7e-m+fp/hard/libg_nano.a(lib_a-exit.o)
                0x0000537c                exit
 .text          0x000053a4       0x28 /usr/lib/gcc/arm-none-eabi/12.2.1/../../../arm-none-eabi/lib/thumb/v7e-m+fp/hard/libg_nano.a(lib_a-fini.o)
                0x000053a4                __libc_fini_array
 .text          0x000053cc       0x50 /usr/lib/gcc/arm-none-eabi/12.2.1/../../../arm-none-eabi/lib/thumb/v7e-m+fp/hard/libg_nano.a(lib_a-init.o)
                0x000053cc                __libc_init_array
 .text          0x0000541c       0x20 /usr/lib/gcc/arm-none-eabi/12.2.1/../../../arm-none-eabi/lib/thumb/v7e-m+fp/hard/libg_nano.a(lib_a-malloc.o)
                0x0000541c                malloc
                0x0000542c                free
 .text          0x0000543c      0x134 /usr/lib/gcc/arm-none-eabi/12.2.1/../../../arm-none-eabi/lib/thumb/v7e-m+fp/hard/libg_nano.a(lib_a-memcpy.o)
                0x0000543c                memcpy
 .text          0x00005570      0x100 /usr/lib/gcc/arm-none-eabi/12.2.1/../../../arm-none-eabi/lib/thumb/v7e-m+fp/hard/libg_nano.a(lib_a-memmove.o)
                0x00005570                memmove
 .text          0x00005670       0xa4 /usr/lib/gcc/arm-none-eabi/12.2.1/../../../arm-none-eabi/lib/thumb/v7e-m+fp/hard/libg_nano.a(lib_a-memset.o)
                0x00005670                memset
 .text          0x00005714       0xbc /usr/lib/gcc/arm-none-eabi/12.2.1/../../../arm-none-eabi/lib/thumb/v7e-m+fp/hard/libg_nano.a(lib_a-nano-freer.o)
                0x00005714                _free_r
 .text          0x000057d0       0xb4 /usr/lib/gcc/arm-none-eabi/12.2.1/../../../arm-none-eabi/lib/thumb/v7e-m+fp/hard/libg_nano.a(lib_a-nano-mallocr.o)
                0x000057d0                _malloc_r
 .text          0x00005884       0x60 /usr/lib/gcc/arm-none-eabi/12.2.1/../../../arm-none-eabi/lib/thumb/v7e-m+fp/hard/libg_nano.a(lib_a-printf.o)
                0x00005884                _printf_r
                0x00005884                _iprintf_r
                0x000058b0                printf
                0x000058b0                iprintf
 .text          0x000058e4       0xdc /usr/lib/gcc/arm-none-eabi/12.2.1/../../../arm-none-eabi/lib/thumb/v7e-m+fp/hard/libg_nano.a(lib_a-puts.o)
                0x000058e4                _puts_r
                0x000059b0                puts
 .text          0x000059c0       0x24 /usr/lib/gcc/arm-none-eabi/12.2.1/../../../arm-none-eabi/lib/thumb/v7e-m+fp/hard/libg_nano.a(lib_a-sbrkr.o)
                0x000059c0                _sbrk_r
 .text          0x000059e4       0x1c /usr/lib/gcc/arm-none-eabi/12.2.1/../../../arm-none-eabi/lib/thumb/v7e-m+fp/hard/libg_nano.a(lib_a-setjmp.o)
                0x000059e4                setjmp
                0x000059f0                longjmp
 .text          0x00005a00      0x108 /usr/lib/gcc/arm-none-eabi/12.2.1/../../../arm-none-eabi/lib/thumb/v7e-m+fp/hard/libg_nano.a(lib_a-snprintf.o)
                0x00005a00                _sniprintf_r
                0x00005a00                _snprintf_r
                0x00005a80                snprintf
                0x00005a80                sniprintf
 .text          0x00005b08       0x78 /usr/lib/gcc/arm-none-eabi/12.2.1/../../../arm-none-eabi/lib/thumb/v7e-m+fp/hard/libg_nano.a(lib_a-sprintf.o)
                0x00005b08                _siprintf_r
                0x00005b08                _sprintf_r
                0x00005b40                sprintf
                0x00005b40                siprintf
 .text          0x00005b80       0xd0 /usr/lib/gcc/arm-none-eabi/12.2.1/../../../arm-none-eabi/lib/thumb/v7e-m+fp/hard/libg_nano.a(lib_a-strchr.o)
                0x00005b80                strchr
 *fill*         0x00005c50       0x10 
 .text          0x00005c60      0x2dc /usr/lib/gcc/arm-none-eabi/12.2.1/../../../arm-none-eabi/lib/thumb/v7e-m+fp/hard/libg_nano.a(lib_a-strcmp.o)
                0x00005c68                strcmp
 .text          0x00005f3c       0xbc /usr/lib/gcc/arm-none-eabi/12.2.1/../../../arm-none-eabi/lib/thumb/v7e-m+fp/hard/libg_nano.a(lib_a-strcpy.o)
                0x00005f3c                strcpy
 *fill*         0x00005ff8        0x8 
 .text          0x00006000       0xdc /usr/lib/gcc/arm-none-eabi/12.2.1/../../../arm-none-eabi/lib/thumb/v7e-m+fp/hard/libg_nano.a(lib_a-strlen.o)
                0x00006000                strlen
 .text          0x000060dc       0x68 /usr/lib/gcc/arm-none-eabi/12.2.1/../../../arm-none-eabi/lib/thumb/v7e-m+fp/hard/libg_nano.a(lib_a-strncpy.o)
                0x000060dc                strncpy
 .text          0x00006144       0x24 /usr/lib/gcc/arm-none-eabi/12.2.1/../../../arm-none-eabi/lib/thumb/v7e-m+fp/hard/libg_nano.a(lib_a-strrchr.o)
                0x00006144                strrchr
 .text          0x00006168       0x70 /usr/lib/gcc/arm-none-eabi/12.2.1/../../../arm-none-eabi/lib/thumb/v7e-m+fp/hard/libg_nano.a(lib_a-strtok_r.o)
                0x00006168                __strtok_r
                0x000061d0                strtok_r
 .text          0x000061d8      0x1b0 /usr/lib/gcc/arm-none-eabi/12.2.1/../../../arm-none-eabi/lib/thumb/v7e-m+fp/hard/libg_nano.a(lib_a-strtoll.o)
                0x00006354                _strtoll_r
                0x00006358                strtoll_l
                0x00006370                strtoll
 .text          0x00006388      0x1c8 /usr/lib/gcc/arm-none-eabi/12.2.1/../../../arm-none-eabi/lib/thumb/v7e-m+fp/hard/libg_nano.a(lib_a-strtoull.o)
                0x0000651c                _strtoull_r
                0x00006520                strtoull_l
                0x00006538                strtoull
 .text          0x00006550       0xe0 /usr/lib/gcc/arm-none-eabi/12.2.1/../../../arm-none-eabi/lib/thumb/v7e-m+fp/hard/libg_nano.a(lib_a-vsnprintf.o)
                0x00006550                vsnprintf
                0x00006550                vsniprintf
                0x000065c0                _vsnprintf_r
                0x000065c0                _vsniprintf_r
 .text          0x00006630       0xc8 /usr/lib/gcc/arm-none-eabi/12.2.1/../../../arm-none-eabi/lib/thumb/v7e-m+fp/hard/libg_nano.a(lib_a-wbuf.o)
                0x00006630                __swbuf_r
                0x000066e0                __swbuf
 .text          0x000066f8       0xf4 /usr/lib/gcc/arm-none-eabi/12.2.1/../../../arm-none-eabi/lib/thumb/v7e-m+fp/hard/libg_nano.a(lib_a-wsetup.o)
                0x000066f8                __swsetup_r
 .text          0x000067ec       0xb0 /usr/lib/gcc/arm-none-eabi/12.2.1/../../../arm-none-eabi/lib/thumb/v7e-m+fp/hard/libg_nano.a(lib_a-__atexit.o)
                0x000067ec                __register_exitproc
 .text          0x0000689c       0xbc /usr/lib/gcc/arm-none-eabi/12.2.1/../../../arm-none-eabi/lib/thumb/v7e-m+fp/hard/libg_nano.a(lib_a-__call_atexit.o)
                0x0000689c                __call_exitprocs
 .text          0x00006958      0x1e8 /usr/lib/gcc/arm-none-eabi/12.2.1/../../../arm-none-eabi/lib/thumb/v7e-m+fp/hard/libg_nano.a(lib_a-fflush.o)
                0x00006958                __sflush_r
                0x00006a6c                _fflush_r
                0x00006ac0                fflush
 .text          0x00006b40      0x230 /usr/lib/gcc/arm-none-eabi/12.2.1/../../../arm-none-eabi/lib/thumb/v7e-m+fp/hard/libg_nano.a(lib_a-findfp.o)
                0x00006b44                _cleanup_r
                0x00006b54                __sfmoreglue
                0x00006b84                __sfp
                0x00006d1c                _cleanup
                0x00006d30                __sinit
                0x00006d38                __sfp_lock_acquire
                0x00006d3c                __sfp_lock_release
                0x00006d40                __sinit_lock_acquire
                0x00006d44                __sinit_lock_release
                0x00006d48                __fp_lock_all
                0x00006d5c                __fp_unlock_all
 .text          0x00006d70       0x88 /usr/lib/gcc/arm-none-eabi/12.2.1/../../../arm-none-eabi/lib/thumb/v7e-m+fp/hard/libg_nano.a(lib_a-fwalk.o)
                0x00006d70                _fwalk
                0x00006db0                _fwalk_reent
 .text          0x00006df8      0x114 /usr/lib/gcc/arm-none-eabi/12.2.1/../../../arm-none-eabi/lib/thumb/v7e-m+fp/hard/libg_nano.a(lib_a-makebuf.o)
                0x00006df8                __smakebuf_r
                0x00006ebc                __swhatbuf_r
 .text          0x00006f0c        0x8 /usr/lib/gcc/arm-none-eabi/12.2.1/../../../arm-none-eabi/lib/thumb/v7e-m+fp/hard/libg_nano.a(lib_a-mlock.o)
                0x00006f0c                __malloc_lock
                0x00006f10                __malloc_unlock
 .text          0x00006f14      0x3e8 /usr/lib/gcc/arm-none-eabi/12.2.1/../../../arm-none-eabi/lib/thumb/v7e-m+fp/hard/libg_nano.a(lib_a-nano-svfprintf.o)
                0x00006f14                __ssputs_r
                0x00006fd8                __ssprint_r
                0x000070d4                _svfprintf_r
                0x000070d4                _svfiprintf_r
 .text          0x000072fc      0x33c /usr/lib/gcc/arm-none-eabi/12.2.1/../../../arm-none-eabi/lib/thumb/v7e-m+fp/hard/libg_nano.a(lib_a-nano-vfprintf.o)
                0x00007338                __sfputs_r
                0x00007368                __sprint_r
                0x00007388                _vfiprintf_r
                0x00007388                _vfprintf_r
                0x0000761c                vfiprintf
                0x0000761c                vfprintf
 .text          0x00007638      0x3d0 /usr/lib/gcc/arm-none-eabi/12.2.1/../../../arm-none-eabi/lib/thumb/v7e-m+fp/hard/libg_nano.a(lib_a-nano-vfprintf_i.o)
                0x00007638                _printf_common
                0x00007760                _printf_i
 .text          0x00007a08       0x94 /usr/lib/gcc/arm-none-eabi/12.2.1/../../../arm-none-eabi/lib/thumb/v7e-m+fp/hard/libg_nano.a(lib_a-stdio.o)
                0x00007a08                __sread
                0x00007a2c                __seofread
                0x00007a30                __swrite
                0x00007a70                __sseek
                0x00007a94                __sclose
 .text          0x00007a9c       0x2c /usr/lib/gcc/arm-none-eabi/12.2.1/../../../arm-none-eabi/lib/thumb/v7e-m+fp/hard/libg_nano.a(lib_a-writer.o)
                0x00007a9c                _write_r
 .text          0x00007ac8       0x24 /usr/lib/gcc/arm-none-eabi/12.2.1/../../../arm-none-eabi/lib/thumb/v7e-m+fp/hard/libg_nano.a(lib_a-closer.o)
                0x00007ac8                _close_r
 .text          0x00007aec       0x2c /usr/lib/gcc/arm-none-eabi/12.2.1/../../../arm-none-eabi/lib/thumb/v7e-m+fp/hard/libg_nano.a(lib_a-fstatr.o)
                0x00007aec                _fstat_r
 .text          0x00007b18      0x2e4 /usr/lib/gcc/arm-none-eabi/12.2.1/../../../arm-none-eabi/lib/thumb/v7e-m+fp/hard/libg_nano.a(lib_a-fvwrite.o)
                0x00007b18                __sfvwrite_r
 .text          0x00007dfc       0x24 /usr/lib/gcc/arm-none-eabi/12.2.1/../../../arm-none-eabi/lib/thumb/v7e-m+fp/hard/libg_nano.a(lib_a-isattyr.o)
                0x00007dfc                _isatty_r
 .text          0x00007e20       0x2c /usr/lib/gcc/arm-none-eabi/12.2.1/../../../arm-none-eabi/lib/thumb/v7e-m+fp/hard/libg_nano.a(lib_a-lseekr.o)
                0x00007e20                _lseek_r
 *fill*         0x00007e4c        0x4 
 .text          0x00007e50       0xa0 /usr/lib/gcc/arm-none-eabi/12.2.1/../../../arm-none-eabi/lib/thumb/v7e-m+fp/hard/libg_nano.a(lib_a-memchr.o)
                0x00007e50                memchr
 .text          0x00007ef0       0x50 /usr/lib/gcc/arm-none-eabi/12.2.1/../../../arm-none-eabi/lib/thumb/v7e-m+fp/hard/libg_nano.a(lib_a-nano-reallocr.o)
                0x00007ef0                _realloc_r
 .text          0x00007f40       0x2c /usr/lib/gcc/arm-none-eabi/12.2.1/../../../arm-none-eabi/lib/thumb/v7e-m+fp/hard/libg_nano.a(lib_a-readr.o)
                0x00007f40                _read_r
 .text          0x00007f6c       0x14 /usr/lib/gcc/arm-none-eabi/12.2.1/../../../arm-none-eabi/lib/thumb/v7e-m+fp/hard/libg_nano.a(lib_a-nano-msizer.o)
                0x00007f6c                _malloc_usable_size_r
 .text          0x00007f80       0x10 /usr/lib/gcc/arm-none-eabi/12.2.1/../../../arm-none-eabi/lib/thumb/v7e-m+fp/hard/libnosys.a(fstat.o)
                0x00007f80                _fstat
 .text          0x00007f90       0x10 /usr/lib/gcc/arm-none-eabi/12.2.1/../../../arm-none-eabi/lib/thumb/v7e-m+fp/hard/libnosys.a(isatty.o)
                0x00007f90                _isatty
 .text          0x00007fa0       0x1c /usr/lib/gcc/arm-none-eabi/12.2.1/../../../arm-none-eabi/lib/thumb/v7e-m+fp/hard/libnosys.a(sbrk.o)
                0x00007fa0                _sbrk
 .text          0x00007fbc        0x4 /usr/lib/gcc/arm-none-eabi/12.2.1/../../../arm-none-eabi/lib/thumb/v7e-m+fp/hard/libnosys.a(_exit.o)
                0x00007fbc                _exit
 *(.init)
 .init          0x00007fc0        0x4 /usr/lib/gcc/arm-none-eabi/12.2.1/thumb/v7e-m+fp/hard/crti.o
                0x00007fc0                _init
 .init          0x00007fc4        0x8 /usr/lib/gcc/arm-none-eabi/12.2.1/thumb/v7e-m+fp/hard/crtn.o
 *(.fini)
 .fini          0x00007fcc        0x4 /usr/lib/gcc/arm-none-eabi/12.2.1/thumb/v7e-m+fp/hard/crti.o
                0x00007fcc                _fini
 .fini          0x00007fd0        0x8 /usr/lib/gcc/arm-none-eabi/12.2.1/thumb/v7e-m+fp/hard/crtn.o
 *crtbegin.o(.ctors)
 *crtbegin?.o(.ctors)
 *(EXCLUDE_FILE(*crtend.o *crtend?.o) .ctors)
 *(SORT_BY_NAME(.ctors.*))
 *(.ctors)
 *crtbegin.o(.dtors)
 *crtbegin?.o(.dtors)
 *(EXCLUDE_FILE(*crtend.o *crtend?.o) .dtors)
 *(SORT_BY_NAME(.dtors.*))
 *(.dtors)
 *(.rodata*)
 .rodata.CLI_string_ptr_get_subcmd.str1.1
                0x00007fd8        0xc /sdcard/vaman/arm/codes/sevenseg/loop/GCC_Project/output/cli_args.o
 .rodata.CLI_numX_getshow_X.str1.1
                0x00007fe4       0x23 /sdcard/vaman/arm/codes/sevenseg/loop/GCC_Project/output/cli_args.o
 .rodata.handle_help.str1.1
                0x00008007       0x2e /sdcard/vaman/arm/codes/sevenseg/loop/GCC_Project/output/cli_loop.o
                                 0x33 (size before relaxing)
 .rodata.CLI_cmd_stack_push.str1.1
                0x00008035       0x1a /sdcard/vaman/arm/codes/sevenseg/loop/GCC_Project/output/cli_loop.o
 .rodata.CLI_cmd_stack_pop.str1.1
                0x0000804f       0x16 /sdcard/vaman/arm/codes/sevenseg/loop/GCC_Project/output/cli_loop.o
 .rodata.handle_exit.str1.1
                0x00008065        0xa /sdcard/vaman/arm/codes/sevenseg/loop/GCC_Project/output/cli_loop.o
 .rodata.CLI_print_prompt.str1.1
                0x0000806f        0xd /sdcard/vaman/arm/codes/sevenseg/loop/GCC_Project/output/cli_loop.o
 .rodata.CLI_dispatch_subcmd.str1.1
                0x0000807c       0x2a /sdcard/vaman/arm/codes/sevenseg/loop/GCC_Project/output/cli_loop.o
 .rodata.CLI_dispatch.str1.1
                0x000080a6       0x21 /sdcard/vaman/arm/codes/sevenseg/loop/GCC_Project/output/cli_loop.o
 .rodata.CLI_verror.str1.1
                0x000080c7        0x8 /sdcard/vaman/arm/codes/sevenseg/loop/GCC_Project/output/cli_loop.o
 .rodata.CLI_rx_byte.str1.1
                0x000080cf        0x9 /sdcard/vaman/arm/codes/sevenseg/loop/GCC_Project/output/cli_loop.o
 .rodata._backspace.0
                0x000080d8        0x4 /sdcard/vaman/arm/codes/sevenseg/loop/GCC_Project/output/cli_loop.o
 .rodata.str1.1
                0x000080dc       0x21 /sdcard/vaman/arm/codes/sevenseg/loop/GCC_Project/output/cli_loop.o
                                 0x26 (size before relaxing)
 *fill*         0x000080fd        0x3 
 .rodata.std_cmds
                0x00008100       0x40 /sdcard/vaman/arm/codes/sevenseg/loop/GCC_Project/output/cli_loop.o
 .rodata.CLI_error_missing_parameter.str1.1
                0x00008140        0xd /sdcard/vaman/arm/codes/sevenseg/loop/GCC_Project/output/cli_misc.o
 .rodata.CLI_error_not_a_number.str1.1
                0x0000814d       0x17 /sdcard/vaman/arm/codes/sevenseg/loop/GCC_Project/output/cli_misc.o
 .rodata.CLI_task.str1.1
                0x00008164       0x42 /sdcard/vaman/arm/codes/sevenseg/loop/GCC_Project/output/cli_platform.o
 .rodata.CLI_start_task.str1.1
                0x000081a6       0x3f /sdcard/vaman/arm/codes/sevenseg/loop/GCC_Project/output/cli_platform.o
 .rodata.dbg_str.str1.1
                0x000081e5        0x3 /sdcard/vaman/arm/codes/sevenseg/loop/GCC_Project/output/dbg_uart.o
 .rodata._colon_tt.0
                0x000081e8        0x4 /sdcard/vaman/arm/codes/sevenseg/loop/GCC_Project/output/dbg_uart.o
 .rodata.HAL_PAD_Config.str1.1
                0x000081ec       0x39 /sdcard/vaman/arm/codes/sevenseg/loop/GCC_Project/output/eoss3_hal_pad_config.o
 .rodata.IO_INPUT_PAD_SEL
                0x00008225       0x10 /sdcard/vaman/arm/codes/sevenseg/loop/GCC_Project/output/eoss3_hal_pad_config.o
                0x00008225                IO_INPUT_PAD_SEL
 .rodata.SEL_EXT_PAD_REGS
                0x00008235      0x160 /sdcard/vaman/arm/codes/sevenseg/loop/GCC_Project/output/eoss3_hal_pad_config.o
                0x00008235                SEL_EXT_PAD_REGS
 .rodata.unlock_spi1_bus.str1.1
                0x00008395       0x36 /sdcard/vaman/arm/codes/sevenseg/loop/GCC_Project/output/eoss3_hal_spi.o
 .rodata.SendEventToTimerThread.str1.1
                0x000083cb       0x82 /sdcard/vaman/arm/codes/sevenseg/loop/GCC_Project/output/eoss3_hal_timer.o
 .rodata.HAL_Timer_ISR.str1.1
                0x0000844d       0x20 /sdcard/vaman/arm/codes/sevenseg/loop/GCC_Project/output/eoss3_hal_timer.o
 .rodata.__FUNCTION__.6
                0x0000846d        0xe /sdcard/vaman/arm/codes/sevenseg/loop/GCC_Project/output/eoss3_hal_timer.o
 .rodata.uart_init.str1.1
                0x0000847b        0xc /sdcard/vaman/arm/codes/sevenseg/loop/GCC_Project/output/eoss3_hal_uart.o
 *fill*         0x00008487        0x1 
 .rodata.CSWTCH.25
                0x00008488       0x28 /sdcard/vaman/arm/codes/sevenseg/loop/GCC_Project/output/eoss3_hal_uart.o
 .rodata.WDT_ISR.str1.1
                0x000084b0       0x4d /sdcard/vaman/arm/codes/sevenseg/loop/GCC_Project/output/eoss3_hal_wdt.o
 .rodata.__FUNCTION__.2
                0x000084fd        0x8 /sdcard/vaman/arm/codes/sevenseg/loop/GCC_Project/output/eoss3_hal_wdt.o
 .rodata.spurious_interrupt.str1.1
                0x00008505        0xd /sdcard/vaman/arm/codes/sevenseg/loop/GCC_Project/output/exceptions.o
 .rodata.prvGetRegistersFromStack.str1.1
                0x00008512       0x41 /sdcard/vaman/arm/codes/sevenseg/loop/GCC_Project/output/exceptions.o
                                 0x44 (size before relaxing)
 .rodata.vApplicationMallocFailedHook.str1.1
                0x00008553       0x20 /sdcard/vaman/arm/codes/sevenseg/loop/GCC_Project/output/exceptions.o
 .rodata.vApplicationStackOverflowHook.str1.1
                0x00008573       0x21 /sdcard/vaman/arm/codes/sevenseg/loop/GCC_Project/output/exceptions.o
 .rodata.pvPortMalloc.str1.1
                0x00008594       0x3d /sdcard/vaman/arm/codes/sevenseg/loop/GCC_Project/output/heap_4.o
 .rodata.vPortFree.str1.1
                0x000085d1       0x35 /sdcard/vaman/arm/codes/sevenseg/loop/GCC_Project/output/heap_4.o
 .rodata.main.str1.1
                0x00008606       0xcb /sdcard/vaman/arm/codes/sevenseg/loop/GCC_Project/output/main.o
                                 0xd0 (size before relaxing)
 .rodata.set_gpio_input.str1.1
                0x000086d1        0x3 /sdcard/vaman/arm/codes/sevenseg/loop/GCC_Project/output/main_dbg_cli_menu.o
 .rodata.set_gpio_output.str1.1
                0x000086d4        0x3 /sdcard/vaman/arm/codes/sevenseg/loop/GCC_Project/output/main_dbg_cli_menu.o
                                  0x4 (size before relaxing)
 .rodata.get_gpio_value.str1.1
                0x000086d4       0x11 /sdcard/vaman/arm/codes/sevenseg/loop/GCC_Project/output/main_dbg_cli_menu.o
 .rodata.str1.1
                0x000086e5       0x6e /sdcard/vaman/arm/codes/sevenseg/loop/GCC_Project/output/main_dbg_cli_menu.o
 *fill*         0x00008753        0x1 
 .rodata.my_main_menu
                0x00008754       0x20 /sdcard/vaman/arm/codes/sevenseg/loop/GCC_Project/output/main_dbg_cli_menu.o
                0x00008754                my_main_menu
 .rodata.qorc_gpioctlr
                0x00008774       0x40 /sdcard/vaman/arm/codes/sevenseg/loop/GCC_Project/output/main_dbg_cli_menu.o
                0x00008774                qorc_gpioctlr
 .rodata.prvTaskExitError.str1.1
                0x000087b4       0x50 /sdcard/vaman/arm/codes/sevenseg/loop/GCC_Project/output/port.o
 .rodata.xQueueGenericReset.str1.1
                0x00008804       0x2b /sdcard/vaman/arm/codes/sevenseg/loop/GCC_Project/output/queue.o
 .rodata.S3x_Clk_Init.str1.1
                0x0000882f       0x41 /sdcard/vaman/arm/codes/sevenseg/loop/GCC_Project/output/s3x_clock.o
 .rodata.DFS_StartTimer.str1.1
                0x00008870       0x42 /sdcard/vaman/arm/codes/sevenseg/loop/GCC_Project/output/s3x_dfs.o
 .rodata.S3x_Set_Policy.str1.1
                0x000088b2       0x17 /sdcard/vaman/arm/codes/sevenseg/loop/GCC_Project/output/s3x_dfs.o
 .rodata.s3x_pi_set_active_st.str1.1
                0x000088c9       0x2f /sdcard/vaman/arm/codes/sevenseg/loop/GCC_Project/output/s3x_pi.o
 .rodata.__func__.0
                0x000088f8       0x15 /sdcard/vaman/arm/codes/sevenseg/loop/GCC_Project/output/s3x_pi.o
 .rodata.save_assert_info.str1.1
                0x0000890d       0x1c /sdcard/vaman/arm/codes/sevenseg/loop/GCC_Project/output/sec_debug.o
 .rodata.invoke_soft_fault.str1.1
                0x00008929        0xc /sdcard/vaman/arm/codes/sevenseg/loop/GCC_Project/output/sec_debug.o
 .rodata        0x00008935        0x8 /sdcard/vaman/arm/codes/sevenseg/loop/GCC_Project/output/sec_debug.o
 .rodata.prvTaskIsTaskSuspended.str1.1
                0x0000893d       0x2b /sdcard/vaman/arm/codes/sevenseg/loop/GCC_Project/output/tasks.o
 .rodata.prvCheckForValidListAndQueue.str1.1
                0x00008968        0x5 /sdcard/vaman/arm/codes/sevenseg/loop/GCC_Project/output/timers.o
 .rodata.xTimerCreateTimerTask.str1.1
                0x0000896d       0x34 /sdcard/vaman/arm/codes/sevenseg/loop/GCC_Project/output/timers.o
 *fill*         0x000089a1        0x3 
 .rodata        0x000089a4        0x4 /usr/lib/gcc/arm-none-eabi/12.2.1/../../../arm-none-eabi/lib/thumb/v7e-m+fp/hard/libg_nano.a(lib_a-impure.o)
                0x000089a4                _global_impure_ptr
 .rodata        0x000089a8      0x101 /usr/lib/gcc/arm-none-eabi/12.2.1/../../../arm-none-eabi/lib/thumb/v7e-m+fp/hard/libg_nano.a(lib_a-ctype_.o)
                0x000089a8                _ctype_
 *fill*         0x00008aa9        0x3 
 .rodata        0x00008aac       0x60 /usr/lib/gcc/arm-none-eabi/12.2.1/../../../arm-none-eabi/lib/thumb/v7e-m+fp/hard/libg_nano.a(lib_a-findfp.o)
                0x00008aac                __sf_fake_stderr
                0x00008acc                __sf_fake_stdout
                0x00008aec                __sf_fake_stdin
 .rodata.str1.4
                0x00008b0c       0x13 /usr/lib/gcc/arm-none-eabi/12.2.1/../../../arm-none-eabi/lib/thumb/v7e-m+fp/hard/libg_nano.a(lib_a-nano-svfprintf.o)
 .rodata.str1.4
                0x00008b1f       0x13 /usr/lib/gcc/arm-none-eabi/12.2.1/../../../arm-none-eabi/lib/thumb/v7e-m+fp/hard/libg_nano.a(lib_a-nano-vfprintf.o)
 *fill*         0x00008b1f        0x1 
 .rodata.str1.4
                0x00008b20       0x25 /usr/lib/gcc/arm-none-eabi/12.2.1/../../../arm-none-eabi/lib/thumb/v7e-m+fp/hard/libg_nano.a(lib_a-nano-vfprintf_i.o)
 *(.eh_fram e*)

.eh_frame       0x00008b48        0x0
 .eh_frame      0x00008b48        0x0 /usr/lib/gcc/arm-none-eabi/12.2.1/thumb/v7e-m+fp/hard/crtbegin.o

.glue_7         0x00008b48        0x0
 .glue_7        0x00008b48        0x0 linker stubs

.glue_7t        0x00008b48        0x0
 .glue_7t       0x00008b48        0x0 linker stubs

.vfp11_veneer   0x00008b48        0x0
 .vfp11_veneer  0x00008b48        0x0 linker stubs

.v4_bx          0x00008b48        0x0
 .v4_bx         0x00008b48        0x0 linker stubs

.iplt           0x00008b48        0x0
 .iplt          0x00008b48        0x0 /usr/lib/gcc/arm-none-eabi/12.2.1/thumb/v7e-m+fp/hard/crtbegin.o

.ARM.extab
 *(.ARM.extab* .gnu.linkonce.armextab.*)
                0x00008b45                        __exidx_start = .

.ARM.exidx      0x00008b48        0x8
 *(.ARM.exidx* .gnu.linkonce.armexidx.*)
 .ARM.exidx     0x00008b48        0x8 /usr/lib/gcc/arm-none-eabi/12.2.1/../../../arm-none-eabi/lib/thumb/v7e-m+fp/hard/crt0.o
                                 0x10 (size before relaxing)
 .ARM.exidx     0x00008b50        0x0 /usr/lib/gcc/arm-none-eabi/12.2.1/thumb/v7e-m+fp/hard/libgcc.a(_udivmoddi4.o)
                                  0x8 (size before relaxing)
                0x00008b50                        __exidx_end = .
                0x00008b50                        __etext = .
                0x00008b50                        _sidata = __etext

.rel.dyn        0x00008b50        0x0
 .rel.iplt      0x00008b50        0x0 /usr/lib/gcc/arm-none-eabi/12.2.1/thumb/v7e-m+fp/hard/crtbegin.o

.data           0x20027000      0x8fc load address 0x00008b50
                0x20027000                        __data_start__ = .
                0x20027000                        _sdata = __data_start__
 *(vtable)
 *(.data*)
 .data.pcDbgBufferLim
                0x20027000        0x4 /sdcard/vaman/arm/codes/sevenseg/loop/GCC_Project/output/dbg_uart.o
                0x20027000                pcDbgBufferLim
 .data.pcDbgBuffer
                0x20027004        0x4 /sdcard/vaman/arm/codes/sevenseg/loop/GCC_Project/output/dbg_uart.o
                0x20027004                pcDbgBuffer
 .data._semihost_handle
                0x20027008        0x4 /sdcard/vaman/arm/codes/sevenseg/loop/GCC_Project/output/dbg_uart.o
                0x20027008                _semihost_handle
 .data._dbg_uart_id
                0x2002700c        0x4 /sdcard/vaman/arm/codes/sevenseg/loop/GCC_Project/output/dbg_uart.o
                0x2002700c                _dbg_uart_id
 .data.rtc_alarm_interval
                0x20027010        0x4 /sdcard/vaman/arm/codes/sevenseg/loop/GCC_Project/output/eoss3_hal_rtc.o
 .data.sizeof_pincfg_table
                0x20027014        0x4 /sdcard/vaman/arm/codes/sevenseg/loop/GCC_Project/output/pincfg_table.o
                0x20027014                sizeof_pincfg_table
 .data.pincfg_table
                0x20027018       0xc0 /sdcard/vaman/arm/codes/sevenseg/loop/GCC_Project/output/pincfg_table.o
                0x20027018                pincfg_table
 .data.uxCriticalNesting
                0x200270d8        0x4 /sdcard/vaman/arm/codes/sevenseg/loop/GCC_Project/output/port.o
 .data.S3x_Clk_Domain_Gate_info
                0x200270dc       0x90 /sdcard/vaman/arm/codes/sevenseg/loop/GCC_Project/output/s3x_clock.o
                0x200270dc                S3x_Clk_Domain_Gate_info
 .data.stepdown_clkd_index
                0x2002716c        0x4 /sdcard/vaman/arm/codes/sevenseg/loop/GCC_Project/output/s3x_dfs.o
                0x2002716c                stepdown_clkd_index
 .data.stepup_clkd_index
                0x20027170        0x4 /sdcard/vaman/arm/codes/sevenseg/loop/GCC_Project/output/s3x_dfs.o
                0x20027170                stepup_clkd_index
 .data.policyCurrent
                0x20027174        0x1 /sdcard/vaman/arm/codes/sevenseg/loop/GCC_Project/output/s3x_dfs.o
 .data.s3x_dfs_enable
                0x20027175        0x1 /sdcard/vaman/arm/codes/sevenseg/loop/GCC_Project/output/s3x_dfs.o
 .data.S3x_Gate_PI_info
                0x20027176       0x48 /sdcard/vaman/arm/codes/sevenseg/loop/GCC_Project/output/s3x_pi.o
                0x20027176                S3x_Gate_PI_info
 *fill*         0x200271be        0x2 
 .data.dfs_node
                0x200271c0       0xa0 /sdcard/vaman/arm/codes/sevenseg/loop/GCC_Project/output/s3x_pwrcfg.o
                0x200271c0                dfs_node
 .data.policyInitial
                0x20027260        0x1 /sdcard/vaman/arm/codes/sevenseg/loop/GCC_Project/output/s3x_pwrcfg.o
                0x20027260                policyInitial
 *fill*         0x20027261        0x1 
 .data.S3Pi     0x20027262      0x1dc /sdcard/vaman/arm/codes/sevenseg/loop/GCC_Project/output/s3x_pwrcfg.o
                0x20027262                S3Pi
 *fill*         0x2002743e        0x2 
 .data.S3clk    0x20027440      0x450 /sdcard/vaman/arm/codes/sevenseg/loop/GCC_Project/output/s3x_pwrcfg.o
                0x20027440                S3clk
 .data          0x20027890       0x64 /usr/lib/gcc/arm-none-eabi/12.2.1/../../../arm-none-eabi/lib/thumb/v7e-m+fp/hard/libg_nano.a(lib_a-impure.o)
                0x20027890                _impure_ptr
                0x200278f4                        . = ALIGN (0x4)
                0x200278f4                        PROVIDE (__preinit_array_start = .)
 *(.preinit_array)
                0x200278f4                        PROVIDE (__preinit_array_end = .)
                0x200278f4                        . = ALIGN (0x4)
                0x200278f4                        PROVIDE (__init_array_start = .)
 *(SORT_BY_NAME(.init_array.*))
 *(.init_array)
 .init_array    0x200278f4        0x4 /usr/lib/gcc/arm-none-eabi/12.2.1/thumb/v7e-m+fp/hard/crtbegin.o
                0x200278f8                        PROVIDE (__init_array_end = .)
                0x200278f8                        . = ALIGN (0x4)
                0x200278f8                        PROVIDE (__fini_array_start = .)
 *(SORT_BY_NAME(.fini_array.*))
 *(.fini_array)
 .fini_array    0x200278f8        0x4 /usr/lib/gcc/arm-none-eabi/12.2.1/thumb/v7e-m+fp/hard/crtbegin.o
                0x200278fc                        PROVIDE (__fini_array_end = .)
 *(.jcr*)
                0x200278fc                        . = ALIGN (0x4)
                0x200278fc                        __data_end__ = .
                0x200278fc                        _edata = __data_end__

.tm_clone_table
                0x200278fc        0x0 load address 0x0000944c
 .tm_clone_table
                0x200278fc        0x0 /usr/lib/gcc/arm-none-eabi/12.2.1/thumb/v7e-m+fp/hard/crtbegin.o
 .tm_clone_table
                0x200278fc        0x0 /usr/lib/gcc/arm-none-eabi/12.2.1/thumb/v7e-m+fp/hard/crtend.o

.igot.plt       0x200278fc        0x0 load address 0x0000944c
 .igot.plt      0x200278fc        0x0 /usr/lib/gcc/arm-none-eabi/12.2.1/thumb/v7e-m+fp/hard/crtbegin.o

.Hardware       0x20064000        0x0
                0x20064000                        __hwa_start__ = .
 *(*HWA*)
                0x20064000                        __hwa_end__ = .

.bss            0x20027900    0x10030
                0x20027900                        . = ALIGN (0x4)
                0x20027900                        __bss_start__ = .
                0x20027900                        _sbss = __bss_start__
 *(.bss*)
 .bss           0x20027900       0x1c /usr/lib/gcc/arm-none-eabi/12.2.1/thumb/v7e-m+fp/hard/crtbegin.o
 .bss.outbuf.0  0x2002791c       0x64 /sdcard/vaman/arm/codes/sevenseg/loop/GCC_Project/output/cli_io.o
 .bss.last_was_cr.1
                0x20027980        0x4 /sdcard/vaman/arm/codes/sevenseg/loop/GCC_Project/output/cli_loop.o
 .bss.xHandleTestCli
                0x20027984        0x4 /sdcard/vaman/arm/codes/sevenseg/loop/GCC_Project/output/cli_platform.o
                0x20027984                xHandleTestCli
 .bss.CLI_common
                0x20027988      0x268 /sdcard/vaman/arm/codes/sevenseg/loop/GCC_Project/output/cli_platform.o
                0x20027988                CLI_common
 .bss.fSkipSemi
                0x20027bf0        0x1 /sdcard/vaman/arm/codes/sevenseg/loop/GCC_Project/output/dbg_uart.o
                0x20027bf0                fSkipSemi
 .bss.acDbgBuffer
                0x20027bf1      0x800 /sdcard/vaman/arm/codes/sevenseg/loop/GCC_Project/output/dbg_uart.o
                0x20027bf1                acDbgBuffer
 *fill*         0x200283f1        0x3 
 .bss.__debug_fatal__
                0x200283f4        0x4 /sdcard/vaman/arm/codes/sevenseg/loop/GCC_Project/output/dbg_uart.o
                0x200283f4                __debug_fatal__
 .bss.fPadIsConfig
                0x200283f8        0x8 /sdcard/vaman/arm/codes/sevenseg/loop/GCC_Project/output/eoss3_hal_pad_config.o
                0x200283f8                fPadIsConfig
 .bss.rtc_cb_func
                0x20028400        0x4 /sdcard/vaman/arm/codes/sevenseg/loop/GCC_Project/output/eoss3_hal_rtc.o
 .bss.xWaitForIntr
                0x20028404        0x4 /sdcard/vaman/arm/codes/sevenseg/loop/GCC_Project/output/eoss3_hal_spi.o
 .bss.xLockSPI1Bus
                0x20028408        0x4 /sdcard/vaman/arm/codes/sevenseg/loop/GCC_Project/output/eoss3_hal_spi.o
 .bss.SPIHandle
                0x2002840c        0x4 /sdcard/vaman/arm/codes/sevenseg/loop/GCC_Project/output/eoss3_hal_spi.o
                0x2002840c                SPIHandle
 .bss.TimerQueue
                0x20028410        0x4 /sdcard/vaman/arm/codes/sevenseg/loop/GCC_Project/output/eoss3_hal_timer.o
 .bss.TimerToExpire
                0x20028414        0x4 /sdcard/vaman/arm/codes/sevenseg/loop/GCC_Project/output/eoss3_hal_timer.o
 .bss.uart_bad_tx_char
                0x20028418        0x4 /sdcard/vaman/arm/codes/sevenseg/loop/GCC_Project/output/eoss3_hal_uart.o
                0x20028418                uart_bad_tx_char
 .bss.uart_vars
                0x2002841c       0x44 /sdcard/vaman/arm/codes/sevenseg/loop/GCC_Project/output/eoss3_hal_uart.o
 .bss.isrcount.1
                0x20028460        0x4 /sdcard/vaman/arm/codes/sevenseg/loop/GCC_Project/output/eoss3_hal_wdt.o
 .bss.WDT_Handle
                0x20028464       0x10 /sdcard/vaman/arm/codes/sevenseg/loop/GCC_Project/output/eoss3_hal_wdt.o
 .bss.FB_ISR    0x20028474       0x10 /sdcard/vaman/arm/codes/sevenseg/loop/GCC_Project/output/exceptions.o
                0x20028474                FB_ISR
 .bss.urxcount  0x20028484        0x4 /sdcard/vaman/arm/codes/sevenseg/loop/GCC_Project/output/exceptions.o
                0x20028484                urxcount
 .bss.ucount    0x20028488        0x4 /sdcard/vaman/arm/codes/sevenseg/loop/GCC_Project/output/exceptions.o
                0x20028488                ucount
 .bss.hardfault_loop
                0x2002848c        0x4 /sdcard/vaman/arm/codes/sevenseg/loop/GCC_Project/output/exceptions.o
                0x2002848c                hardfault_loop
 .bss.gv_hardfault_args
                0x20028490       0x28 /sdcard/vaman/arm/codes/sevenseg/loop/GCC_Project/output/exceptions.o
                0x20028490                gv_hardfault_args
 .bss.xBlockAllocatedBit
                0x200284b8        0x4 /sdcard/vaman/arm/codes/sevenseg/loop/GCC_Project/output/heap_4.o
 .bss.xMinimumEverFreeBytesRemaining
                0x200284bc        0x4 /sdcard/vaman/arm/codes/sevenseg/loop/GCC_Project/output/heap_4.o
 .bss.xFreeBytesRemaining
                0x200284c0        0x4 /sdcard/vaman/arm/codes/sevenseg/loop/GCC_Project/output/heap_4.o
 .bss.pxEnd     0x200284c4        0x4 /sdcard/vaman/arm/codes/sevenseg/loop/GCC_Project/output/heap_4.o
 .bss.xStart    0x200284c8        0x8 /sdcard/vaman/arm/codes/sevenseg/loop/GCC_Project/output/heap_4.o
 .bss.ucHeap    0x200284d0     0xf000 /sdcard/vaman/arm/codes/sevenseg/loop/GCC_Project/output/heap_4.o
 .bss.SOFTWARE_VERSION_STR
                0x200374d0        0x4 /sdcard/vaman/arm/codes/sevenseg/loop/GCC_Project/output/main.o
                0x200374d0                SOFTWARE_VERSION_STR
 .bss.gpioval_input
                0x200374d4        0x1 /sdcard/vaman/arm/codes/sevenseg/loop/GCC_Project/output/main_dbg_cli_menu.o
                0x200374d4                gpioval_input
 .bss.gpionum_input
                0x200374d5        0x1 /sdcard/vaman/arm/codes/sevenseg/loop/GCC_Project/output/main_dbg_cli_menu.o
                0x200374d5                gpionum_input
 .bss.gpioval_output
                0x200374d6        0x1 /sdcard/vaman/arm/codes/sevenseg/loop/GCC_Project/output/main_dbg_cli_menu.o
                0x200374d6                gpioval_output
 .bss.gpionum_output
                0x200374d7        0x1 /sdcard/vaman/arm/codes/sevenseg/loop/GCC_Project/output/main_dbg_cli_menu.o
                0x200374d7                gpionum_output
 .bss.scratch32
                0x200374d8        0x4 /sdcard/vaman/arm/codes/sevenseg/loop/GCC_Project/output/main_dbg_cli_menu.o
                0x200374d8                scratch32
 .bss.ulMaxPRIGROUPValue
                0x200374dc        0x4 /sdcard/vaman/arm/codes/sevenseg/loop/GCC_Project/output/port.o
 .bss.ucMaxSysCallPriority